******************************************************************************
                  TI ARM Linker Unix v5.1.6                    
******************************************************************************
>> Linked Thu Oct 23 11:26:40 2014

OUTPUT FILE NAME:   <lab10.out>
ENTRY POINT SYMBOL: "_c_int00"  address: 000008ed


MEMORY CONFIGURATION

         name            origin    length      used     unused   attr    fill
----------------------  --------  ---------  --------  --------  ----  --------
  FLASH                 00000000   00100000  00000e96  000ff16a  R  X
  SRAM                  20000000   00040000  0000007c  0003ff84  RW X


SEGMENT ALLOCATION MAP

run origin  load origin   length   init length attrs members
----------  ----------- ---------- ----------- ----- -------
00000000    00000000    00000e98   00000e98    r-x
  00000000    00000000    00000208   00000208    r-- .intvecs
  00000208    00000208    00000992   00000992    r-x .text
  00000b9c    00000b9c    000002c4   000002c4    r-- .const
  00000e60    00000e60    00000038   00000038    r-- .cinit
20000000    20000000    0000007c   00000000    rw-
  20000000    20000000    00000064   00000000    rw- .stack
  20000064    20000064    00000014   00000000    rw- .data
  20000078    20000078    00000004   00000000    rw- .bss


SECTION ALLOCATION MAP

 output                                  attributes/
section   page    origin      length       input sections
--------  ----  ----------  ----------   ----------------
.intvecs   0    00000000    00000208     
                  00000000    00000208     tm4c1294ncpdt_startup_ccs.obj (.intvecs)

.init_array 
*          0    00000000    00000000     UNINITIALIZED

.text      0    00000208    00000992     
                  00000208    000001fc     driverlib.lib : sysctl.obj (.text:SysCtlClockFreqSet)
                  00000404    00000138     main.obj (.text)
                  0000053c    00000130     driverlib.lib : gpio.obj (.text:GPIOPadConfigSet)
                  0000066c    0000009c     rtsv7M4_T_le_v4SPD16_eabi.lib : memcpy_t2.obj (.text)
                  00000708    00000094                                   : auto_init.obj (.text)
                  0000079c    00000060     driverlib.lib : interrupt.obj (.text:IntEnable)
                  000007fc    0000005e     rtsv7M4_T_le_v4SPD16_eabi.lib : copy_decompress_rle.obj (.text)
                  0000085a    00000002     --HOLE-- [fill = 0]
                  0000085c    00000048     driverlib.lib : gpio.obj (.text:GPIOPinConfigure)
                  000008a4    00000048                   : sysctl.obj (.text:_SysCtlFrequencyGet)
                  000008ec    00000048     rtsv7M4_T_le_v4SPD16_eabi.lib : boot.obj (.text)
                  00000934    00000044                                   : cpy_tbl.obj (.text)
                  00000978    00000044                                   : exit.obj (.text)
                  000009bc    00000040     driverlib.lib : uart.obj (.text:UARTConfigSetExpClk)
                  000009fc    00000034                   : sysctl.obj (.text:SysCtlPeripheralEnable)
                  00000a30    0000002a                   : gpio.obj (.text:GPIODirModeSet)
                  00000a5a    00000002     --HOLE-- [fill = 0]
                  00000a5c    0000001c                   : uart.obj (.text:UARTDisable)
                  00000a78    0000001c                   : sysctl.obj (.text:_SysCtlMemTimingGet)
                  00000a94    00000018                   : gpio.obj (.text:GPIOPinTypeGPIOOutput)
                  00000aac    00000018     rtsv7M4_T_le_v4SPD16_eabi.lib : args_main.obj (.text)
                  00000ac4    00000014     driverlib.lib : uart.obj (.text:UARTEnable)
                  00000ad8    00000014     rtsv7M4_T_le_v4SPD16_eabi.lib : _lock.obj (.text)
                  00000aec    00000012     driverlib.lib : gpio.obj (.text:GPIOPinTypeUART)
                  00000afe    00000012     rtsv7M4_T_le_v4SPD16_eabi.lib : copy_zero_init.obj (.text:decompress:ZI)
                  00000b10    0000000e     driverlib.lib : uart.obj (.text:UARTCharGetNonBlocking)
                  00000b1e    0000000e                   : uart.obj (.text:UARTCharPutNonBlocking)
                  00000b2c    0000000e     rtsv7M4_T_le_v4SPD16_eabi.lib : copy_decompress_none.obj (.text:decompress:none)
                  00000b3a    0000000c     driverlib.lib : cpu.obj (.text:CPUcpsie)
                  00000b46    0000000c                   : uart.obj (.text:UARTCharsAvail)
                  00000b52    0000000c     tm4c1294ncpdt_startup_ccs.obj (.text)
                  00000b5e    0000000a     driverlib.lib : interrupt.obj (.text:IntMasterEnable)
                  00000b68    0000000a                   : uart.obj (.text:UARTCharPut)
                  00000b72    0000000a                   : uart.obj (.text:UARTIntStatus)
                  00000b7c    00000008                   : uart.obj (.text:UARTIntEnable)
                  00000b84    00000006                   : gpio.obj (.text:GPIOPinWrite)
                  00000b8a    00000006                   : sysctl.obj (.text:SysCtlDelay)
                  00000b90    00000006     rtsv7M4_T_le_v4SPD16_eabi.lib : copy_decompress_rle.obj (.text:decompress:rle24)
                  00000b96    00000004     driverlib.lib : uart.obj (.text:UARTIntClear)

.const     0    00000b9c    000002c4     
                  00000b9c    00000120     driverlib.lib : sysctl.obj (.const:g_pppui32XTALtoVCO)
                  00000cbc    00000090                   : gpio.obj (.const:g_pui32GPIOBaseAddrs)
                  00000d4c    00000070                   : interrupt.obj (.const)
                  00000dbc    0000006c                   : sysctl.obj (.const:g_pui32Xtals)
                  00000e28    00000030                   : sysctl.obj (.const:g_sXTALtoMEMTIM)
                  00000e58    00000008                   : sysctl.obj (.const)

.cinit     0    00000e60    00000038     
                  00000e60    0000000f     (.cinit..data.load) [load image, compression = rle]
                  00000e6f    00000001     --HOLE-- [fill = 0]
                  00000e70    0000000c     (__TI_handler_table)
                  00000e7c    00000004     --HOLE-- [fill = 0]
                  00000e80    00000008     (.cinit..bss.load) [load image, compression = zero_init]
                  00000e88    00000010     (__TI_cinit_table)

.stack     0    20000000    00000064     UNINITIALIZED
                  20000000    00000064     --HOLE--

.data      0    20000064    00000014     UNINITIALIZED
                  20000064    00000008     rtsv7M4_T_le_v4SPD16_eabi.lib : _lock.obj (.data)
                  2000006c    00000008                                   : exit.obj (.data)
                  20000074    00000004                                   : stkdepth_vars.obj (.data)

.bss       0    20000078    00000004     UNINITIALIZED
                  20000078    00000004     (.common:ui32SysClkFreq)


LINKER GENERATED COPY TABLES

__TI_cinit_table @ 00000e88 records: 2, size/record: 8, table size: 16
	.data: load addr=00000e60, load size=0000000f bytes, run addr=20000064, run size=00000014 bytes, compression=rle
	.bss: load addr=00000e80, load size=00000008 bytes, run addr=20000078, run size=00000004 bytes, compression=zero_init


LINKER GENERATED HANDLER TABLE

__TI_handler_table @ 00000e70 records: 3, size/record: 4, table size: 12
	index: 0, handler: __TI_decompress_rle24
	index: 1, handler: __TI_decompress_none
	index: 2, handler: __TI_zero_init


GLOBAL SYMBOLS: SORTED ALPHABETICALLY BY Name 

address    name
--------   ----
00000979   C$$EXIT
00000b3b   CPUcpsie
00000a31   GPIODirModeSet
0000053d   GPIOPadConfigSet
0000085d   GPIOPinConfigure
00000a95   GPIOPinTypeGPIOOutput
00000aed   GPIOPinTypeUART
00000b85   GPIOPinWrite
0000079d   IntEnable
00000b5f   IntMasterEnable
00000b53   ResetISR
UNDEFED    SHT$$INIT_ARRAY$$Base
UNDEFED    SHT$$INIT_ARRAY$$Limit
00000209   SysCtlClockFreqSet
00000b8b   SysCtlDelay
000009fd   SysCtlPeripheralEnable
00000b11   UARTCharGetNonBlocking
00000b69   UARTCharPut
00000b1f   UARTCharPutNonBlocking
00000b47   UARTCharsAvail
000009bd   UARTConfigSetExpClk
00000a5d   UARTDisable
00000ac5   UARTEnable
00000b97   UARTIntClear
00000b7d   UARTIntEnable
00000405   UARTIntHandler
00000b73   UARTIntStatus
20000064   __STACK_END
00000064   __STACK_SIZE
20000200   __STACK_TOP
00000e88   __TI_CINIT_Base
00000e98   __TI_CINIT_Limit
00000e70   __TI_Handler_Table_Base
00000e7c   __TI_Handler_Table_Limit
00000001   __TI_args_main
00000709   __TI_auto_init
2000006c   __TI_cleanup_ptr
00000b2d   __TI_decompress_none
00000b91   __TI_decompress_rle24
20000070   __TI_dtors_ptr
00000000   __TI_static_base__
00000aff   __TI_zero_init
0000066d   __aeabi_memcpy
0000066d   __aeabi_memcpy4
0000066d   __aeabi_memcpy8
ffffffff   __binit__
ffffffff   __c_args__
20000000   __stack
00000aad   _args_main
000008ed   _c_int00
20000064   _lock
00000ae7   _nop
00000adf   _register_lock
00000ad9   _register_unlock
20000068   _unlock
0000097d   abort
ffffffff   binit
00000935   copy_in
00000985   exit
00000000   g_pfnVectors
00000457   main
20000074   main_func_sp
0000066d   memcpy
20000078   ui32SysClkFreq


GLOBAL SYMBOLS: SORTED BY Symbol Address 

address    name
--------   ----
00000000   __TI_static_base__
00000000   g_pfnVectors
00000001   __TI_args_main
00000064   __STACK_SIZE
00000209   SysCtlClockFreqSet
00000405   UARTIntHandler
00000457   main
0000053d   GPIOPadConfigSet
0000066d   __aeabi_memcpy
0000066d   __aeabi_memcpy4
0000066d   __aeabi_memcpy8
0000066d   memcpy
00000709   __TI_auto_init
0000079d   IntEnable
0000085d   GPIOPinConfigure
000008ed   _c_int00
00000935   copy_in
00000979   C$$EXIT
0000097d   abort
00000985   exit
000009bd   UARTConfigSetExpClk
000009fd   SysCtlPeripheralEnable
00000a31   GPIODirModeSet
00000a5d   UARTDisable
00000a95   GPIOPinTypeGPIOOutput
00000aad   _args_main
00000ac5   UARTEnable
00000ad9   _register_unlock
00000adf   _register_lock
00000ae7   _nop
00000aed   GPIOPinTypeUART
00000aff   __TI_zero_init
00000b11   UARTCharGetNonBlocking
00000b1f   UARTCharPutNonBlocking
00000b2d   __TI_decompress_none
00000b3b   CPUcpsie
00000b47   UARTCharsAvail
00000b53   ResetISR
00000b5f   IntMasterEnable
00000b69   UARTCharPut
00000b73   UARTIntStatus
00000b7d   UARTIntEnable
00000b85   GPIOPinWrite
00000b8b   SysCtlDelay
00000b91   __TI_decompress_rle24
00000b97   UARTIntClear
00000e70   __TI_Handler_Table_Base
00000e7c   __TI_Handler_Table_Limit
00000e88   __TI_CINIT_Base
00000e98   __TI_CINIT_Limit
20000000   __stack
20000064   __STACK_END
20000064   _lock
20000068   _unlock
2000006c   __TI_cleanup_ptr
20000070   __TI_dtors_ptr
20000074   main_func_sp
20000078   ui32SysClkFreq
20000200   __STACK_TOP
ffffffff   __binit__
ffffffff   __c_args__
ffffffff   binit
UNDEFED    SHT$$INIT_ARRAY$$Base
UNDEFED    SHT$$INIT_ARRAY$$Limit

[64 symbols]
