******************************************************************************
                  TI ARM Linker Unix v5.1.6                    
******************************************************************************
>> Linked Tue Nov 18 22:07:11 2014

OUTPUT FILE NAME:   <launchpad-gps.out>
ENTRY POINT SYMBOL: "_c_int00"  address: 00006941


MEMORY CONFIGURATION

         name            origin    length      used     unused   attr    fill
----------------------  --------  ---------  --------  --------  ----  --------
  FLASH                 00000000   00100000  000071d6  000f8e2a  R  X
  SRAM                  20000000   00040000  0000248b  0003db75  RW X


SEGMENT ALLOCATION MAP

run origin  load origin   length   init length attrs members
----------  ----------- ---------- ----------- ----- -------
00000000    00000000    000071d8   000071d8    r-x
  00000000    00000000    00000208   00000208    r-- .intvecs
  00000208    00000208    00006bce   00006bce    r-x .text
  00006dd8    00006dd8    000003b8   000003b8    r-- .const
  00007190    00007190    00000048   00000048    r-- .cinit
20000000    20000000    0000248e   00000000    rw-
  20000000    20000000    00001000   00000000    rw- .stack
  20001000    20001000    00001000   00000000    rw- .sysmem
  20002000    20002000    00000465   00000000    rw- .bss
  20002468    20002468    00000026   00000000    rw- .data


SECTION ALLOCATION MAP

 output                                  attributes/
section   page    origin      length       input sections
--------  ----  ----------  ----------   ----------------
.intvecs   0    00000000    00000208     
                  00000000    00000208     tm4c1294ncpdt_startup_ccs.obj (.intvecs)

.init_array 
*          0    00000000    00000000     UNINITIALIZED

.text      0    00000208    00006bce     
                  00000208    00002a24     ff.obj (.text)
                  00002c2c    00000ec0     rtsv7M4_T_le_v4SPD16_eabi.lib : _printfi.obj (.text)
                  00003aec    00000c84     ustdlib.obj (.text)
                  00004770    000009d8     mmc-ek-tm4c1294xl.obj (.text)
                  00005148    00000630     main.obj (.text)
                  00005778    000003cc     rtsv7M4_T_le_v4SPD16_eabi.lib : memory.obj (.text)
                  00005b44    000001fc     driverlib.lib : sysctl.obj (.text:SysCtlClockFreqSet)
                  00005d40    000001f4     rtsv7M4_T_le_v4SPD16_eabi.lib : ull_div_t2.obj (.text)
                  00005f34    000001b6                                   : fd_add_t2.obj (.text)
                  000060ea    00000136                                   : fd_div_t2.obj (.text)
                  00006220    00000130     driverlib.lib : gpio.obj (.text:GPIOPadConfigSet)
                  00006350    000000fc     rtsv7M4_T_le_v4SPD16_eabi.lib : fd_mul_t2.obj (.text)
                  0000644c    0000009c                                   : memcpy_t2.obj (.text)
                  000064e8    00000094                                   : auto_init.obj (.text)
                  0000657c    00000086                                   : fd_cmp_t2.obj (.text:__aeabi_cdcmple)
                  00006602    00000086                                   : fd_cmp_t2.obj (.text:__aeabi_cdrcmple)
                  00006688    00000078                                   : memset_t2.obj (.text)
                  00006700    00000060                                   : sprintf.obj (.text)
                  00006760    0000005e                                   : copy_decompress_rle.obj (.text)
                  000067be    0000005a                                   : ltoa.obj (.text)
                  00006818    0000004c                                   : atoi.obj (.text)
                  00006864    0000004a                                   : fd_tos_t2.obj (.text)
                  000068ae    00000002     --HOLE-- [fill = 0]
                  000068b0    00000048     driverlib.lib : gpio.obj (.text:GPIOPinConfigure)
                  000068f8    00000048                   : sysctl.obj (.text:_SysCtlFrequencyGet)
                  00006940    00000048     rtsv7M4_T_le_v4SPD16_eabi.lib : boot.obj (.text)
                  00006988    00000048                                   : fd_toi_t2.obj (.text)
                  000069d0    00000044                                   : cpy_tbl.obj (.text)
                  00006a14    00000044                                   : exit.obj (.text)
                  00006a58    00000044                                   : xdtest.obj (.text)
                  00006a9c    00000042                                   : u_divt2.obj (.text)
                  00006ade    00000040     driverlib.lib : uart.obj (.text:UARTConfigSetExpClk)
                  00006b1e    00000038     rtsv7M4_T_le_v4SPD16_eabi.lib : fs_tod_t2.obj (.text)
                  00006b56    00000002     --HOLE-- [fill = 0]
                  00006b58    00000034     driverlib.lib : sysctl.obj (.text:SysCtlPeripheralEnable)
                  00006b8c    0000002e     rtsv7M4_T_le_v4SPD16_eabi.lib : i_tofd_t2.obj (.text)
                  00006bba    0000002a     driverlib.lib : gpio.obj (.text:GPIODirModeSet)
                  00006be4    0000001c                   : uart.obj (.text:UARTDisable)
                  00006c00    0000001c                   : sysctl.obj (.text:_SysCtlMemTimingGet)
                  00006c1c    0000001c     rtsv7M4_T_le_v4SPD16_eabi.lib : memccpy.obj (.text)
                  00006c38    0000001c                                   : strdup.obj (.text)
                  00006c54    00000018     driverlib.lib : gpio.obj (.text:GPIOPinTypeGPIOOutput)
                  00006c6c    00000018     rtsv7M4_T_le_v4SPD16_eabi.lib : args_main.obj (.text)
                  00006c84    00000018                                   : ll_mul_t2.obj (.text)
                  00006c9c    00000018                                   : strcmp.obj (.text)
                  00006cb4    00000014     driverlib.lib : systick.obj (.text:SysTickEnable)
                  00006cc8    00000014                   : systick.obj (.text:SysTickIntEnable)
                  00006cdc    00000014                   : uart.obj (.text:UARTEnable)
                  00006cf0    00000014     rtsv7M4_T_le_v4SPD16_eabi.lib : _lock.obj (.text)
                  00006d04    00000014                                   : strlen.obj (.text)
                  00006d18    00000012     driverlib.lib : gpio.obj (.text:GPIOPinTypeUART)
                  00006d2a    00000012     rtsv7M4_T_le_v4SPD16_eabi.lib : copy_zero_init.obj (.text:decompress:ZI)
                  00006d3c    00000012                                   : xdclass.obj (.text)
                  00006d4e    00000002     --HOLE-- [fill = 0]
                  00006d50    00000010     driverlib.lib : fpu.obj (.text:FPUEnable)
                  00006d60    00000010                   : fpu.obj (.text:FPULazyStackingEnable)
                  00006d70    00000010                   : systick.obj (.text:SysTickPeriodSet)
                  00006d80    00000010     rtsv7M4_T_le_v4SPD16_eabi.lib : strcpy.obj (.text)
                  00006d90    0000000e                                   : copy_decompress_none.obj (.text:decompress:none)
                  00006d9e    0000000c     driverlib.lib : uart.obj (.text:UARTCharsAvail)
                  00006daa    0000000c     tm4c1294ncpdt_startup_ccs.obj (.text)
                  00006db6    0000000a     driverlib.lib : uart.obj (.text:UARTCharGet)
                  00006dc0    0000000a                   : uart.obj (.text:UARTCharPut)
                  00006dca    00000006                   : gpio.obj (.text:GPIOPinWrite)
                  00006dd0    00000006     rtsv7M4_T_le_v4SPD16_eabi.lib : copy_decompress_rle.obj (.text:decompress:rle24)

.const     0    00006dd8    000003b8     
                  00006dd8    00000120     driverlib.lib : sysctl.obj (.const:g_pppui32XTALtoVCO)
                  00006ef8    00000102     rtsv7M4_T_le_v4SPD16_eabi.lib : ctype.obj (.const:.string:_ctypes_)
                  00006ffa    00000002     --HOLE-- [fill = 0]
                  00006ffc    00000090     driverlib.lib : gpio.obj (.const:g_pui32GPIOBaseAddrs)
                  0000708c    0000006c                   : sysctl.obj (.const:g_pui32Xtals)
                  000070f8    00000030     ustdlib.obj (.const:g_psDaysToMonth)
                  00007128    00000030     driverlib.lib : sysctl.obj (.const:g_sXTALtoMEMTIM)
                  00007158    0000001c     ustdlib.obj (.const)
                  00007174    00000012     ustdlib.obj (.const:.string)
                  00007186    00000002     --HOLE-- [fill = 0]
                  00007188    00000008     driverlib.lib : sysctl.obj (.const)

.cinit     0    00007190    00000048     
                  00007190    00000021     (.cinit..data.load) [load image, compression = rle]
                  000071b1    00000003     --HOLE-- [fill = 0]
                  000071b4    0000000c     (__TI_handler_table)
                  000071c0    00000008     (.cinit..bss.load) [load image, compression = zero_init]
                  000071c8    00000010     (__TI_cinit_table)

.stack     0    20000000    00001000     UNINITIALIZED
                  20000000    00001000     --HOLE--

.sysmem    0    20001000    00001000     UNINITIALIZED
                  20001000    00000008     rtsv7M4_T_le_v4SPD16_eabi.lib : memory.obj (.sysmem)
                  20001008    00000ff8     --HOLE--

.bss       0    20002000    00000465     UNINITIALIZED
                  20002000    00000234     main.obj (.bss:g_sFatFs)
                  20002234    00000224     main.obj (.bss:g_sFileObject)
                  20002458    00000004     (.common:FatFs)
                  2000245c    00000004     (.common:g_ui32SysClock)
                  20002460    00000002     (.common:Fsid)
                  20002462    00000001     (.common:CardType)
                  20002463    00000001     (.common:Timer1)
                  20002464    00000001     (.common:Timer2)

.data      0    20002468    00000026     UNINITIALIZED
                  20002468    0000000c     rtsv7M4_T_le_v4SPD16_eabi.lib : memory.obj (.data)
                  20002474    00000008                                   : _lock.obj (.data)
                  2000247c    00000008                                   : exit.obj (.data)
                  20002484    00000004                                   : stkdepth_vars.obj (.data)
                  20002488    00000004     ustdlib.obj (.data)
                  2000248c    00000002     mmc-ek-tm4c1294xl.obj (.data)


LINKER GENERATED COPY TABLES

__TI_cinit_table @ 000071c8 records: 2, size/record: 8, table size: 16
	.data: load addr=00007190, load size=00000021 bytes, run addr=20002468, run size=00000026 bytes, compression=rle
	.bss: load addr=000071c0, load size=00000008 bytes, run addr=20002000, run size=00000465 bytes, compression=zero_init


LINKER GENERATED HANDLER TABLE

__TI_handler_table @ 000071b4 records: 3, size/record: 4, table size: 12
	index: 0, handler: __TI_decompress_rle24
	index: 1, handler: __TI_decompress_none
	index: 2, handler: __TI_zero_init


GLOBAL SYMBOLS: SORTED ALPHABETICALLY BY Name 

address    name
--------   ----
00006a15   C$$EXIT
00006d51   FPUEnable
00006d61   FPULazyStackingEnable
00006bbb   GPIODirModeSet
00006221   GPIOPadConfigSet
000068b1   GPIOPinConfigure
00006c55   GPIOPinTypeGPIOOutput
00006d19   GPIOPinTypeUART
00006dcb   GPIOPinWrite
00006dab   ResetISR
UNDEFED    SHT$$INIT_ARRAY$$Base
UNDEFED    SHT$$INIT_ARRAY$$Limit
00005b45   SysCtlClockFreqSet
00006b59   SysCtlPeripheralEnable
00006cb5   SysTickEnable
00005749   SysTickHandler
00006cc9   SysTickIntEnable
00006d71   SysTickPeriodSet
00006db7   UARTCharGet
00006dc1   UARTCharPut
00006d9f   UARTCharsAvail
00006adf   UARTConfigSetExpClk
00006be5   UARTDisable
00006cdd   UARTEnable
00006d3d   _Dclass
00006a59   _Dtest
20001000   __STACK_END
00001000   __STACK_SIZE
20000200   __STACK_TOP
00001000   __SYSMEM_SIZE
000071c8   __TI_CINIT_Base
000071d8   __TI_CINIT_Limit
000071b4   __TI_Handler_Table_Base
000071c0   __TI_Handler_Table_Limit
00000001   __TI_args_main
000064e9   __TI_auto_init
2000247c   __TI_cleanup_ptr
00006d91   __TI_decompress_none
00006dd1   __TI_decompress_rle24
20002480   __TI_dtors_ptr
000037e3   __TI_printfi
00000000   __TI_static_base__
00006d2b   __TI_zero_init
0000657d   __aeabi_cdcmpeq
0000657d   __aeabi_cdcmple
00006603   __aeabi_cdrcmple
00006865   __aeabi_d2f
00006989   __aeabi_d2iz
00005f3f   __aeabi_dadd
000060eb   __aeabi_ddiv
00006351   __aeabi_dmul
00005f35   __aeabi_dsub
00006b1f   __aeabi_f2d
00006b8d   __aeabi_i2d
00006c85   __aeabi_lmul
00006689   __aeabi_memclr
00006689   __aeabi_memclr4
00006689   __aeabi_memclr8
0000644d   __aeabi_memcpy
0000644d   __aeabi_memcpy4
0000644d   __aeabi_memcpy8
0000668b   __aeabi_memset
0000668b   __aeabi_memset4
0000668b   __aeabi_memset8
00006a9d   __aeabi_uidivmod
00005d41   __aeabi_uldivmod
ffffffff   __binit__
ffffffff   __c_args__
20000000   __stack
00006c6d   _args_main
00006941   _c_int00
00006ef8   _ctypes_
20002474   _lock
00006cff   _nop
00006cf7   _register_lock
00006cf1   _register_unlock
20001000   _sys_memory
20002478   _unlock
00006a19   abort
00006819   atoi
ffffffff   binit
00005b0d   calloc
000004a9   clust2sect
000069d1   copy_in
00004b8d   disk_initialize
00004eed   disk_ioctl
00004d4b   disk_read
00004d31   disk_status
000050ef   disk_timerproc
00004dfb   disk_write
00006a21   exit
000029c1   f_chmod
00002089   f_close
00002483   f_getfree
000020a9   f_lseek
000027db   f_mkdir
00001827   f_mount
0000187d   f_open
000022f7   f_opendir
00001a91   f_read
000023a7   f_readdir
00002ad5   f_rename
00002433   f_stat
00001f89   f_sync
000025e5   f_truncate
000026d9   f_unlink
00002a51   f_utime
00001ce5   f_write
00005867   free
00000000   g_pfnVectors
2000245c   g_ui32SysClock
000004d9   get_fat
00005133   get_fattime
000055a5   logToSD
000067bf   ltoa
00005149   main
20002484   main_func_sp
00005805   malloc
00005a2d   memalign
00006c1d   memccpy
0000644d   memcpy
00006691   memset
00005779   minit
00005515   printFloatToTerminal
0000549d   printStringToTerminal
000005fd   put_fat
00005927   realloc
00006701   sprintf
00006c9d   strcmp
00006d81   strcpy
00006c39   strdup
00006d05   strlen
00003fd1   ulocaltime
000041cf   umktime
00004749   urand
00003fa1   usnprintf
00003f6f   usprintf
00004739   usrand
000046b1   ustrcasecmp
00004725   ustrcmp
000045b5   ustrlen
0000460d   ustrncasecmp
000046c5   ustrncmp
00003aed   ustrncpy
000045d7   ustrstr
0000437d   ustrtof
00004245   ustrtoul
00003b45   uvsnprintf


GLOBAL SYMBOLS: SORTED BY Symbol Address 

address    name
--------   ----
00000000   __TI_static_base__
00000000   g_pfnVectors
00000001   __TI_args_main
000004a9   clust2sect
000004d9   get_fat
000005fd   put_fat
00001000   __STACK_SIZE
00001000   __SYSMEM_SIZE
00001827   f_mount
0000187d   f_open
00001a91   f_read
00001ce5   f_write
00001f89   f_sync
00002089   f_close
000020a9   f_lseek
000022f7   f_opendir
000023a7   f_readdir
00002433   f_stat
00002483   f_getfree
000025e5   f_truncate
000026d9   f_unlink
000027db   f_mkdir
000029c1   f_chmod
00002a51   f_utime
00002ad5   f_rename
000037e3   __TI_printfi
00003aed   ustrncpy
00003b45   uvsnprintf
00003f6f   usprintf
00003fa1   usnprintf
00003fd1   ulocaltime
000041cf   umktime
00004245   ustrtoul
0000437d   ustrtof
000045b5   ustrlen
000045d7   ustrstr
0000460d   ustrncasecmp
000046b1   ustrcasecmp
000046c5   ustrncmp
00004725   ustrcmp
00004739   usrand
00004749   urand
00004b8d   disk_initialize
00004d31   disk_status
00004d4b   disk_read
00004dfb   disk_write
00004eed   disk_ioctl
000050ef   disk_timerproc
00005133   get_fattime
00005149   main
0000549d   printStringToTerminal
00005515   printFloatToTerminal
000055a5   logToSD
00005749   SysTickHandler
00005779   minit
00005805   malloc
00005867   free
00005927   realloc
00005a2d   memalign
00005b0d   calloc
00005b45   SysCtlClockFreqSet
00005d41   __aeabi_uldivmod
00005f35   __aeabi_dsub
00005f3f   __aeabi_dadd
000060eb   __aeabi_ddiv
00006221   GPIOPadConfigSet
00006351   __aeabi_dmul
0000644d   __aeabi_memcpy
0000644d   __aeabi_memcpy4
0000644d   __aeabi_memcpy8
0000644d   memcpy
000064e9   __TI_auto_init
0000657d   __aeabi_cdcmpeq
0000657d   __aeabi_cdcmple
00006603   __aeabi_cdrcmple
00006689   __aeabi_memclr
00006689   __aeabi_memclr4
00006689   __aeabi_memclr8
0000668b   __aeabi_memset
0000668b   __aeabi_memset4
0000668b   __aeabi_memset8
00006691   memset
00006701   sprintf
000067bf   ltoa
00006819   atoi
00006865   __aeabi_d2f
000068b1   GPIOPinConfigure
00006941   _c_int00
00006989   __aeabi_d2iz
000069d1   copy_in
00006a15   C$$EXIT
00006a19   abort
00006a21   exit
00006a59   _Dtest
00006a9d   __aeabi_uidivmod
00006adf   UARTConfigSetExpClk
00006b1f   __aeabi_f2d
00006b59   SysCtlPeripheralEnable
00006b8d   __aeabi_i2d
00006bbb   GPIODirModeSet
00006be5   UARTDisable
00006c1d   memccpy
00006c39   strdup
00006c55   GPIOPinTypeGPIOOutput
00006c6d   _args_main
00006c85   __aeabi_lmul
00006c9d   strcmp
00006cb5   SysTickEnable
00006cc9   SysTickIntEnable
00006cdd   UARTEnable
00006cf1   _register_unlock
00006cf7   _register_lock
00006cff   _nop
00006d05   strlen
00006d19   GPIOPinTypeUART
00006d2b   __TI_zero_init
00006d3d   _Dclass
00006d51   FPUEnable
00006d61   FPULazyStackingEnable
00006d71   SysTickPeriodSet
00006d81   strcpy
00006d91   __TI_decompress_none
00006d9f   UARTCharsAvail
00006dab   ResetISR
00006db7   UARTCharGet
00006dc1   UARTCharPut
00006dcb   GPIOPinWrite
00006dd1   __TI_decompress_rle24
00006ef8   _ctypes_
000071b4   __TI_Handler_Table_Base
000071c0   __TI_Handler_Table_Limit
000071c8   __TI_CINIT_Base
000071d8   __TI_CINIT_Limit
20000000   __stack
20000200   __STACK_TOP
20001000   __STACK_END
20001000   _sys_memory
2000245c   g_ui32SysClock
20002474   _lock
20002478   _unlock
2000247c   __TI_cleanup_ptr
20002480   __TI_dtors_ptr
20002484   main_func_sp
ffffffff   __binit__
ffffffff   __c_args__
ffffffff   binit
UNDEFED    SHT$$INIT_ARRAY$$Base
UNDEFED    SHT$$INIT_ARRAY$$Limit

[148 symbols]
