<?xml version="1.0"?>
<link_info>
   <banner>TI ARM Linker Unix v5.1.6</banner>
   <copyright>Copyright (c) 1996-2014 Texas Instruments Incorporated</copyright>
   <link_time>0x5482474e</link_time>
   <link_errors>0x0</link_errors>
   <output_file>launchpad-gps.out</output_file>
   <entry_point>
      <name>_c_int00</name>
      <address>0x6f91</address>
   </entry_point>
   <input_file_list>
      <input_file id="fl-2">
         <path>./</path>
         <kind>object</kind>
         <file>ff.obj</file>
         <name>ff.obj</name>
      </input_file>
      <input_file id="fl-3">
         <path>./</path>
         <kind>object</kind>
         <file>main.obj</file>
         <name>main.obj</name>
      </input_file>
      <input_file id="fl-4">
         <path>./</path>
         <kind>object</kind>
         <file>mmc-ek-tm4c1294xl.obj</file>
         <name>mmc-ek-tm4c1294xl.obj</name>
      </input_file>
      <input_file id="fl-5">
         <path>./</path>
         <kind>object</kind>
         <file>tm4c1294ncpdt_startup_ccs.obj</file>
         <name>tm4c1294ncpdt_startup_ccs.obj</name>
      </input_file>
      <input_file id="fl-6">
         <path>./</path>
         <kind>object</kind>
         <file>ustdlib.obj</file>
         <name>ustdlib.obj</name>
      </input_file>
      <input_file id="fl-b">
         <path>/home/mitchellgrogg/code/arm-toolchain/tilib/driverlib/ccs/Debug/</path>
         <kind>archive</kind>
         <file>driverlib.lib</file>
         <name>uart.obj</name>
      </input_file>
      <input_file id="fl-c">
         <path>/home/mitchellgrogg/code/arm-toolchain/tilib/driverlib/ccs/Debug/</path>
         <kind>archive</kind>
         <file>driverlib.lib</file>
         <name>systick.obj</name>
      </input_file>
      <input_file id="fl-d">
         <path>/home/mitchellgrogg/code/arm-toolchain/tilib/driverlib/ccs/Debug/</path>
         <kind>archive</kind>
         <file>driverlib.lib</file>
         <name>sysctl.obj</name>
      </input_file>
      <input_file id="fl-e">
         <path>/home/mitchellgrogg/code/arm-toolchain/tilib/driverlib/ccs/Debug/</path>
         <kind>archive</kind>
         <file>driverlib.lib</file>
         <name>interrupt.obj</name>
      </input_file>
      <input_file id="fl-f">
         <path>/home/mitchellgrogg/code/arm-toolchain/tilib/driverlib/ccs/Debug/</path>
         <kind>archive</kind>
         <file>driverlib.lib</file>
         <name>hibernate.obj</name>
      </input_file>
      <input_file id="fl-10">
         <path>/home/mitchellgrogg/code/arm-toolchain/tilib/driverlib/ccs/Debug/</path>
         <kind>archive</kind>
         <file>driverlib.lib</file>
         <name>gpio.obj</name>
      </input_file>
      <input_file id="fl-11">
         <path>/home/mitchellgrogg/code/arm-toolchain/tilib/driverlib/ccs/Debug/</path>
         <kind>archive</kind>
         <file>driverlib.lib</file>
         <name>fpu.obj</name>
      </input_file>
      <input_file id="fl-12">
         <path>/home/mitchellgrogg/code/arm-toolchain/tilib/driverlib/ccs/Debug/</path>
         <kind>archive</kind>
         <file>driverlib.lib</file>
         <name>cpu.obj</name>
      </input_file>
      <input_file id="fl-13c">
         <path>/opt/ti/ccsv6/tools/compiler/arm_5.1.6/lib/</path>
         <kind>archive</kind>
         <file>rtsv7M4_T_le_v4SPD16_eabi.lib</file>
         <name>boot.obj</name>
      </input_file>
      <input_file id="fl-13d">
         <path>/opt/ti/ccsv6/tools/compiler/arm_5.1.6/lib/</path>
         <kind>archive</kind>
         <file>rtsv7M4_T_le_v4SPD16_eabi.lib</file>
         <name>copy_decompress_none.obj</name>
      </input_file>
      <input_file id="fl-13e">
         <path>/opt/ti/ccsv6/tools/compiler/arm_5.1.6/lib/</path>
         <kind>archive</kind>
         <file>rtsv7M4_T_le_v4SPD16_eabi.lib</file>
         <name>copy_decompress_rle.obj</name>
      </input_file>
      <input_file id="fl-13f">
         <path>/opt/ti/ccsv6/tools/compiler/arm_5.1.6/lib/</path>
         <kind>archive</kind>
         <file>rtsv7M4_T_le_v4SPD16_eabi.lib</file>
         <name>copy_zero_init.obj</name>
      </input_file>
      <input_file id="fl-140">
         <path>/opt/ti/ccsv6/tools/compiler/arm_5.1.6/lib/</path>
         <kind>archive</kind>
         <file>rtsv7M4_T_le_v4SPD16_eabi.lib</file>
         <name>exit.obj</name>
      </input_file>
      <input_file id="fl-141">
         <path>/opt/ti/ccsv6/tools/compiler/arm_5.1.6/lib/</path>
         <kind>archive</kind>
         <file>rtsv7M4_T_le_v4SPD16_eabi.lib</file>
         <name>fd_mul_t2.obj</name>
      </input_file>
      <input_file id="fl-142">
         <path>/opt/ti/ccsv6/tools/compiler/arm_5.1.6/lib/</path>
         <kind>archive</kind>
         <file>rtsv7M4_T_le_v4SPD16_eabi.lib</file>
         <name>fd_tos_t2.obj</name>
      </input_file>
      <input_file id="fl-143">
         <path>/opt/ti/ccsv6/tools/compiler/arm_5.1.6/lib/</path>
         <kind>archive</kind>
         <file>rtsv7M4_T_le_v4SPD16_eabi.lib</file>
         <name>floor.obj</name>
      </input_file>
      <input_file id="fl-144">
         <path>/opt/ti/ccsv6/tools/compiler/arm_5.1.6/lib/</path>
         <kind>archive</kind>
         <file>rtsv7M4_T_le_v4SPD16_eabi.lib</file>
         <name>fs_tod_t2.obj</name>
      </input_file>
      <input_file id="fl-145">
         <path>/opt/ti/ccsv6/tools/compiler/arm_5.1.6/lib/</path>
         <kind>archive</kind>
         <file>rtsv7M4_T_le_v4SPD16_eabi.lib</file>
         <name>memcpy_t2.obj</name>
      </input_file>
      <input_file id="fl-146">
         <path>/opt/ti/ccsv6/tools/compiler/arm_5.1.6/lib/</path>
         <kind>archive</kind>
         <file>rtsv7M4_T_le_v4SPD16_eabi.lib</file>
         <name>memory.obj</name>
      </input_file>
      <input_file id="fl-147">
         <path>/opt/ti/ccsv6/tools/compiler/arm_5.1.6/lib/</path>
         <kind>archive</kind>
         <file>rtsv7M4_T_le_v4SPD16_eabi.lib</file>
         <name>memset_t2.obj</name>
      </input_file>
      <input_file id="fl-148">
         <path>/opt/ti/ccsv6/tools/compiler/arm_5.1.6/lib/</path>
         <kind>archive</kind>
         <file>rtsv7M4_T_le_v4SPD16_eabi.lib</file>
         <name>sprintf.obj</name>
      </input_file>
      <input_file id="fl-149">
         <path>/opt/ti/ccsv6/tools/compiler/arm_5.1.6/lib/</path>
         <kind>archive</kind>
         <file>rtsv7M4_T_le_v4SPD16_eabi.lib</file>
         <name>stkdepth_vars.obj</name>
      </input_file>
      <input_file id="fl-14a">
         <path>/opt/ti/ccsv6/tools/compiler/arm_5.1.6/lib/</path>
         <kind>archive</kind>
         <file>rtsv7M4_T_le_v4SPD16_eabi.lib</file>
         <name>strcmp.obj</name>
      </input_file>
      <input_file id="fl-14b">
         <path>/opt/ti/ccsv6/tools/compiler/arm_5.1.6/lib/</path>
         <kind>archive</kind>
         <file>rtsv7M4_T_le_v4SPD16_eabi.lib</file>
         <name>strcpy.obj</name>
      </input_file>
      <input_file id="fl-14c">
         <path>/opt/ti/ccsv6/tools/compiler/arm_5.1.6/lib/</path>
         <kind>archive</kind>
         <file>rtsv7M4_T_le_v4SPD16_eabi.lib</file>
         <name>strdup.obj</name>
      </input_file>
      <input_file id="fl-14d">
         <path>/opt/ti/ccsv6/tools/compiler/arm_5.1.6/lib/</path>
         <kind>archive</kind>
         <file>rtsv7M4_T_le_v4SPD16_eabi.lib</file>
         <name>strlen.obj</name>
      </input_file>
      <input_file id="fl-14e">
         <path>/opt/ti/ccsv6/tools/compiler/arm_5.1.6/lib/</path>
         <kind>archive</kind>
         <file>rtsv7M4_T_le_v4SPD16_eabi.lib</file>
         <name>u_divt2.obj</name>
      </input_file>
      <input_file id="fl-14f">
         <path>/opt/ti/ccsv6/tools/compiler/arm_5.1.6/lib/</path>
         <kind>archive</kind>
         <file>rtsv7M4_T_le_v4SPD16_eabi.lib</file>
         <name>_lock.obj</name>
      </input_file>
      <input_file id="fl-150">
         <path>/opt/ti/ccsv6/tools/compiler/arm_5.1.6/lib/</path>
         <kind>archive</kind>
         <file>rtsv7M4_T_le_v4SPD16_eabi.lib</file>
         <name>_printfi.obj</name>
      </input_file>
      <input_file id="fl-151">
         <path>/opt/ti/ccsv6/tools/compiler/arm_5.1.6/lib/</path>
         <kind>archive</kind>
         <file>rtsv7M4_T_le_v4SPD16_eabi.lib</file>
         <name>args_main.obj</name>
      </input_file>
      <input_file id="fl-152">
         <path>/opt/ti/ccsv6/tools/compiler/arm_5.1.6/lib/</path>
         <kind>archive</kind>
         <file>rtsv7M4_T_le_v4SPD16_eabi.lib</file>
         <name>atoi.obj</name>
      </input_file>
      <input_file id="fl-153">
         <path>/opt/ti/ccsv6/tools/compiler/arm_5.1.6/lib/</path>
         <kind>archive</kind>
         <file>rtsv7M4_T_le_v4SPD16_eabi.lib</file>
         <name>auto_init.obj</name>
      </input_file>
      <input_file id="fl-154">
         <path>/opt/ti/ccsv6/tools/compiler/arm_5.1.6/lib/</path>
         <kind>archive</kind>
         <file>rtsv7M4_T_le_v4SPD16_eabi.lib</file>
         <name>cpy_tbl.obj</name>
      </input_file>
      <input_file id="fl-155">
         <path>/opt/ti/ccsv6/tools/compiler/arm_5.1.6/lib/</path>
         <kind>archive</kind>
         <file>rtsv7M4_T_le_v4SPD16_eabi.lib</file>
         <name>ctype.obj</name>
      </input_file>
      <input_file id="fl-156">
         <path>/opt/ti/ccsv6/tools/compiler/arm_5.1.6/lib/</path>
         <kind>archive</kind>
         <file>rtsv7M4_T_le_v4SPD16_eabi.lib</file>
         <name>fd_add_t2.obj</name>
      </input_file>
      <input_file id="fl-157">
         <path>/opt/ti/ccsv6/tools/compiler/arm_5.1.6/lib/</path>
         <kind>archive</kind>
         <file>rtsv7M4_T_le_v4SPD16_eabi.lib</file>
         <name>fd_cmp_t2.obj</name>
      </input_file>
      <input_file id="fl-158">
         <path>/opt/ti/ccsv6/tools/compiler/arm_5.1.6/lib/</path>
         <kind>archive</kind>
         <file>rtsv7M4_T_le_v4SPD16_eabi.lib</file>
         <name>fd_div_t2.obj</name>
      </input_file>
      <input_file id="fl-159">
         <path>/opt/ti/ccsv6/tools/compiler/arm_5.1.6/lib/</path>
         <kind>archive</kind>
         <file>rtsv7M4_T_le_v4SPD16_eabi.lib</file>
         <name>fd_toi_t2.obj</name>
      </input_file>
      <input_file id="fl-15a">
         <path>/opt/ti/ccsv6/tools/compiler/arm_5.1.6/lib/</path>
         <kind>archive</kind>
         <file>rtsv7M4_T_le_v4SPD16_eabi.lib</file>
         <name>i_tofd_t2.obj</name>
      </input_file>
      <input_file id="fl-15b">
         <path>/opt/ti/ccsv6/tools/compiler/arm_5.1.6/lib/</path>
         <kind>archive</kind>
         <file>rtsv7M4_T_le_v4SPD16_eabi.lib</file>
         <name>ll_mul_t2.obj</name>
      </input_file>
      <input_file id="fl-15c">
         <path>/opt/ti/ccsv6/tools/compiler/arm_5.1.6/lib/</path>
         <kind>archive</kind>
         <file>rtsv7M4_T_le_v4SPD16_eabi.lib</file>
         <name>ltoa.obj</name>
      </input_file>
      <input_file id="fl-15d">
         <path>/opt/ti/ccsv6/tools/compiler/arm_5.1.6/lib/</path>
         <kind>archive</kind>
         <file>rtsv7M4_T_le_v4SPD16_eabi.lib</file>
         <name>memccpy.obj</name>
      </input_file>
      <input_file id="fl-15e">
         <path>/opt/ti/ccsv6/tools/compiler/arm_5.1.6/lib/</path>
         <kind>archive</kind>
         <file>rtsv7M4_T_le_v4SPD16_eabi.lib</file>
         <name>ull_div_t2.obj</name>
      </input_file>
      <input_file id="fl-15f">
         <path>/opt/ti/ccsv6/tools/compiler/arm_5.1.6/lib/</path>
         <kind>archive</kind>
         <file>rtsv7M4_T_le_v4SPD16_eabi.lib</file>
         <name>xdclass.obj</name>
      </input_file>
      <input_file id="fl-160">
         <path>/opt/ti/ccsv6/tools/compiler/arm_5.1.6/lib/</path>
         <kind>archive</kind>
         <file>rtsv7M4_T_le_v4SPD16_eabi.lib</file>
         <name>xdtest.obj</name>
      </input_file>
   </input_file_list>
   <object_component_list>
      <object_component id="oc-e">
         <name>.intvecs</name>
         <load_address>0x0</load_address>
         <run_address>0x0</run_address>
         <size>0x208</size>
         <input_file_ref idref="fl-5"/>
      </object_component>
      <object_component id="oc-163">
         <name>.text</name>
         <load_address>0x208</load_address>
         <run_address>0x208</run_address>
         <size>0x2a24</size>
         <input_file_ref idref="fl-2"/>
      </object_component>
      <object_component id="oc-270">
         <name>.text</name>
         <load_address>0x2c2c</load_address>
         <run_address>0x2c2c</run_address>
         <size>0xec0</size>
         <input_file_ref idref="fl-150"/>
      </object_component>
      <object_component id="oc-169">
         <name>.text</name>
         <load_address>0x3aec</load_address>
         <run_address>0x3aec</run_address>
         <size>0xc84</size>
         <input_file_ref idref="fl-6"/>
      </object_component>
      <object_component id="oc-185">
         <name>.text</name>
         <load_address>0x4770</load_address>
         <run_address>0x4770</run_address>
         <size>0x9d8</size>
         <input_file_ref idref="fl-4"/>
      </object_component>
      <object_component id="oc-32">
         <name>.text</name>
         <load_address>0x5148</load_address>
         <run_address>0x5148</run_address>
         <size>0x998</size>
         <input_file_ref idref="fl-3"/>
      </object_component>
      <object_component id="oc-1a9">
         <name>.text</name>
         <load_address>0x5ae0</load_address>
         <run_address>0x5ae0</run_address>
         <size>0x3cc</size>
         <input_file_ref idref="fl-146"/>
      </object_component>
      <object_component id="oc-bd">
         <name>.text:SysCtlClockFreqSet</name>
         <load_address>0x5eac</load_address>
         <run_address>0x5eac</run_address>
         <size>0x1fc</size>
         <input_file_ref idref="fl-d"/>
      </object_component>
      <object_component id="oc-324">
         <name>.text</name>
         <load_address>0x60a8</load_address>
         <run_address>0x60a8</run_address>
         <size>0x1f4</size>
         <input_file_ref idref="fl-15e"/>
      </object_component>
      <object_component id="oc-2af">
         <name>.text</name>
         <load_address>0x629c</load_address>
         <run_address>0x629c</run_address>
         <size>0x1b6</size>
         <input_file_ref idref="fl-156"/>
      </object_component>
      <object_component id="oc-32e">
         <name>.text</name>
         <load_address>0x6452</load_address>
         <run_address>0x6452</run_address>
         <size>0x136</size>
         <input_file_ref idref="fl-158"/>
      </object_component>
      <object_component id="oc-e1">
         <name>.text:GPIOPadConfigSet</name>
         <load_address>0x6588</load_address>
         <run_address>0x6588</run_address>
         <size>0x130</size>
         <input_file_ref idref="fl-10"/>
      </object_component>
      <object_component id="oc-16f">
         <name>.text</name>
         <load_address>0x66b8</load_address>
         <run_address>0x66b8</run_address>
         <size>0xfc</size>
         <input_file_ref idref="fl-141"/>
      </object_component>
      <object_component id="oc-174">
         <name>.text</name>
         <load_address>0x67b4</load_address>
         <run_address>0x67b4</run_address>
         <size>0xc0</size>
         <input_file_ref idref="fl-143"/>
      </object_component>
      <object_component id="oc-50">
         <name>.text</name>
         <load_address>0x6874</load_address>
         <run_address>0x6874</run_address>
         <size>0x9c</size>
         <input_file_ref idref="fl-145"/>
      </object_component>
      <object_component id="oc-3b">
         <name>.text</name>
         <load_address>0x6910</load_address>
         <run_address>0x6910</run_address>
         <size>0x94</size>
         <input_file_ref idref="fl-153"/>
      </object_component>
      <object_component id="oc-2aa">
         <name>.text:__aeabi_cdcmple</name>
         <load_address>0x69a4</load_address>
         <run_address>0x69a4</run_address>
         <size>0x86</size>
         <input_file_ref idref="fl-157"/>
      </object_component>
      <object_component id="oc-333">
         <name>.text:__aeabi_cdrcmple</name>
         <load_address>0x6a2a</load_address>
         <run_address>0x6a2a</run_address>
         <size>0x86</size>
         <input_file_ref idref="fl-157"/>
      </object_component>
      <object_component id="oc-158">
         <name>.text</name>
         <load_address>0x6ab0</load_address>
         <run_address>0x6ab0</run_address>
         <size>0x78</size>
         <input_file_ref idref="fl-147"/>
      </object_component>
      <object_component id="oc-b1">
         <name>.text:HibernateWakeSet</name>
         <load_address>0x6b28</load_address>
         <run_address>0x6b28</run_address>
         <size>0x64</size>
         <input_file_ref idref="fl-f"/>
      </object_component>
      <object_component id="oc-f9">
         <name>.text:IntIsEnabled</name>
         <load_address>0x6b8c</load_address>
         <run_address>0x6b8c</run_address>
         <size>0x64</size>
         <input_file_ref idref="fl-e"/>
      </object_component>
      <object_component id="oc-87">
         <name>.text:IntDisable</name>
         <load_address>0x6bf0</load_address>
         <run_address>0x6bf0</run_address>
         <size>0x60</size>
         <input_file_ref idref="fl-e"/>
      </object_component>
      <object_component id="oc-129">
         <name>.text:IntEnable</name>
         <load_address>0x6c50</load_address>
         <run_address>0x6c50</run_address>
         <size>0x60</size>
         <input_file_ref idref="fl-e"/>
      </object_component>
      <object_component id="oc-14c">
         <name>.text</name>
         <load_address>0x6cb0</load_address>
         <run_address>0x6cb0</run_address>
         <size>0x60</size>
         <input_file_ref idref="fl-148"/>
      </object_component>
      <object_component id="oc-63">
         <name>.text</name>
         <load_address>0x6d10</load_address>
         <run_address>0x6d10</run_address>
         <size>0x5e</size>
         <input_file_ref idref="fl-13e"/>
      </object_component>
      <object_component id="oc-33d">
         <name>.text</name>
         <load_address>0x6d6e</load_address>
         <run_address>0x6d6e</run_address>
         <size>0x5a</size>
         <input_file_ref idref="fl-15c"/>
      </object_component>
      <object_component id="oc-e7">
         <name>.text:GPIOIntTypeSet</name>
         <load_address>0x6dc8</load_address>
         <run_address>0x6dc8</run_address>
         <size>0x56</size>
         <input_file_ref idref="fl-10"/>
      </object_component>
      <object_component id="oc-354">
         <name>.text</name>
         <load_address>0x6e20</load_address>
         <run_address>0x6e20</run_address>
         <size>0x4c</size>
         <input_file_ref idref="fl-152"/>
      </object_component>
      <object_component id="oc-17a">
         <name>.text</name>
         <load_address>0x6e6c</load_address>
         <run_address>0x6e6c</run_address>
         <size>0x4a</size>
         <input_file_ref idref="fl-142"/>
      </object_component>
      <object_component id="oc-c9">
         <name>.text:GPIOPinConfigure</name>
         <load_address>0x6eb8</load_address>
         <run_address>0x6eb8</run_address>
         <size>0x48</size>
         <input_file_ref idref="fl-10"/>
      </object_component>
      <object_component id="oc-135">
         <name>.text:HibernateClockConfig</name>
         <load_address>0x6f00</load_address>
         <run_address>0x6f00</run_address>
         <size>0x48</size>
         <input_file_ref idref="fl-f"/>
      </object_component>
      <object_component id="oc-225">
         <name>.text:_SysCtlFrequencyGet</name>
         <load_address>0x6f48</load_address>
         <run_address>0x6f48</run_address>
         <size>0x48</size>
         <input_file_ref idref="fl-d"/>
      </object_component>
      <object_component id="oc-11">
         <name>.text</name>
         <load_address>0x6f90</load_address>
         <run_address>0x6f90</run_address>
         <size>0x48</size>
         <input_file_ref idref="fl-13c"/>
      </object_component>
      <object_component id="oc-338">
         <name>.text</name>
         <load_address>0x6fd8</load_address>
         <run_address>0x6fd8</run_address>
         <size>0x48</size>
         <input_file_ref idref="fl-159"/>
      </object_component>
      <object_component id="oc-1cb">
         <name>.text</name>
         <load_address>0x7020</load_address>
         <run_address>0x7020</run_address>
         <size>0x44</size>
         <input_file_ref idref="fl-154"/>
      </object_component>
      <object_component id="oc-46">
         <name>.text</name>
         <load_address>0x7064</load_address>
         <run_address>0x7064</run_address>
         <size>0x44</size>
         <input_file_ref idref="fl-140"/>
      </object_component>
      <object_component id="oc-3a5">
         <name>.text</name>
         <load_address>0x70a8</load_address>
         <run_address>0x70a8</run_address>
         <size>0x44</size>
         <input_file_ref idref="fl-160"/>
      </object_component>
      <object_component id="oc-294">
         <name>.text</name>
         <load_address>0x70ec</load_address>
         <run_address>0x70ec</run_address>
         <size>0x42</size>
         <input_file_ref idref="fl-14e"/>
      </object_component>
      <object_component id="oc-ff">
         <name>.text:UARTConfigSetExpClk</name>
         <load_address>0x712e</load_address>
         <run_address>0x712e</run_address>
         <size>0x40</size>
         <input_file_ref idref="fl-b"/>
      </object_component>
      <object_component id="oc-246">
         <name>.text:_GPIOIntNumberGet</name>
         <load_address>0x7170</load_address>
         <run_address>0x7170</run_address>
         <size>0x40</size>
         <input_file_ref idref="fl-10"/>
      </object_component>
      <object_component id="oc-147">
         <name>.text</name>
         <load_address>0x71b0</load_address>
         <run_address>0x71b0</run_address>
         <size>0x38</size>
         <input_file_ref idref="fl-144"/>
      </object_component>
      <object_component id="oc-24c">
         <name>.text:IntRegister</name>
         <load_address>0x71e8</load_address>
         <run_address>0x71e8</run_address>
         <size>0x34</size>
         <input_file_ref idref="fl-e"/>
      </object_component>
      <object_component id="oc-c3">
         <name>.text:SysCtlPeripheralEnable</name>
         <load_address>0x721c</load_address>
         <run_address>0x721c</run_address>
         <size>0x34</size>
         <input_file_ref idref="fl-d"/>
      </object_component>
      <object_component id="oc-343">
         <name>.text</name>
         <load_address>0x7250</load_address>
         <run_address>0x7250</run_address>
         <size>0x2e</size>
         <input_file_ref idref="fl-15a"/>
      </object_component>
      <object_component id="oc-8d">
         <name>.text:HibernateRTCSet</name>
         <load_address>0x7280</load_address>
         <run_address>0x7280</run_address>
         <size>0x2c</size>
         <input_file_ref idref="fl-f"/>
      </object_component>
      <object_component id="oc-23b">
         <name>.text:GPIODirModeSet</name>
         <load_address>0x72ac</load_address>
         <run_address>0x72ac</run_address>
         <size>0x2a</size>
         <input_file_ref idref="fl-10"/>
      </object_component>
      <object_component id="oc-ab">
         <name>.text:HibernateDataSet</name>
         <load_address>0x72d8</load_address>
         <run_address>0x72d8</run_address>
         <size>0x28</size>
         <input_file_ref idref="fl-f"/>
      </object_component>
      <object_component id="oc-255">
         <name>.text:UARTDisable</name>
         <load_address>0x7300</load_address>
         <run_address>0x7300</run_address>
         <size>0x1c</size>
         <input_file_ref idref="fl-b"/>
      </object_component>
      <object_component id="oc-21f">
         <name>.text:_SysCtlMemTimingGet</name>
         <load_address>0x731c</load_address>
         <run_address>0x731c</run_address>
         <size>0x1c</size>
         <input_file_ref idref="fl-d"/>
      </object_component>
      <object_component id="oc-34e">
         <name>.text</name>
         <load_address>0x7338</load_address>
         <run_address>0x7338</run_address>
         <size>0x1c</size>
         <input_file_ref idref="fl-15d"/>
      </object_component>
      <object_component id="oc-1a3">
         <name>.text</name>
         <load_address>0x7354</load_address>
         <run_address>0x7354</run_address>
         <size>0x1c</size>
         <input_file_ref idref="fl-14c"/>
      </object_component>
      <object_component id="oc-ed">
         <name>.text:GPIOIntRegister</name>
         <load_address>0x7370</load_address>
         <run_address>0x7370</run_address>
         <size>0x18</size>
         <input_file_ref idref="fl-10"/>
      </object_component>
      <object_component id="oc-d5">
         <name>.text:GPIOPinTypeGPIOOutput</name>
         <load_address>0x7388</load_address>
         <run_address>0x7388</run_address>
         <size>0x18</size>
         <input_file_ref idref="fl-10"/>
      </object_component>
      <object_component id="oc-9f">
         <name>.text:HibernateIntStatus</name>
         <load_address>0x73a0</load_address>
         <run_address>0x73a0</run_address>
         <size>0x18</size>
         <input_file_ref idref="fl-f"/>
      </object_component>
      <object_component id="oc-40">
         <name>.text</name>
         <load_address>0x73b8</load_address>
         <run_address>0x73b8</run_address>
         <size>0x18</size>
         <input_file_ref idref="fl-151"/>
      </object_component>
      <object_component id="oc-329">
         <name>.text</name>
         <load_address>0x73d0</load_address>
         <run_address>0x73d0</run_address>
         <size>0x18</size>
         <input_file_ref idref="fl-15b"/>
      </object_component>
      <object_component id="oc-17f">
         <name>.text</name>
         <load_address>0x73e8</load_address>
         <run_address>0x73e8</run_address>
         <size>0x18</size>
         <input_file_ref idref="fl-14a"/>
      </object_component>
      <object_component id="oc-12f">
         <name>.text:HibernateEnableExpClk</name>
         <load_address>0x7400</load_address>
         <run_address>0x7400</run_address>
         <size>0x14</size>
         <input_file_ref idref="fl-f"/>
      </object_component>
      <object_component id="oc-a5">
         <name>.text:HibernateIntClear</name>
         <load_address>0x7414</load_address>
         <run_address>0x7414</run_address>
         <size>0x14</size>
         <input_file_ref idref="fl-f"/>
      </object_component>
      <object_component id="oc-13b">
         <name>.text:HibernateRTCEnable</name>
         <load_address>0x7428</load_address>
         <run_address>0x7428</run_address>
         <size>0x14</size>
         <input_file_ref idref="fl-f"/>
      </object_component>
      <object_component id="oc-b7">
         <name>.text:HibernateRequest</name>
         <load_address>0x743c</load_address>
         <run_address>0x743c</run_address>
         <size>0x14</size>
         <input_file_ref idref="fl-f"/>
      </object_component>
      <object_component id="oc-111">
         <name>.text:SysTickEnable</name>
         <load_address>0x7450</load_address>
         <run_address>0x7450</run_address>
         <size>0x14</size>
         <input_file_ref idref="fl-c"/>
      </object_component>
      <object_component id="oc-10b">
         <name>.text:SysTickIntEnable</name>
         <load_address>0x7464</load_address>
         <run_address>0x7464</run_address>
         <size>0x14</size>
         <input_file_ref idref="fl-c"/>
      </object_component>
      <object_component id="oc-25b">
         <name>.text:UARTEnable</name>
         <load_address>0x7478</load_address>
         <run_address>0x7478</run_address>
         <size>0x14</size>
         <input_file_ref idref="fl-b"/>
      </object_component>
      <object_component id="oc-2e2">
         <name>.text</name>
         <load_address>0x748c</load_address>
         <run_address>0x748c</run_address>
         <size>0x14</size>
         <input_file_ref idref="fl-14f"/>
      </object_component>
      <object_component id="oc-2cd">
         <name>.text</name>
         <load_address>0x74a0</load_address>
         <run_address>0x74a0</run_address>
         <size>0x14</size>
         <input_file_ref idref="fl-14d"/>
      </object_component>
      <object_component id="oc-db">
         <name>.text:GPIOPinTypeGPIOInput</name>
         <load_address>0x74b4</load_address>
         <run_address>0x74b4</run_address>
         <size>0x12</size>
         <input_file_ref idref="fl-10"/>
      </object_component>
      <object_component id="oc-cf">
         <name>.text:GPIOPinTypeUART</name>
         <load_address>0x74c6</load_address>
         <run_address>0x74c6</run_address>
         <size>0x12</size>
         <input_file_ref idref="fl-10"/>
      </object_component>
      <object_component id="oc-1c">
         <name>.text:decompress:ZI</name>
         <load_address>0x74d8</load_address>
         <run_address>0x74d8</run_address>
         <size>0x12</size>
         <input_file_ref idref="fl-13f"/>
      </object_component>
      <object_component id="oc-348">
         <name>.text</name>
         <load_address>0x74ea</load_address>
         <run_address>0x74ea</run_address>
         <size>0x12</size>
         <input_file_ref idref="fl-15f"/>
      </object_component>
      <object_component id="oc-117">
         <name>.text:FPUEnable</name>
         <load_address>0x74fc</load_address>
         <run_address>0x74fc</run_address>
         <size>0x10</size>
         <input_file_ref idref="fl-11"/>
      </object_component>
      <object_component id="oc-11d">
         <name>.text:FPULazyStackingEnable</name>
         <load_address>0x750c</load_address>
         <run_address>0x750c</run_address>
         <size>0x10</size>
         <input_file_ref idref="fl-11"/>
      </object_component>
      <object_component id="oc-123">
         <name>.text:HibernateIsActive</name>
         <load_address>0x751c</load_address>
         <run_address>0x751c</run_address>
         <size>0x10</size>
         <input_file_ref idref="fl-f"/>
      </object_component>
      <object_component id="oc-99">
         <name>.text:HibernateRTCMatchSet</name>
         <load_address>0x752c</load_address>
         <run_address>0x752c</run_address>
         <size>0x10</size>
         <input_file_ref idref="fl-f"/>
      </object_component>
      <object_component id="oc-105">
         <name>.text:SysTickPeriodSet</name>
         <load_address>0x753c</load_address>
         <run_address>0x753c</run_address>
         <size>0x10</size>
         <input_file_ref idref="fl-c"/>
      </object_component>
      <object_component id="oc-210">
         <name>.text:_HibernateWriteComplete</name>
         <load_address>0x754c</load_address>
         <run_address>0x754c</run_address>
         <size>0x10</size>
         <input_file_ref idref="fl-f"/>
      </object_component>
      <object_component id="oc-15d">
         <name>.text</name>
         <load_address>0x755c</load_address>
         <run_address>0x755c</run_address>
         <size>0x10</size>
         <input_file_ref idref="fl-14b"/>
      </object_component>
      <object_component id="oc-75">
         <name>.text:GPIOIntStatus</name>
         <load_address>0x756c</load_address>
         <run_address>0x756c</run_address>
         <size>0xe</size>
         <input_file_ref idref="fl-10"/>
      </object_component>
      <object_component id="oc-16">
         <name>.text:decompress:none</name>
         <load_address>0x757a</load_address>
         <run_address>0x757a</run_address>
         <size>0xe</size>
         <input_file_ref idref="fl-13d"/>
      </object_component>
      <object_component id="oc-f3">
         <name>.text:GPIOIntEnable</name>
         <load_address>0x7588</load_address>
         <run_address>0x7588</run_address>
         <size>0xc</size>
         <input_file_ref idref="fl-10"/>
      </object_component>
      <object_component id="oc-93">
         <name>.text:HibernateRTCGet</name>
         <load_address>0x7594</load_address>
         <run_address>0x7594</run_address>
         <size>0xc</size>
         <input_file_ref idref="fl-f"/>
      </object_component>
      <object_component id="oc-197">
         <name>.text:UARTCharsAvail</name>
         <load_address>0x75a0</load_address>
         <run_address>0x75a0</run_address>
         <size>0xc</size>
         <input_file_ref idref="fl-b"/>
      </object_component>
      <object_component id="oc-2c">
         <name>.text</name>
         <load_address>0x75ac</load_address>
         <run_address>0x75ac</run_address>
         <size>0xc</size>
         <input_file_ref idref="fl-5"/>
      </object_component>
      <object_component id="oc-19d">
         <name>.text:UARTCharGet</name>
         <load_address>0x75b8</load_address>
         <run_address>0x75b8</run_address>
         <size>0xa</size>
         <input_file_ref idref="fl-b"/>
      </object_component>
      <object_component id="oc-141">
         <name>.text:UARTCharPut</name>
         <load_address>0x75c2</load_address>
         <run_address>0x75c2</run_address>
         <size>0xa</size>
         <input_file_ref idref="fl-b"/>
      </object_component>
      <object_component id="oc-7b">
         <name>.text:GPIOIntClear</name>
         <load_address>0x75cc</load_address>
         <run_address>0x75cc</run_address>
         <size>0x6</size>
         <input_file_ref idref="fl-10"/>
      </object_component>
      <object_component id="oc-18b">
         <name>.text:GPIOPinRead</name>
         <load_address>0x75d2</load_address>
         <run_address>0x75d2</run_address>
         <size>0x6</size>
         <input_file_ref idref="fl-10"/>
      </object_component>
      <object_component id="oc-81">
         <name>.text:GPIOPinWrite</name>
         <load_address>0x75d8</load_address>
         <run_address>0x75d8</run_address>
         <size>0x6</size>
         <input_file_ref idref="fl-10"/>
      </object_component>
      <object_component id="oc-22">
         <name>.text:decompress:rle24</name>
         <load_address>0x75de</load_address>
         <run_address>0x75de</run_address>
         <size>0x6</size>
         <input_file_ref idref="fl-13e"/>
      </object_component>
      <object_component id="oc-22e">
         <name>.const:g_pppui32XTALtoVCO</name>
         <load_address>0x75e4</load_address>
         <run_address>0x75e4</run_address>
         <size>0x120</size>
         <input_file_ref idref="fl-d"/>
      </object_component>
      <object_component id="oc-3ae">
         <name>.const:.string:_ctypes_</name>
         <load_address>0x7704</load_address>
         <run_address>0x7704</run_address>
         <size>0x102</size>
         <input_file_ref idref="fl-155"/>
      </object_component>
      <object_component id="oc-313">
         <name>.const:g_ppui32GPIOIntMapBlizzard</name>
         <load_address>0x7808</load_address>
         <run_address>0x7808</run_address>
         <size>0xc0</size>
         <input_file_ref idref="fl-10"/>
      </object_component>
      <object_component id="oc-316">
         <name>.const:g_ppui32GPIOIntMapSnowflake</name>
         <load_address>0x78c8</load_address>
         <run_address>0x78c8</run_address>
         <size>0xc0</size>
         <input_file_ref idref="fl-10"/>
      </object_component>
      <object_component id="oc-237">
         <name>.const:g_pui32GPIOBaseAddrs</name>
         <load_address>0x7988</load_address>
         <run_address>0x7988</run_address>
         <size>0x90</size>
         <input_file_ref idref="fl-10"/>
      </object_component>
      <object_component id="oc-20b">
         <name>.const</name>
         <load_address>0x7a18</load_address>
         <run_address>0x7a18</run_address>
         <size>0x70</size>
         <input_file_ref idref="fl-e"/>
      </object_component>
      <object_component id="oc-22b">
         <name>.const:g_pui32Xtals</name>
         <load_address>0x7a88</load_address>
         <run_address>0x7a88</run_address>
         <size>0x6c</size>
         <input_file_ref idref="fl-d"/>
      </object_component>
      <object_component id="oc-29c">
         <name>.const:g_psDaysToMonth</name>
         <load_address>0x7af4</load_address>
         <run_address>0x7af4</run_address>
         <size>0x30</size>
         <input_file_ref idref="fl-6"/>
      </object_component>
      <object_component id="oc-2fe">
         <name>.const:g_sXTALtoMEMTIM</name>
         <load_address>0x7b24</load_address>
         <run_address>0x7b24</run_address>
         <size>0x30</size>
         <input_file_ref idref="fl-d"/>
      </object_component>
      <object_component id="oc-299">
         <name>.const</name>
         <load_address>0x7b54</load_address>
         <run_address>0x7b54</run_address>
         <size>0x1c</size>
         <input_file_ref idref="fl-6"/>
      </object_component>
      <object_component id="oc-372">
         <name>.const:.string</name>
         <load_address>0x7b70</load_address>
         <run_address>0x7b70</run_address>
         <size>0x12</size>
         <input_file_ref idref="fl-6"/>
      </object_component>
      <object_component id="oc-231">
         <name>.const</name>
         <load_address>0x7b84</load_address>
         <run_address>0x7b84</run_address>
         <size>0x8</size>
         <input_file_ref idref="fl-d"/>
      </object_component>
      <object_component id="oc-3ea">
         <name>.cinit..data.load</name>
         <load_address>0x7b90</load_address>
         <run_address>0x7b90</run_address>
         <size>0x27</size>
      </object_component>
      <object_component id="oc-3e7">
         <name>__TI_handler_table</name>
         <load_address>0x7bb8</load_address>
         <run_address>0x7bb8</run_address>
         <size>0xc</size>
      </object_component>
      <object_component id="oc-3eb">
         <name>.cinit..bss.load</name>
         <load_address>0x7bc8</load_address>
         <run_address>0x7bc8</run_address>
         <size>0x8</size>
      </object_component>
      <object_component id="oc-3e9">
         <name>.cinit..vtable.load</name>
         <load_address>0x7bd0</load_address>
         <run_address>0x7bd0</run_address>
         <size>0x8</size>
      </object_component>
      <object_component id="oc-3e8">
         <name>__TI_cinit_table</name>
         <load_address>0x7bd8</load_address>
         <run_address>0x7bd8</run_address>
         <size>0x18</size>
      </object_component>
      <object_component id="oc-31a">
         <name>.vtable</name>
         <uninitialized>true</uninitialized>
         <run_address>0x20000000</run_address>
         <size>0x26c</size>
         <input_file_ref idref="fl-e"/>
      </object_component>
      <object_component id="oc-4c">
         <name>.data</name>
         <load_address>0x20004704</load_address>
         <run_address>0x20004704</run_address>
         <size>0x4</size>
         <input_file_ref idref="fl-149"/>
      </object_component>
      <object_component id="oc-152">
         <name>.data</name>
         <load_address>0x200046d8</load_address>
         <run_address>0x200046d8</run_address>
         <size>0x10</size>
         <input_file_ref idref="fl-3"/>
      </object_component>
      <object_component id="oc-1d4">
         <name>.data</name>
         <load_address>0x200046f4</load_address>
         <run_address>0x200046f4</run_address>
         <size>0x8</size>
         <input_file_ref idref="fl-14f"/>
      </object_component>
      <object_component id="oc-1d7">
         <name>.data</name>
         <load_address>0x200046fc</load_address>
         <run_address>0x200046fc</run_address>
         <size>0x8</size>
         <input_file_ref idref="fl-140"/>
      </object_component>
      <object_component id="oc-29f">
         <name>.data</name>
         <load_address>0x20004708</load_address>
         <run_address>0x20004708</run_address>
         <size>0x4</size>
         <input_file_ref idref="fl-6"/>
      </object_component>
      <object_component id="oc-2bd">
         <name>.data</name>
         <load_address>0x2000470c</load_address>
         <run_address>0x2000470c</run_address>
         <size>0x2</size>
         <input_file_ref idref="fl-4"/>
      </object_component>
      <object_component id="oc-2d5">
         <name>.data</name>
         <load_address>0x200046e8</load_address>
         <run_address>0x200046e8</run_address>
         <size>0xc</size>
         <input_file_ref idref="fl-146"/>
      </object_component>
      <object_component id="oc-191">
         <name>.bss:g_sFatFs</name>
         <uninitialized>true</uninitialized>
         <run_address>0x20004270</run_address>
         <size>0x234</size>
         <input_file_ref idref="fl-3"/>
      </object_component>
      <object_component id="oc-194">
         <name>.bss:g_sFileObject</name>
         <uninitialized>true</uninitialized>
         <run_address>0x200044a4</run_address>
         <size>0x224</size>
         <input_file_ref idref="fl-3"/>
      </object_component>
      <object_component id="oc-28d">
         <name>.common:FatFs</name>
         <uninitialized>true</uninitialized>
         <run_address>0x200046c8</run_address>
         <size>0x4</size>
      </object_component>
      <object_component id="oc-28c">
         <name>.common:Fsid</name>
         <uninitialized>true</uninitialized>
         <run_address>0x200046d0</run_address>
         <size>0x2</size>
      </object_component>
      <object_component id="oc-2bc">
         <name>.common:g_ui32SysClock</name>
         <uninitialized>true</uninitialized>
         <run_address>0x200046cc</run_address>
         <size>0x4</size>
      </object_component>
      <object_component id="oc-2c3">
         <name>.common:Timer1</name>
         <uninitialized>true</uninitialized>
         <run_address>0x200046d3</run_address>
         <size>0x1</size>
      </object_component>
      <object_component id="oc-2c4">
         <name>.common:Timer2</name>
         <uninitialized>true</uninitialized>
         <run_address>0x200046d4</run_address>
         <size>0x1</size>
      </object_component>
      <object_component id="oc-2c1">
         <name>.common:CardType</name>
         <uninitialized>true</uninitialized>
         <run_address>0x200046d2</run_address>
         <size>0x1</size>
      </object_component>
      <object_component id="oc-29">
         <name>.sysmem</name>
         <uninitialized>true</uninitialized>
         <run_address>0x20002270</run_address>
         <size>0x8</size>
         <input_file_ref idref="fl-146"/>
      </object_component>
      <object_component id="oc-3ed">
         <name>.sysmem</name>
         <uninitialized>true</uninitialized>
         <run_address>0x20002270</run_address>
         <size>0x0</size>
      </object_component>
      <object_component id="oc-28">
         <name>.stack</name>
         <uninitialized>true</uninitialized>
         <run_address>0x2000026c</run_address>
         <size>0x0</size>
         <input_file_ref idref="fl-13c"/>
      </object_component>
      <object_component id="oc-3ec">
         <name>.stack</name>
         <uninitialized>true</uninitialized>
         <run_address>0x2000026c</run_address>
         <size>0x0</size>
      </object_component>
      <object_component id="oc-f">
         <name>.debug_info</name>
         <load_address>0x0</load_address>
         <run_address>0x0</run_address>
         <size>0xf2</size>
         <input_file_ref idref="fl-5"/>
      </object_component>
      <object_component id="oc-14">
         <name>.debug_info</name>
         <load_address>0xf2</load_address>
         <run_address>0xf2</run_address>
         <size>0xf3</size>
         <input_file_ref idref="fl-13c"/>
      </object_component>
      <object_component id="oc-17">
         <name>.debug_info</name>
         <load_address>0x1e5</load_address>
         <run_address>0x1e5</run_address>
         <size>0x194</size>
         <input_file_ref idref="fl-13d"/>
      </object_component>
      <object_component id="oc-1d">
         <name>.debug_info</name>
         <load_address>0x379</load_address>
         <run_address>0x379</run_address>
         <size>0x16a</size>
         <input_file_ref idref="fl-13f"/>
      </object_component>
      <object_component id="oc-23">
         <name>.debug_info</name>
         <load_address>0x4e3</load_address>
         <run_address>0x4e3</run_address>
         <size>0x18e</size>
         <input_file_ref idref="fl-13e"/>
      </object_component>
      <object_component id="oc-2a">
         <name>.debug_info</name>
         <load_address>0x671</load_address>
         <run_address>0x671</run_address>
         <size>0xb6</size>
         <input_file_ref idref="fl-146"/>
      </object_component>
      <object_component id="oc-2d">
         <name>.debug_info</name>
         <load_address>0x727</load_address>
         <run_address>0x727</run_address>
         <size>0x271</size>
         <input_file_ref idref="fl-5"/>
      </object_component>
      <object_component id="oc-33">
         <name>.debug_info</name>
         <load_address>0x998</load_address>
         <run_address>0x998</run_address>
         <size>0x1580</size>
         <input_file_ref idref="fl-3"/>
      </object_component>
      <object_component id="oc-3a">
         <name>.debug_info</name>
         <load_address>0x1f18</load_address>
         <run_address>0x1f18</run_address>
         <size>0x157</size>
         <input_file_ref idref="fl-5"/>
      </object_component>
      <object_component id="oc-3c">
         <name>.debug_info</name>
         <load_address>0x206f</load_address>
         <run_address>0x206f</run_address>
         <size>0x13d</size>
         <input_file_ref idref="fl-153"/>
      </object_component>
      <object_component id="oc-41">
         <name>.debug_info</name>
         <load_address>0x21ac</load_address>
         <run_address>0x21ac</run_address>
         <size>0x11c</size>
         <input_file_ref idref="fl-151"/>
      </object_component>
      <object_component id="oc-47">
         <name>.debug_info</name>
         <load_address>0x22c8</load_address>
         <run_address>0x22c8</run_address>
         <size>0x1c2</size>
         <input_file_ref idref="fl-140"/>
      </object_component>
      <object_component id="oc-4d">
         <name>.debug_info</name>
         <load_address>0x248a</load_address>
         <run_address>0x248a</run_address>
         <size>0xbe</size>
         <input_file_ref idref="fl-149"/>
      </object_component>
      <object_component id="oc-51">
         <name>.debug_info</name>
         <load_address>0x2548</load_address>
         <run_address>0x2548</run_address>
         <size>0xcc</size>
         <input_file_ref idref="fl-145"/>
      </object_component>
      <object_component id="oc-56">
         <name>.debug_info</name>
         <load_address>0x2614</load_address>
         <run_address>0x2614</run_address>
         <size>0x46</size>
         <input_file_ref idref="fl-13d"/>
      </object_component>
      <object_component id="oc-5b">
         <name>.debug_info</name>
         <load_address>0x265a</load_address>
         <run_address>0x265a</run_address>
         <size>0xf2</size>
         <input_file_ref idref="fl-13d"/>
      </object_component>
      <object_component id="oc-5d">
         <name>.debug_info</name>
         <load_address>0x274c</load_address>
         <run_address>0x274c</run_address>
         <size>0x46</size>
         <input_file_ref idref="fl-13f"/>
      </object_component>
      <object_component id="oc-62">
         <name>.debug_info</name>
         <load_address>0x2792</load_address>
         <run_address>0x2792</run_address>
         <size>0xad</size>
         <input_file_ref idref="fl-13f"/>
      </object_component>
      <object_component id="oc-64">
         <name>.debug_info</name>
         <load_address>0x283f</load_address>
         <run_address>0x283f</run_address>
         <size>0x1ef</size>
         <input_file_ref idref="fl-13e"/>
      </object_component>
      <object_component id="oc-6a">
         <name>.debug_info</name>
         <load_address>0x2a2e</load_address>
         <run_address>0x2a2e</run_address>
         <size>0xb7</size>
         <input_file_ref idref="fl-13e"/>
      </object_component>
      <object_component id="oc-6b">
         <name>.debug_info</name>
         <load_address>0x2ae5</load_address>
         <run_address>0x2ae5</run_address>
         <size>0x39</size>
         <input_file_ref idref="fl-13e"/>
      </object_component>
      <object_component id="oc-72">
         <name>.debug_info</name>
         <load_address>0x2b1e</load_address>
         <run_address>0x2b1e</run_address>
         <size>0x1d7</size>
         <input_file_ref idref="fl-146"/>
      </object_component>
      <object_component id="oc-76">
         <name>.debug_info</name>
         <load_address>0x2cf5</load_address>
         <run_address>0x2cf5</run_address>
         <size>0x1e3</size>
         <input_file_ref idref="fl-10"/>
      </object_component>
      <object_component id="oc-7c">
         <name>.debug_info</name>
         <load_address>0x2ed8</load_address>
         <run_address>0x2ed8</run_address>
         <size>0x1f1</size>
         <input_file_ref idref="fl-10"/>
      </object_component>
      <object_component id="oc-82">
         <name>.debug_info</name>
         <load_address>0x30c9</load_address>
         <run_address>0x30c9</run_address>
         <size>0x207</size>
         <input_file_ref idref="fl-10"/>
      </object_component>
      <object_component id="oc-88">
         <name>.debug_info</name>
         <load_address>0x32d0</load_address>
         <run_address>0x32d0</run_address>
         <size>0x1ce</size>
         <input_file_ref idref="fl-e"/>
      </object_component>
      <object_component id="oc-8e">
         <name>.debug_info</name>
         <load_address>0x349e</load_address>
         <run_address>0x349e</run_address>
         <size>0x22e</size>
         <input_file_ref idref="fl-f"/>
      </object_component>
      <object_component id="oc-94">
         <name>.debug_info</name>
         <load_address>0x36cc</load_address>
         <run_address>0x36cc</run_address>
         <size>0x196</size>
         <input_file_ref idref="fl-f"/>
      </object_component>
      <object_component id="oc-9a">
         <name>.debug_info</name>
         <load_address>0x3862</load_address>
         <run_address>0x3862</run_address>
         <size>0x206</size>
         <input_file_ref idref="fl-f"/>
      </object_component>
      <object_component id="oc-a0">
         <name>.debug_info</name>
         <load_address>0x3a68</load_address>
         <run_address>0x3a68</run_address>
         <size>0x1ca</size>
         <input_file_ref idref="fl-f"/>
      </object_component>
      <object_component id="oc-a6">
         <name>.debug_info</name>
         <load_address>0x3c32</load_address>
         <run_address>0x3c32</run_address>
         <size>0x1f1</size>
         <input_file_ref idref="fl-f"/>
      </object_component>
      <object_component id="oc-ac">
         <name>.debug_info</name>
         <load_address>0x3e23</load_address>
         <run_address>0x3e23</run_address>
         <size>0x28e</size>
         <input_file_ref idref="fl-f"/>
      </object_component>
      <object_component id="oc-b2">
         <name>.debug_info</name>
         <load_address>0x40b1</load_address>
         <run_address>0x40b1</run_address>
         <size>0x2a1</size>
         <input_file_ref idref="fl-f"/>
      </object_component>
      <object_component id="oc-b8">
         <name>.debug_info</name>
         <load_address>0x4352</load_address>
         <run_address>0x4352</run_address>
         <size>0x1ad</size>
         <input_file_ref idref="fl-f"/>
      </object_component>
      <object_component id="oc-be">
         <name>.debug_info</name>
         <load_address>0x44ff</load_address>
         <run_address>0x44ff</run_address>
         <size>0x4c5</size>
         <input_file_ref idref="fl-d"/>
      </object_component>
      <object_component id="oc-c4">
         <name>.debug_info</name>
         <load_address>0x49c4</load_address>
         <run_address>0x49c4</run_address>
         <size>0x1e1</size>
         <input_file_ref idref="fl-d"/>
      </object_component>
      <object_component id="oc-ca">
         <name>.debug_info</name>
         <load_address>0x4ba5</load_address>
         <run_address>0x4ba5</run_address>
         <size>0x1e4</size>
         <input_file_ref idref="fl-10"/>
      </object_component>
      <object_component id="oc-d0">
         <name>.debug_info</name>
         <load_address>0x4d89</load_address>
         <run_address>0x4d89</run_address>
         <size>0x1df</size>
         <input_file_ref idref="fl-10"/>
      </object_component>
      <object_component id="oc-d6">
         <name>.debug_info</name>
         <load_address>0x4f68</load_address>
         <run_address>0x4f68</run_address>
         <size>0x1eb</size>
         <input_file_ref idref="fl-10"/>
      </object_component>
      <object_component id="oc-dc">
         <name>.debug_info</name>
         <load_address>0x5153</load_address>
         <run_address>0x5153</run_address>
         <size>0x1e9</size>
         <input_file_ref idref="fl-10"/>
      </object_component>
      <object_component id="oc-e2">
         <name>.debug_info</name>
         <load_address>0x533c</load_address>
         <run_address>0x533c</run_address>
         <size>0x312</size>
         <input_file_ref idref="fl-10"/>
      </object_component>
      <object_component id="oc-e8">
         <name>.debug_info</name>
         <load_address>0x564e</load_address>
         <run_address>0x564e</run_address>
         <size>0x21f</size>
         <input_file_ref idref="fl-10"/>
      </object_component>
      <object_component id="oc-ee">
         <name>.debug_info</name>
         <load_address>0x586d</load_address>
         <run_address>0x586d</run_address>
         <size>0x1f9</size>
         <input_file_ref idref="fl-10"/>
      </object_component>
      <object_component id="oc-f4">
         <name>.debug_info</name>
         <load_address>0x5a66</load_address>
         <run_address>0x5a66</run_address>
         <size>0x1f3</size>
         <input_file_ref idref="fl-10"/>
      </object_component>
      <object_component id="oc-fa">
         <name>.debug_info</name>
         <load_address>0x5c59</load_address>
         <run_address>0x5c59</run_address>
         <size>0x205</size>
         <input_file_ref idref="fl-e"/>
      </object_component>
      <object_component id="oc-100">
         <name>.debug_info</name>
         <load_address>0x5e5e</load_address>
         <run_address>0x5e5e</run_address>
         <size>0x28a</size>
         <input_file_ref idref="fl-b"/>
      </object_component>
      <object_component id="oc-106">
         <name>.debug_info</name>
         <load_address>0x60e8</load_address>
         <run_address>0x60e8</run_address>
         <size>0x1c5</size>
         <input_file_ref idref="fl-c"/>
      </object_component>
      <object_component id="oc-10c">
         <name>.debug_info</name>
         <load_address>0x62ad</load_address>
         <run_address>0x62ad</run_address>
         <size>0x18b</size>
         <input_file_ref idref="fl-c"/>
      </object_component>
      <object_component id="oc-112">
         <name>.debug_info</name>
         <load_address>0x6438</load_address>
         <run_address>0x6438</run_address>
         <size>0x185</size>
         <input_file_ref idref="fl-c"/>
      </object_component>
      <object_component id="oc-118">
         <name>.debug_info</name>
         <load_address>0x65bd</load_address>
         <run_address>0x65bd</run_address>
         <size>0x171</size>
         <input_file_ref idref="fl-11"/>
      </object_component>
      <object_component id="oc-11e">
         <name>.debug_info</name>
         <load_address>0x672e</load_address>
         <run_address>0x672e</run_address>
         <size>0x189</size>
         <input_file_ref idref="fl-11"/>
      </object_component>
      <object_component id="oc-124">
         <name>.debug_info</name>
         <load_address>0x68b7</load_address>
         <run_address>0x68b7</run_address>
         <size>0x19a</size>
         <input_file_ref idref="fl-f"/>
      </object_component>
      <object_component id="oc-12a">
         <name>.debug_info</name>
         <load_address>0x6a51</load_address>
         <run_address>0x6a51</run_address>
         <size>0x1cc</size>
         <input_file_ref idref="fl-e"/>
      </object_component>
      <object_component id="oc-130">
         <name>.debug_info</name>
         <load_address>0x6c1d</load_address>
         <run_address>0x6c1d</run_address>
         <size>0x1d1</size>
         <input_file_ref idref="fl-f"/>
      </object_component>
      <object_component id="oc-136">
         <name>.debug_info</name>
         <load_address>0x6dee</load_address>
         <run_address>0x6dee</run_address>
         <size>0x20f</size>
         <input_file_ref idref="fl-f"/>
      </object_component>
      <object_component id="oc-13c">
         <name>.debug_info</name>
         <load_address>0x6ffd</load_address>
         <run_address>0x6ffd</run_address>
         <size>0x1b1</size>
         <input_file_ref idref="fl-f"/>
      </object_component>
      <object_component id="oc-142">
         <name>.debug_info</name>
         <load_address>0x71ae</load_address>
         <run_address>0x71ae</run_address>
         <size>0x25d</size>
         <input_file_ref idref="fl-b"/>
      </object_component>
      <object_component id="oc-148">
         <name>.debug_info</name>
         <load_address>0x740b</load_address>
         <run_address>0x740b</run_address>
         <size>0xdf</size>
         <input_file_ref idref="fl-144"/>
      </object_component>
      <object_component id="oc-14d">
         <name>.debug_info</name>
         <load_address>0x74ea</load_address>
         <run_address>0x74ea</run_address>
         <size>0x2b5</size>
         <input_file_ref idref="fl-148"/>
      </object_component>
      <object_component id="oc-153">
         <name>.debug_info</name>
         <load_address>0x779f</load_address>
         <run_address>0x779f</run_address>
         <size>0x150</size>
         <input_file_ref idref="fl-3"/>
      </object_component>
      <object_component id="oc-156">
         <name>.debug_info</name>
         <load_address>0x78ef</load_address>
         <run_address>0x78ef</run_address>
         <size>0xbc2</size>
         <input_file_ref idref="fl-3"/>
      </object_component>
      <object_component id="oc-159">
         <name>.debug_info</name>
         <load_address>0x84b1</load_address>
         <run_address>0x84b1</run_address>
         <size>0xfc</size>
         <input_file_ref idref="fl-147"/>
      </object_component>
      <object_component id="oc-15e">
         <name>.debug_info</name>
         <load_address>0x85ad</load_address>
         <run_address>0x85ad</run_address>
         <size>0x169</size>
         <input_file_ref idref="fl-14b"/>
      </object_component>
      <object_component id="oc-164">
         <name>.debug_info</name>
         <load_address>0x8716</load_address>
         <run_address>0x8716</run_address>
         <size>0x41b5</size>
         <input_file_ref idref="fl-2"/>
      </object_component>
      <object_component id="oc-16a">
         <name>.debug_info</name>
         <load_address>0xc8cb</load_address>
         <run_address>0xc8cb</run_address>
         <size>0x14e4</size>
         <input_file_ref idref="fl-6"/>
      </object_component>
      <object_component id="oc-170">
         <name>.debug_info</name>
         <load_address>0xddaf</load_address>
         <run_address>0xddaf</run_address>
         <size>0xed</size>
         <input_file_ref idref="fl-141"/>
      </object_component>
      <object_component id="oc-175">
         <name>.debug_info</name>
         <load_address>0xde9c</load_address>
         <run_address>0xde9c</run_address>
         <size>0x17a</size>
         <input_file_ref idref="fl-143"/>
      </object_component>
      <object_component id="oc-17b">
         <name>.debug_info</name>
         <load_address>0xe016</load_address>
         <run_address>0xe016</run_address>
         <size>0xe8</size>
         <input_file_ref idref="fl-142"/>
      </object_component>
      <object_component id="oc-180">
         <name>.debug_info</name>
         <load_address>0xe0fe</load_address>
         <run_address>0xe0fe</run_address>
         <size>0x17e</size>
         <input_file_ref idref="fl-14a"/>
      </object_component>
      <object_component id="oc-186">
         <name>.debug_info</name>
         <load_address>0xe27c</load_address>
         <run_address>0xe27c</run_address>
         <size>0x143f</size>
         <input_file_ref idref="fl-4"/>
      </object_component>
      <object_component id="oc-18c">
         <name>.debug_info</name>
         <load_address>0xf6bb</load_address>
         <run_address>0xf6bb</run_address>
         <size>0x1df</size>
         <input_file_ref idref="fl-10"/>
      </object_component>
      <object_component id="oc-192">
         <name>.debug_info</name>
         <load_address>0xf89a</load_address>
         <run_address>0xf89a</run_address>
         <size>0xd4</size>
         <input_file_ref idref="fl-3"/>
      </object_component>
      <object_component id="oc-195">
         <name>.debug_info</name>
         <load_address>0xf96e</load_address>
         <run_address>0xf96e</run_address>
         <size>0xde</size>
         <input_file_ref idref="fl-3"/>
      </object_component>
      <object_component id="oc-198">
         <name>.debug_info</name>
         <load_address>0xfa4c</load_address>
         <run_address>0xfa4c</run_address>
         <size>0x1b7</size>
         <input_file_ref idref="fl-b"/>
      </object_component>
      <object_component id="oc-19e">
         <name>.debug_info</name>
         <load_address>0xfc03</load_address>
         <run_address>0xfc03</run_address>
         <size>0x237</size>
         <input_file_ref idref="fl-b"/>
      </object_component>
      <object_component id="oc-1a4">
         <name>.debug_info</name>
         <load_address>0xfe3a</load_address>
         <run_address>0xfe3a</run_address>
         <size>0x149</size>
         <input_file_ref idref="fl-14c"/>
      </object_component>
      <object_component id="oc-1aa">
         <name>.debug_info</name>
         <load_address>0xff83</load_address>
         <run_address>0xff83</run_address>
         <size>0x855</size>
         <input_file_ref idref="fl-146"/>
      </object_component>
      <object_component id="oc-1b0">
         <name>.debug_info</name>
         <load_address>0x107d8</load_address>
         <run_address>0x107d8</run_address>
         <size>0x18b</size>
         <input_file_ref idref="fl-3"/>
      </object_component>
      <object_component id="oc-1b5">
         <name>.debug_info</name>
         <load_address>0x10963</load_address>
         <run_address>0x10963</run_address>
         <size>0x8b</size>
         <input_file_ref idref="fl-3"/>
      </object_component>
      <object_component id="oc-1ba">
         <name>.debug_info</name>
         <load_address>0x109ee</load_address>
         <run_address>0x109ee</run_address>
         <size>0x4c5</size>
         <input_file_ref idref="fl-2"/>
      </object_component>
      <object_component id="oc-1bf">
         <name>.debug_info</name>
         <load_address>0x10eb3</load_address>
         <run_address>0x10eb3</run_address>
         <size>0xe4</size>
         <input_file_ref idref="fl-2"/>
      </object_component>
      <object_component id="oc-1c6">
         <name>.debug_info</name>
         <load_address>0x10f97</load_address>
         <run_address>0x10f97</run_address>
         <size>0x84</size>
         <input_file_ref idref="fl-2"/>
      </object_component>
      <object_component id="oc-1cc">
         <name>.debug_info</name>
         <load_address>0x1101b</load_address>
         <run_address>0x1101b</run_address>
         <size>0x14b</size>
         <input_file_ref idref="fl-154"/>
      </object_component>
      <object_component id="oc-1d3">
         <name>.debug_info</name>
         <load_address>0x11166</load_address>
         <run_address>0x11166</run_address>
         <size>0x11b</size>
         <input_file_ref idref="fl-151"/>
      </object_component>
      <object_component id="oc-1d5">
         <name>.debug_info</name>
         <load_address>0x11281</load_address>
         <run_address>0x11281</run_address>
         <size>0xc8</size>
         <input_file_ref idref="fl-14f"/>
      </object_component>
      <object_component id="oc-1d8">
         <name>.debug_info</name>
         <load_address>0x11349</load_address>
         <run_address>0x11349</run_address>
         <size>0xeb</size>
         <input_file_ref idref="fl-140"/>
      </object_component>
      <object_component id="oc-1db">
         <name>.debug_info</name>
         <load_address>0x11434</load_address>
         <run_address>0x11434</run_address>
         <size>0x146</size>
         <input_file_ref idref="fl-140"/>
      </object_component>
      <object_component id="oc-1e0">
         <name>.debug_info</name>
         <load_address>0x1157a</load_address>
         <run_address>0x1157a</run_address>
         <size>0x2c</size>
         <input_file_ref idref="fl-13d"/>
      </object_component>
      <object_component id="oc-1e7">
         <name>.debug_info</name>
         <load_address>0x115a6</load_address>
         <run_address>0x115a6</run_address>
         <size>0x2c</size>
         <input_file_ref idref="fl-13f"/>
      </object_component>
      <object_component id="oc-1f3">
         <name>.debug_info</name>
         <load_address>0x115d2</load_address>
         <run_address>0x115d2</run_address>
         <size>0x2c</size>
         <input_file_ref idref="fl-146"/>
      </object_component>
      <object_component id="oc-1f8">
         <name>.debug_info</name>
         <load_address>0x115fe</load_address>
         <run_address>0x115fe</run_address>
         <size>0x62</size>
         <input_file_ref idref="fl-146"/>
      </object_component>
      <object_component id="oc-1fe">
         <name>.debug_info</name>
         <load_address>0x11660</load_address>
         <run_address>0x11660</run_address>
         <size>0x18b</size>
         <input_file_ref idref="fl-b"/>
      </object_component>
      <object_component id="oc-203">
         <name>.debug_info</name>
         <load_address>0x117eb</load_address>
         <run_address>0x117eb</run_address>
         <size>0x90</size>
         <input_file_ref idref="fl-b"/>
      </object_component>
      <object_component id="oc-208">
         <name>.debug_info</name>
         <load_address>0x1187b</load_address>
         <run_address>0x1187b</run_address>
         <size>0x1d7</size>
         <input_file_ref idref="fl-10"/>
      </object_component>
      <object_component id="oc-20c">
         <name>.debug_info</name>
         <load_address>0x11a52</load_address>
         <run_address>0x11a52</run_address>
         <size>0x1c2</size>
         <input_file_ref idref="fl-e"/>
      </object_component>
      <object_component id="oc-20f">
         <name>.debug_info</name>
         <load_address>0x11c14</load_address>
         <run_address>0x11c14</run_address>
         <size>0x1ba</size>
         <input_file_ref idref="fl-e"/>
      </object_component>
      <object_component id="oc-211">
         <name>.debug_info</name>
         <load_address>0x11dce</load_address>
         <run_address>0x11dce</run_address>
         <size>0x227</size>
         <input_file_ref idref="fl-f"/>
      </object_component>
      <object_component id="oc-217">
         <name>.debug_info</name>
         <load_address>0x11ff5</load_address>
         <run_address>0x11ff5</run_address>
         <size>0x1b9</size>
         <input_file_ref idref="fl-f"/>
      </object_component>
      <object_component id="oc-220">
         <name>.debug_info</name>
         <load_address>0x121ae</load_address>
         <run_address>0x121ae</run_address>
         <size>0x264</size>
         <input_file_ref idref="fl-d"/>
      </object_component>
      <object_component id="oc-226">
         <name>.debug_info</name>
         <load_address>0x12412</load_address>
         <run_address>0x12412</run_address>
         <size>0x21e</size>
         <input_file_ref idref="fl-d"/>
      </object_component>
      <object_component id="oc-22c">
         <name>.debug_info</name>
         <load_address>0x12630</load_address>
         <run_address>0x12630</run_address>
         <size>0xff</size>
         <input_file_ref idref="fl-d"/>
      </object_component>
      <object_component id="oc-22f">
         <name>.debug_info</name>
         <load_address>0x1272f</load_address>
         <run_address>0x1272f</run_address>
         <size>0x10b</size>
         <input_file_ref idref="fl-d"/>
      </object_component>
      <object_component id="oc-232">
         <name>.debug_info</name>
         <load_address>0x1283a</load_address>
         <run_address>0x1283a</run_address>
         <size>0x112</size>
         <input_file_ref idref="fl-d"/>
      </object_component>
      <object_component id="oc-235">
         <name>.debug_info</name>
         <load_address>0x1294c</load_address>
         <run_address>0x1294c</run_address>
         <size>0x226</size>
         <input_file_ref idref="fl-d"/>
      </object_component>
      <object_component id="oc-238">
         <name>.debug_info</name>
         <load_address>0x12b72</load_address>
         <run_address>0x12b72</run_address>
         <size>0x10d</size>
         <input_file_ref idref="fl-10"/>
      </object_component>
      <object_component id="oc-23c">
         <name>.debug_info</name>
         <load_address>0x12c7f</load_address>
         <run_address>0x12c7f</run_address>
         <size>0x217</size>
         <input_file_ref idref="fl-10"/>
      </object_component>
      <object_component id="oc-247">
         <name>.debug_info</name>
         <load_address>0x12e96</load_address>
         <run_address>0x12e96</run_address>
         <size>0x26f</size>
         <input_file_ref idref="fl-10"/>
      </object_component>
      <object_component id="oc-24d">
         <name>.debug_info</name>
         <load_address>0x13105</load_address>
         <run_address>0x13105</run_address>
         <size>0x2b0</size>
         <input_file_ref idref="fl-e"/>
      </object_component>
      <object_component id="oc-256">
         <name>.debug_info</name>
         <load_address>0x133b5</load_address>
         <run_address>0x133b5</run_address>
         <size>0x233</size>
         <input_file_ref idref="fl-b"/>
      </object_component>
      <object_component id="oc-25c">
         <name>.debug_info</name>
         <load_address>0x135e8</load_address>
         <run_address>0x135e8</run_address>
         <size>0x1ab</size>
         <input_file_ref idref="fl-b"/>
      </object_component>
      <object_component id="oc-262">
         <name>.debug_info</name>
         <load_address>0x13793</load_address>
         <run_address>0x13793</run_address>
         <size>0x1ce</size>
         <input_file_ref idref="fl-b"/>
      </object_component>
      <object_component id="oc-264">
         <name>.debug_info</name>
         <load_address>0x13961</load_address>
         <run_address>0x13961</run_address>
         <size>0x144</size>
         <input_file_ref idref="fl-c"/>
      </object_component>
      <object_component id="oc-271">
         <name>.debug_info</name>
         <load_address>0x13aa5</load_address>
         <run_address>0x13aa5</run_address>
         <size>0x12c3</size>
         <input_file_ref idref="fl-150"/>
      </object_component>
      <object_component id="oc-277">
         <name>.debug_info</name>
         <load_address>0x14d68</load_address>
         <run_address>0x14d68</run_address>
         <size>0x170</size>
         <input_file_ref idref="fl-148"/>
      </object_component>
      <object_component id="oc-278">
         <name>.debug_info</name>
         <load_address>0x14ed8</load_address>
         <run_address>0x14ed8</run_address>
         <size>0x4e</size>
         <input_file_ref idref="fl-3"/>
      </object_component>
      <object_component id="oc-281">
         <name>.debug_info</name>
         <load_address>0x14f26</load_address>
         <run_address>0x14f26</run_address>
         <size>0x110</size>
         <input_file_ref idref="fl-3"/>
      </object_component>
      <object_component id="oc-288">
         <name>.debug_info</name>
         <load_address>0x15036</load_address>
         <run_address>0x15036</run_address>
         <size>0xaa</size>
         <input_file_ref idref="fl-14b"/>
      </object_component>
      <object_component id="oc-28a">
         <name>.debug_info</name>
         <load_address>0x150e0</load_address>
         <run_address>0x150e0</run_address>
         <size>0x313</size>
         <input_file_ref idref="fl-2"/>
      </object_component>
      <object_component id="oc-28f">
         <name>.debug_info</name>
         <load_address>0x153f3</load_address>
         <run_address>0x153f3</run_address>
         <size>0x70</size>
         <input_file_ref idref="fl-2"/>
      </object_component>
      <object_component id="oc-295">
         <name>.debug_info</name>
         <load_address>0x15463</load_address>
         <run_address>0x15463</run_address>
         <size>0x137</size>
         <input_file_ref idref="fl-14e"/>
      </object_component>
      <object_component id="oc-29a">
         <name>.debug_info</name>
         <load_address>0x1559a</load_address>
         <run_address>0x1559a</run_address>
         <size>0x130</size>
         <input_file_ref idref="fl-6"/>
      </object_component>
      <object_component id="oc-29d">
         <name>.debug_info</name>
         <load_address>0x156ca</load_address>
         <run_address>0x156ca</run_address>
         <size>0x116</size>
         <input_file_ref idref="fl-6"/>
      </object_component>
      <object_component id="oc-2a0">
         <name>.debug_info</name>
         <load_address>0x157e0</load_address>
         <run_address>0x157e0</run_address>
         <size>0x112</size>
         <input_file_ref idref="fl-6"/>
      </object_component>
      <object_component id="oc-2a3">
         <name>.debug_info</name>
         <load_address>0x158f2</load_address>
         <run_address>0x158f2</run_address>
         <size>0x152</size>
         <input_file_ref idref="fl-6"/>
      </object_component>
      <object_component id="oc-2a4">
         <name>.debug_info</name>
         <load_address>0x15a44</load_address>
         <run_address>0x15a44</run_address>
         <size>0x16f</size>
         <input_file_ref idref="fl-6"/>
      </object_component>
      <object_component id="oc-2ab">
         <name>.debug_info</name>
         <load_address>0x15bb3</load_address>
         <run_address>0x15bb3</run_address>
         <size>0xdb</size>
         <input_file_ref idref="fl-157"/>
      </object_component>
      <object_component id="oc-2b0">
         <name>.debug_info</name>
         <load_address>0x15c8e</load_address>
         <run_address>0x15c8e</run_address>
         <size>0xff</size>
         <input_file_ref idref="fl-156"/>
      </object_component>
      <object_component id="oc-2b5">
         <name>.debug_info</name>
         <load_address>0x15d8d</load_address>
         <run_address>0x15d8d</run_address>
         <size>0xe7</size>
         <input_file_ref idref="fl-143"/>
      </object_component>
      <object_component id="oc-2b8">
         <name>.debug_info</name>
         <load_address>0x15e74</load_address>
         <run_address>0x15e74</run_address>
         <size>0x9a</size>
         <input_file_ref idref="fl-14a"/>
      </object_component>
      <object_component id="oc-2ba">
         <name>.debug_info</name>
         <load_address>0x15f0e</load_address>
         <run_address>0x15f0e</run_address>
         <size>0x1c5</size>
         <input_file_ref idref="fl-4"/>
      </object_component>
      <object_component id="oc-2be">
         <name>.debug_info</name>
         <load_address>0x160d3</load_address>
         <run_address>0x160d3</run_address>
         <size>0xfb</size>
         <input_file_ref idref="fl-4"/>
      </object_component>
      <object_component id="oc-2ce">
         <name>.debug_info</name>
         <load_address>0x161ce</load_address>
         <run_address>0x161ce</run_address>
         <size>0x153</size>
         <input_file_ref idref="fl-14d"/>
      </object_component>
      <object_component id="oc-2d4">
         <name>.debug_info</name>
         <load_address>0x16321</load_address>
         <run_address>0x16321</run_address>
         <size>0x116</size>
         <input_file_ref idref="fl-14c"/>
      </object_component>
      <object_component id="oc-2d6">
         <name>.debug_info</name>
         <load_address>0x16437</load_address>
         <run_address>0x16437</run_address>
         <size>0x101</size>
         <input_file_ref idref="fl-146"/>
      </object_component>
      <object_component id="oc-2da">
         <name>.debug_info</name>
         <load_address>0x16538</load_address>
         <run_address>0x16538</run_address>
         <size>0x148</size>
         <input_file_ref idref="fl-154"/>
      </object_component>
      <object_component id="oc-2dd">
         <name>.debug_info</name>
         <load_address>0x16680</load_address>
         <run_address>0x16680</run_address>
         <size>0x5e</size>
         <input_file_ref idref="fl-151"/>
      </object_component>
      <object_component id="oc-2e3">
         <name>.debug_info</name>
         <load_address>0x166de</load_address>
         <run_address>0x166de</run_address>
         <size>0x1d4</size>
         <input_file_ref idref="fl-14f"/>
      </object_component>
      <object_component id="oc-2ea">
         <name>.debug_info</name>
         <load_address>0x168b2</load_address>
         <run_address>0x168b2</run_address>
         <size>0xd9</size>
         <input_file_ref idref="fl-14f"/>
      </object_component>
      <object_component id="oc-2f9">
         <name>.debug_info</name>
         <load_address>0x1698b</load_address>
         <run_address>0x1698b</run_address>
         <size>0x16f</size>
         <input_file_ref idref="fl-f"/>
      </object_component>
      <object_component id="oc-2ff">
         <name>.debug_info</name>
         <load_address>0x16afa</load_address>
         <run_address>0x16afa</run_address>
         <size>0x105</size>
         <input_file_ref idref="fl-d"/>
      </object_component>
      <object_component id="oc-30b">
         <name>.debug_info</name>
         <load_address>0x16bff</load_address>
         <run_address>0x16bff</run_address>
         <size>0x5f</size>
         <input_file_ref idref="fl-d"/>
      </object_component>
      <object_component id="oc-314">
         <name>.debug_info</name>
         <load_address>0x16c5e</load_address>
         <run_address>0x16c5e</run_address>
         <size>0x119</size>
         <input_file_ref idref="fl-10"/>
      </object_component>
      <object_component id="oc-317">
         <name>.debug_info</name>
         <load_address>0x16d77</load_address>
         <run_address>0x16d77</run_address>
         <size>0x11b</size>
         <input_file_ref idref="fl-10"/>
[...]
      </symbol>
      <symbol id="sm-39f">
         <name>g_pfnVectors</name>
         <value>0x0</value>
         <object_component_ref idref="oc-e"/>
      </symbol>
      <symbol id="sm-47f">
         <name>uvsnprintf</name>
         <value>0x3b45</value>
         <object_component_ref idref="oc-169"/>
      </symbol>
      <symbol id="sm-480">
         <name>ustrncasecmp</name>
         <value>0x460d</value>
         <object_component_ref idref="oc-169"/>
      </symbol>
      <symbol id="sm-481">
         <name>ustrncpy</name>
         <value>0x3aed</value>
         <object_component_ref idref="oc-169"/>
      </symbol>
      <symbol id="sm-482">
         <name>ustrlen</name>
         <value>0x45b5</value>
         <object_component_ref idref="oc-169"/>
      </symbol>
      <symbol id="sm-483">
         <name>ulocaltime</name>
         <value>0x3fd1</value>
         <object_component_ref idref="oc-169"/>
      </symbol>
      <symbol id="sm-484">
         <name>ustrtof</name>
         <value>0x437d</value>
         <object_component_ref idref="oc-169"/>
      </symbol>
      <symbol id="sm-485">
         <name>ustrstr</name>
         <value>0x45d7</value>
         <object_component_ref idref="oc-169"/>
      </symbol>
      <symbol id="sm-486">
         <name>ustrcmp</name>
         <value>0x4725</value>
         <object_component_ref idref="oc-169"/>
      </symbol>
      <symbol id="sm-487">
         <name>usprintf</name>
         <value>0x3f6f</value>
         <object_component_ref idref="oc-169"/>
      </symbol>
      <symbol id="sm-488">
         <name>usnprintf</name>
         <value>0x3fa1</value>
         <object_component_ref idref="oc-169"/>
      </symbol>
      <symbol id="sm-489">
         <name>ustrtoul</name>
         <value>0x4245</value>
         <object_component_ref idref="oc-169"/>
      </symbol>
      <symbol id="sm-48a">
         <name>ustrcasecmp</name>
         <value>0x46b1</value>
         <object_component_ref idref="oc-169"/>
      </symbol>
      <symbol id="sm-48b">
         <name>umktime</name>
         <value>0x41cf</value>
         <object_component_ref idref="oc-169"/>
      </symbol>
      <symbol id="sm-48c">
         <name>usrand</name>
         <value>0x4739</value>
         <object_component_ref idref="oc-169"/>
      </symbol>
      <symbol id="sm-48d">
         <name>ustrncmp</name>
         <value>0x46c5</value>
         <object_component_ref idref="oc-169"/>
      </symbol>
      <symbol id="sm-48e">
         <name>urand</name>
         <value>0x4749</value>
         <object_component_ref idref="oc-169"/>
      </symbol>
      <symbol id="sm-4d9">
         <name>UARTConfigSetExpClk</name>
         <value>0x712f</value>
         <object_component_ref idref="oc-ff"/>
      </symbol>
      <symbol id="sm-4da">
         <name>UARTDisable</name>
         <value>0x7301</value>
         <object_component_ref idref="oc-255"/>
      </symbol>
      <symbol id="sm-4db">
         <name>UARTCharsAvail</name>
         <value>0x75a1</value>
         <object_component_ref idref="oc-197"/>
      </symbol>
      <symbol id="sm-4dc">
         <name>UARTCharPut</name>
         <value>0x75c3</value>
         <object_component_ref idref="oc-141"/>
      </symbol>
      <symbol id="sm-4dd">
         <name>UARTEnable</name>
         <value>0x7479</value>
         <object_component_ref idref="oc-25b"/>
      </symbol>
      <symbol id="sm-4de">
         <name>UARTCharGet</name>
         <value>0x75b9</value>
         <object_component_ref idref="oc-19d"/>
      </symbol>
      <symbol id="sm-501">
         <name>SysTickEnable</name>
         <value>0x7451</value>
         <object_component_ref idref="oc-111"/>
      </symbol>
      <symbol id="sm-502">
         <name>SysTickIntEnable</name>
         <value>0x7465</value>
         <object_component_ref idref="oc-10b"/>
      </symbol>
      <symbol id="sm-503">
         <name>SysTickPeriodSet</name>
         <value>0x753d</value>
         <object_component_ref idref="oc-105"/>
      </symbol>
      <symbol id="sm-579">
         <name>SysCtlPeripheralEnable</name>
         <value>0x721d</value>
         <object_component_ref idref="oc-c3"/>
      </symbol>
      <symbol id="sm-57a">
         <name>SysCtlClockFreqSet</name>
         <value>0x5ead</value>
         <object_component_ref idref="oc-bd"/>
      </symbol>
      <symbol id="sm-5d7">
         <name>IntIsEnabled</name>
         <value>0x6b8d</value>
         <object_component_ref idref="oc-f9"/>
      </symbol>
      <symbol id="sm-5d8">
         <name>IntEnable</name>
         <value>0x6c51</value>
         <object_component_ref idref="oc-129"/>
      </symbol>
      <symbol id="sm-5d9">
         <name>IntDisable</name>
         <value>0x6bf1</value>
         <object_component_ref idref="oc-87"/>
      </symbol>
      <symbol id="sm-5da">
         <name>IntRegister</name>
         <value>0x71e9</value>
         <object_component_ref idref="oc-24c"/>
      </symbol>
      <symbol id="sm-5db">
         <name>g_pfnRAMVectors</name>
         <value>0x20000000</value>
         <object_component_ref idref="oc-31a"/>
      </symbol>
      <symbol id="sm-67b">
         <name>HibernateDataSet</name>
         <value>0x72d9</value>
         <object_component_ref idref="oc-ab"/>
      </symbol>
      <symbol id="sm-67c">
         <name>HibernateIntClear</name>
         <value>0x7415</value>
         <object_component_ref idref="oc-a5"/>
      </symbol>
      <symbol id="sm-67d">
         <name>HibernateRTCSet</name>
         <value>0x7281</value>
         <object_component_ref idref="oc-8d"/>
      </symbol>
      <symbol id="sm-67e">
         <name>HibernateWakeSet</name>
         <value>0x6b29</value>
         <object_component_ref idref="oc-b1"/>
      </symbol>
      <symbol id="sm-67f">
         <name>HibernateEnableExpClk</name>
         <value>0x7401</value>
         <object_component_ref idref="oc-12f"/>
      </symbol>
      <symbol id="sm-680">
         <name>HibernateClockConfig</name>
         <value>0x6f01</value>
         <object_component_ref idref="oc-135"/>
      </symbol>
      <symbol id="sm-681">
         <name>HibernateRTCMatchSet</name>
         <value>0x752d</value>
         <object_component_ref idref="oc-99"/>
      </symbol>
      <symbol id="sm-682">
         <name>HibernateRequest</name>
         <value>0x743d</value>
         <object_component_ref idref="oc-b7"/>
      </symbol>
      <symbol id="sm-683">
         <name>HibernateRTCEnable</name>
         <value>0x7429</value>
         <object_component_ref idref="oc-13b"/>
      </symbol>
      <symbol id="sm-684">
         <name>HibernateIntStatus</name>
         <value>0x73a1</value>
         <object_component_ref idref="oc-9f"/>
      </symbol>
      <symbol id="sm-685">
         <name>HibernateIsActive</name>
         <value>0x751d</value>
         <object_component_ref idref="oc-123"/>
      </symbol>
      <symbol id="sm-686">
         <name>HibernateRTCGet</name>
         <value>0x7595</value>
         <object_component_ref idref="oc-93"/>
      </symbol>
      <symbol id="sm-729">
         <name>GPIOIntRegister</name>
         <value>0x7371</value>
         <object_component_ref idref="oc-ed"/>
      </symbol>
      <symbol id="sm-72a">
         <name>GPIOPinConfigure</name>
         <value>0x6eb9</value>
         <object_component_ref idref="oc-c9"/>
      </symbol>
      <symbol id="sm-72b">
         <name>GPIOIntEnable</name>
         <value>0x7589</value>
         <object_component_ref idref="oc-f3"/>
      </symbol>
      <symbol id="sm-72c">
         <name>GPIOIntTypeSet</name>
         <value>0x6dc9</value>
         <object_component_ref idref="oc-e7"/>
      </symbol>
      <symbol id="sm-72d">
         <name>GPIOPinTypeGPIOInput</name>
         <value>0x74b5</value>
         <object_component_ref idref="oc-db"/>
      </symbol>
      <symbol id="sm-72e">
         <name>GPIOIntClear</name>
         <value>0x75cd</value>
         <object_component_ref idref="oc-7b"/>
      </symbol>
      <symbol id="sm-72f">
         <name>GPIOPinTypeUART</name>
         <value>0x74c7</value>
         <object_component_ref idref="oc-cf"/>
      </symbol>
      <symbol id="sm-730">
         <name>GPIOIntStatus</name>
         <value>0x756d</value>
         <object_component_ref idref="oc-75"/>
      </symbol>
      <symbol id="sm-731">
         <name>GPIOPinTypeGPIOOutput</name>
         <value>0x7389</value>
         <object_component_ref idref="oc-d5"/>
      </symbol>
      <symbol id="sm-732">
         <name>GPIOPinRead</name>
         <value>0x75d3</value>
         <object_component_ref idref="oc-18b"/>
      </symbol>
      <symbol id="sm-733">
         <name>GPIODirModeSet</name>
         <value>0x72ad</value>
         <object_component_ref idref="oc-23b"/>
      </symbol>
      <symbol id="sm-734">
         <name>GPIOPinWrite</name>
         <value>0x75d9</value>
         <object_component_ref idref="oc-81"/>
      </symbol>
      <symbol id="sm-735">
         <name>GPIOPadConfigSet</name>
         <value>0x6589</value>
         <object_component_ref idref="oc-e1"/>
      </symbol>
      <symbol id="sm-74b">
         <name>FPULazyStackingEnable</name>
         <value>0x750d</value>
         <object_component_ref idref="oc-11d"/>
      </symbol>
      <symbol id="sm-74c">
         <name>FPUEnable</name>
         <value>0x74fd</value>
         <object_component_ref idref="oc-117"/>
      </symbol>
      <symbol id="sm-75d">
         <name>_c_int00</name>
         <value>0x6f91</value>
         <object_component_ref idref="oc-11"/>
      </symbol>
      <symbol id="sm-75e">
         <name>__stack</name>
         <value>0x2000026c</value>
         <object_component_ref idref="oc-28"/>
      </symbol>
      <symbol id="sm-775">
         <name>__TI_decompress_none</name>
         <value>0x757b</value>
         <object_component_ref idref="oc-16"/>
      </symbol>
      <symbol id="sm-799">
         <name>__TI_decompress_rle24</name>
         <value>0x75df</value>
         <object_component_ref idref="oc-22"/>
      </symbol>
      <symbol id="sm-7b2">
         <name>__TI_zero_init</name>
         <value>0x74d9</value>
         <object_component_ref idref="oc-1c"/>
      </symbol>
      <symbol id="sm-7d1">
         <name>C$$EXIT</name>
         <value>0x7065</value>
         <object_component_ref idref="oc-46"/>
      </symbol>
      <symbol id="sm-7d2">
         <name>abort</name>
         <value>0x7069</value>
         <object_component_ref idref="oc-46"/>
      </symbol>
      <symbol id="sm-7d3">
         <name>exit</name>
         <value>0x7071</value>
         <object_component_ref idref="oc-46"/>
      </symbol>
      <symbol id="sm-7d4">
         <name>__TI_dtors_ptr</name>
         <value>0x20004700</value>
         <object_component_ref idref="oc-1d7"/>
      </symbol>
      <symbol id="sm-7d5">
         <name>__TI_cleanup_ptr</name>
         <value>0x200046fc</value>
         <object_component_ref idref="oc-1d7"/>
      </symbol>
      <symbol id="sm-7e0">
         <name>__aeabi_dmul</name>
         <value>0x66b9</value>
         <object_component_ref idref="oc-16f"/>
      </symbol>
      <symbol id="sm-7ea">
         <name>__aeabi_d2f</name>
         <value>0x6e6d</value>
         <object_component_ref idref="oc-17a"/>
      </symbol>
      <symbol id="sm-803">
         <name>floor</name>
         <value>0x67b5</value>
         <object_component_ref idref="oc-174"/>
      </symbol>
      <symbol id="sm-80e">
         <name>__aeabi_f2d</name>
         <value>0x71b1</value>
         <object_component_ref idref="oc-147"/>
      </symbol>
      <symbol id="sm-829">
         <name>memcpy</name>
         <value>0x6875</value>
         <object_component_ref idref="oc-50"/>
      </symbol>
      <symbol id="sm-82a">
         <name>__aeabi_memcpy</name>
         <value>0x6875</value>
         <object_component_ref idref="oc-50"/>
      </symbol>
      <symbol id="sm-82b">
         <name>__aeabi_memcpy8</name>
         <value>0x6875</value>
         <object_component_ref idref="oc-50"/>
      </symbol>
      <symbol id="sm-82c">
         <name>__aeabi_memcpy4</name>
         <value>0x6875</value>
         <object_component_ref idref="oc-50"/>
      </symbol>
      <symbol id="sm-8a1">
         <name>_sys_memory</name>
         <value>0x20002270</value>
         <object_component_ref idref="oc-29"/>
      </symbol>
      <symbol id="sm-8a2">
         <name>free</name>
         <value>0x5bcf</value>
         <object_component_ref idref="oc-1a9"/>
      </symbol>
      <symbol id="sm-8a3">
         <name>realloc</name>
         <value>0x5c8f</value>
         <object_component_ref idref="oc-1a9"/>
      </symbol>
      <symbol id="sm-8a4">
         <name>memalign</name>
         <value>0x5d95</value>
         <object_component_ref idref="oc-1a9"/>
      </symbol>
      <symbol id="sm-8a5">
         <name>calloc</name>
         <value>0x5e75</value>
         <object_component_ref idref="oc-1a9"/>
      </symbol>
      <symbol id="sm-8a6">
         <name>malloc</name>
         <value>0x5b6d</value>
         <object_component_ref idref="oc-1a9"/>
      </symbol>
      <symbol id="sm-8a7">
         <name>minit</name>
         <value>0x5ae1</value>
         <object_component_ref idref="oc-1a9"/>
      </symbol>
      <symbol id="sm-8b6">
         <name>__aeabi_memset</name>
         <value>0x6ab3</value>
         <object_component_ref idref="oc-158"/>
      </symbol>
      <symbol id="sm-8b7">
         <name>memset</name>
         <value>0x6ab9</value>
         <object_component_ref idref="oc-158"/>
      </symbol>
      <symbol id="sm-8b8">
         <name>__aeabi_memset8</name>
         <value>0x6ab3</value>
         <object_component_ref idref="oc-158"/>
      </symbol>
      <symbol id="sm-8b9">
         <name>__aeabi_memset4</name>
         <value>0x6ab3</value>
         <object_component_ref idref="oc-158"/>
      </symbol>
      <symbol id="sm-8ba">
         <name>__aeabi_memclr8</name>
         <value>0x6ab1</value>
         <object_component_ref idref="oc-158"/>
      </symbol>
      <symbol id="sm-8bb">
         <name>__aeabi_memclr4</name>
         <value>0x6ab1</value>
         <object_component_ref idref="oc-158"/>
      </symbol>
      <symbol id="sm-8bc">
         <name>__aeabi_memclr</name>
         <value>0x6ab1</value>
         <object_component_ref idref="oc-158"/>
      </symbol>
      <symbol id="sm-8d5">
         <name>sprintf</name>
         <value>0x6cb1</value>
         <object_component_ref idref="oc-14c"/>
      </symbol>
      <symbol id="sm-8dd">
         <name>main_func_sp</name>
         <value>0x20004704</value>
         <object_component_ref idref="oc-4c"/>
      </symbol>
      <symbol id="sm-8ec">
         <name>strcmp</name>
         <value>0x73e9</value>
         <object_component_ref idref="oc-17f"/>
      </symbol>
      <symbol id="sm-8fa">
         <name>strcpy</name>
         <value>0x755d</value>
         <object_component_ref idref="oc-15d"/>
      </symbol>
      <symbol id="sm-908">
         <name>strdup</name>
         <value>0x7355</value>
         <object_component_ref idref="oc-1a3"/>
      </symbol>
      <symbol id="sm-916">
         <name>strlen</name>
         <value>0x74a1</value>
         <object_component_ref idref="oc-2cd"/>
      </symbol>
      <symbol id="sm-926">
         <name>__aeabi_uidivmod</name>
         <value>0x70ed</value>
         <object_component_ref idref="oc-294"/>
      </symbol>
      <symbol id="sm-93f">
         <name>_nop</name>
         <value>0x749b</value>
         <object_component_ref idref="oc-2e2"/>
      </symbol>
      <symbol id="sm-940">
         <name>_lock</name>
         <value>0x200046f4</value>
         <object_component_ref idref="oc-1d4"/>
      </symbol>
      <symbol id="sm-941">
         <name>_unlock</name>
         <value>0x200046f8</value>
         <object_component_ref idref="oc-1d4"/>
      </symbol>
      <symbol id="sm-942">
         <name>_register_lock</name>
         <value>0x7493</value>
         <object_component_ref idref="oc-2e2"/>
      </symbol>
      <symbol id="sm-943">
         <name>_register_unlock</name>
         <value>0x748d</value>
         <object_component_ref idref="oc-2e2"/>
      </symbol>
      <symbol id="sm-a2f">
         <name>__TI_printfi</name>
         <value>0x37e3</value>
         <object_component_ref idref="oc-270"/>
      </symbol>
      <symbol id="sm-a43">
         <name>_args_main</name>
         <value>0x73b9</value>
         <object_component_ref idref="oc-40"/>
      </symbol>
      <symbol id="sm-a59">
         <name>atoi</name>
         <value>0x6e21</value>
         <object_component_ref idref="oc-354"/>
      </symbol>
      <symbol id="sm-a76">
         <name>__TI_auto_init</name>
         <value>0x6911</value>
         <object_component_ref idref="oc-3b"/>
      </symbol>
      <symbol id="sm-a8f">
         <name>copy_in</name>
         <value>0x7021</value>
         <object_component_ref idref="oc-1cb"/>
      </symbol>
      <symbol id="sm-a9a">
         <name>_ctypes_</name>
         <value>0x7704</value>
         <object_component_ref idref="oc-3ae"/>
      </symbol>
      <symbol id="sm-ab1">
         <name>__aeabi_dsub</name>
         <value>0x629d</value>
         <object_component_ref idref="oc-2af"/>
      </symbol>
      <symbol id="sm-ab2">
         <name>__aeabi_dadd</name>
         <value>0x62a7</value>
         <object_component_ref idref="oc-2af"/>
      </symbol>
      <symbol id="sm-ad4">
         <name>__aeabi_cdcmpeq</name>
         <value>0x69a5</value>
         <object_component_ref idref="oc-2aa"/>
      </symbol>
      <symbol id="sm-ad5">
         <name>__aeabi_cdcmple</name>
         <value>0x69a5</value>
         <object_component_ref idref="oc-2aa"/>
      </symbol>
      <symbol id="sm-ad6">
         <name>__aeabi_cdrcmple</name>
         <value>0x6a2b</value>
         <object_component_ref idref="oc-333"/>
      </symbol>
      <symbol id="sm-aea">
         <name>__aeabi_ddiv</name>
         <value>0x6453</value>
         <object_component_ref idref="oc-32e"/>
      </symbol>
      <symbol id="sm-af4">
         <name>__aeabi_d2iz</name>
         <value>0x6fd9</value>
         <object_component_ref idref="oc-338"/>
      </symbol>
      <symbol id="sm-afe">
         <name>__aeabi_i2d</name>
         <value>0x7251</value>
         <object_component_ref idref="oc-343"/>
      </symbol>
      <symbol id="sm-b07">
         <name>__aeabi_lmul</name>
         <value>0x73d1</value>
         <object_component_ref idref="oc-329"/>
      </symbol>
      <symbol id="sm-b16">
         <name>ltoa</name>
         <value>0x6d6f</value>
         <object_component_ref idref="oc-33d"/>
      </symbol>
      <symbol id="sm-b26">
         <name>memccpy</name>
         <value>0x7339</value>
         <object_component_ref idref="oc-34e"/>
      </symbol>
      <symbol id="sm-b42">
         <name>__aeabi_uldivmod</name>
         <value>0x60a9</value>
         <object_component_ref idref="oc-324"/>
      </symbol>
      <symbol id="sm-b4c">
         <name>_Dclass</name>
         <value>0x74eb</value>
         <object_component_ref idref="oc-348"/>
      </symbol>
      <symbol id="sm-b5e">
         <name>_Dtest</name>
         <value>0x70a9</value>
         <object_component_ref idref="oc-3a5"/>
      </symbol>
      <symbol id="sm-b5f">
         <name>__TI_static_base__</name>
         <value>0x0</value>
      </symbol>
      <symbol id="sm-b60">
         <name>__TI_args_main</name>
         <value>0x1</value>
      </symbol>
      <symbol id="sm-b61">
         <name>SHT$$INIT_ARRAY$$Limit</name>
         <value>0x0</value>
      </symbol>
      <symbol id="sm-b62">
         <name>SHT$$INIT_ARRAY$$Base</name>
         <value>0x0</value>
      </symbol>
   </symbol_table>
   <title>Link successful</title>
</link_info>
