******************************************************************************
                  TI ARM Linker Unix v5.1.6                    
******************************************************************************
>> Linked Mon Nov  3 15:56:10 2014

OUTPUT FILE NAME:   <launchpad-gps.out>
ENTRY POINT SYMBOL: "_c_int00"  address: 000008bd


MEMORY CONFIGURATION

         name            origin    length      used     unused   attr    fill
----------------------  --------  ---------  --------  --------  ----  --------
  FLASH                 00000000   00100000  00000e56  000ff1aa  R  X
  SRAM                  20000000   00040000  00000084  0003ff7c  RW X


SEGMENT ALLOCATION MAP

run origin  load origin   length   init length attrs members
----------  ----------- ---------- ----------- ----- -------
00000000    00000000    00000e58   00000e58    r-x
  00000000    00000000    00000208   00000208    r-- .intvecs
  00000208    00000208    00000952   00000952    r-x .text
  00000b5c    00000b5c    000002c4   000002c4    r-- .const
  00000e20    00000e20    00000038   00000038    r-- .cinit
20000000    20000000    00000084   00000000    rw-
  20000000    20000000    00000064   00000000    rw- .stack
  20000064    20000064    00000014   00000000    rw- .data
  20000078    20000078    00000008   00000000    rw- .sysmem
  20000080    20000080    00000004   00000000    rw- .bss


SECTION ALLOCATION MAP

 output                                  attributes/
section   page    origin      length       input sections
--------  ----  ----------  ----------   ----------------
.intvecs   0    00000000    00000208     
                  00000000    00000208     tm4c1294ncpdt_startup_ccs.obj (.intvecs)

.init_array 
*          0    00000000    00000000     UNINITIALIZED

.text      0    00000208    00000952     
                  00000208    000001fc     driverlib.lib : sysctl.obj (.text:SysCtlClockFreqSet)
                  00000404    00000130                   : gpio.obj (.text:GPIOPadConfigSet)
                  00000534    00000108     main.obj (.text)
                  0000063c    0000009c     rtsv7M4_T_le_v4SPD16_eabi.lib : memcpy_t2.obj (.text)
                  000006d8    00000094                                   : auto_init.obj (.text)
                  0000076c    00000060     driverlib.lib : interrupt.obj (.text:IntEnable)
                  000007cc    0000005e     rtsv7M4_T_le_v4SPD16_eabi.lib : copy_decompress_rle.obj (.text)
                  0000082a    00000002     --HOLE-- [fill = 0]
                  0000082c    00000048     driverlib.lib : gpio.obj (.text:GPIOPinConfigure)
                  00000874    00000048                   : sysctl.obj (.text:_SysCtlFrequencyGet)
                  000008bc    00000048     rtsv7M4_T_le_v4SPD16_eabi.lib : boot.obj (.text)
                  00000904    00000044                                   : cpy_tbl.obj (.text)
                  00000948    00000044                                   : exit.obj (.text)
                  0000098c    00000040     driverlib.lib : uart.obj (.text:UARTConfigSetExpClk)
                  000009cc    00000034                   : sysctl.obj (.text:SysCtlPeripheralEnable)
                  00000a00    0000002a                   : gpio.obj (.text:GPIODirModeSet)
                  00000a2a    00000002     --HOLE-- [fill = 0]
                  00000a2c    0000001c                   : uart.obj (.text:UARTDisable)
                  00000a48    0000001c                   : sysctl.obj (.text:_SysCtlMemTimingGet)
                  00000a64    00000018                   : gpio.obj (.text:GPIOPinTypeGPIOOutput)
                  00000a7c    00000018     rtsv7M4_T_le_v4SPD16_eabi.lib : args_main.obj (.text)
                  00000a94    00000014     driverlib.lib : uart.obj (.text:UARTEnable)
                  00000aa8    00000014     rtsv7M4_T_le_v4SPD16_eabi.lib : _lock.obj (.text)
                  00000abc    00000012     driverlib.lib : gpio.obj (.text:GPIOPinTypeUART)
                  00000ace    00000012     rtsv7M4_T_le_v4SPD16_eabi.lib : copy_zero_init.obj (.text:decompress:ZI)
                  00000ae0    0000000e     driverlib.lib : uart.obj (.text:UARTCharGetNonBlocking)
                  00000aee    0000000e                   : uart.obj (.text:UARTCharPutNonBlocking)
                  00000afc    0000000e     rtsv7M4_T_le_v4SPD16_eabi.lib : copy_decompress_none.obj (.text:decompress:none)
                  00000b0a    0000000c     driverlib.lib : cpu.obj (.text:CPUcpsie)
                  00000b16    0000000c                   : uart.obj (.text:UARTCharsAvail)
                  00000b22    0000000c     tm4c1294ncpdt_startup_ccs.obj (.text)
                  00000b2e    0000000a     driverlib.lib : interrupt.obj (.text:IntMasterEnable)
                  00000b38    0000000a                   : uart.obj (.text:UARTIntStatus)
                  00000b42    00000008                   : uart.obj (.text:UARTIntEnable)
                  00000b4a    00000006                   : gpio.obj (.text:GPIOPinWrite)
                  00000b50    00000006     rtsv7M4_T_le_v4SPD16_eabi.lib : copy_decompress_rle.obj (.text:decompress:rle24)
                  00000b56    00000004     driverlib.lib : uart.obj (.text:UARTIntClear)

.const     0    00000b5c    000002c4     
                  00000b5c    00000120     driverlib.lib : sysctl.obj (.const:g_pppui32XTALtoVCO)
                  00000c7c    00000090                   : gpio.obj (.const:g_pui32GPIOBaseAddrs)
                  00000d0c    00000070                   : interrupt.obj (.const)
                  00000d7c    0000006c                   : sysctl.obj (.const:g_pui32Xtals)
                  00000de8    00000030                   : sysctl.obj (.const:g_sXTALtoMEMTIM)
                  00000e18    00000008                   : sysctl.obj (.const)

.cinit     0    00000e20    00000038     
                  00000e20    0000000c     (__TI_handler_table)
                  00000e2c    00000004     --HOLE-- [fill = 0]
                  00000e30    00000009     (.cinit..data.load) [load image, compression = rle]
                  00000e39    00000007     --HOLE-- [fill = 0]
                  00000e40    00000008     (.cinit..bss.load) [load image, compression = zero_init]
                  00000e48    00000010     (__TI_cinit_table)

.stack     0    20000000    00000064     UNINITIALIZED
                  20000000    00000064     --HOLE--

.data      0    20000064    00000014     UNINITIALIZED
                  20000064    00000008     rtsv7M4_T_le_v4SPD16_eabi.lib : _lock.obj (.data)
                  2000006c    00000008                                   : exit.obj (.data)
                  20000074    00000004                                   : stkdepth_vars.obj (.data)

.sysmem    0    20000078    00000008     UNINITIALIZED
                  20000078    00000008     rtsv7M4_T_le_v4SPD16_eabi.lib : memory.obj (.sysmem)

.bss       0    20000080    00000004     UNINITIALIZED
                  20000080    00000004     (.common:ui32SysClkFreq)


LINKER GENERATED COPY TABLES

__TI_cinit_table @ 00000e48 records: 2, size/record: 8, table size: 16
	.data: load addr=00000e30, load size=00000009 bytes, run addr=20000064, run size=00000014 bytes, compression=rle
	.bss: load addr=00000e40, load size=00000008 bytes, run addr=20000080, run size=00000004 bytes, compression=zero_init


LINKER GENERATED HANDLER TABLE

__TI_handler_table @ 00000e20 records: 3, size/record: 4, table size: 12
	index: 0, handler: __TI_decompress_rle24
	index: 1, handler: __TI_decompress_none
	index: 2, handler: __TI_zero_init


GLOBAL SYMBOLS: SORTED ALPHABETICALLY BY Name 

address    name
--------   ----
00000949   C$$EXIT
00000b0b   CPUcpsie
00000a01   GPIODirModeSet
00000405   GPIOPadConfigSet
0000082d   GPIOPinConfigure
00000a65   GPIOPinTypeGPIOOutput
00000abd   GPIOPinTypeUART
00000b4b   GPIOPinWrite
0000076d   IntEnable
00000b2f   IntMasterEnable
00000b23   ResetISR
UNDEFED    SHT$$INIT_ARRAY$$Base
UNDEFED    SHT$$INIT_ARRAY$$Limit
00000209   SysCtlClockFreqSet
000009cd   SysCtlPeripheralEnable
00000ae1   UARTCharGetNonBlocking
00000aef   UARTCharPutNonBlocking
00000b17   UARTCharsAvail
0000098d   UARTConfigSetExpClk
00000a2d   UARTDisable
00000a95   UARTEnable
00000b57   UARTIntClear
00000b43   UARTIntEnable
00000535   UARTIntHandler
00000b39   UARTIntStatus
20000064   __STACK_END
00000064   __STACK_SIZE
20000200   __STACK_TOP
00000008   __SYSMEM_SIZE
00000e48   __TI_CINIT_Base
00000e58   __TI_CINIT_Limit
00000e20   __TI_Handler_Table_Base
00000e2c   __TI_Handler_Table_Limit
00000001   __TI_args_main
000006d9   __TI_auto_init
2000006c   __TI_cleanup_ptr
00000afd   __TI_decompress_none
00000b51   __TI_decompress_rle24
20000070   __TI_dtors_ptr
00000000   __TI_static_base__
00000acf   __TI_zero_init
0000063d   __aeabi_memcpy
0000063d   __aeabi_memcpy4
0000063d   __aeabi_memcpy8
ffffffff   __binit__
ffffffff   __c_args__
20000000   __stack
00000a7d   _args_main
000008bd   _c_int00
20000064   _lock
00000ab7   _nop
00000aaf   _register_lock
00000aa9   _register_unlock
20000078   _sys_memory
20000068   _unlock
0000094d   abort
ffffffff   binit
00000905   copy_in
00000955   exit
00000000   g_pfnVectors
0000056f   main
20000074   main_func_sp
0000063d   memcpy
20000080   ui32SysClkFreq


GLOBAL SYMBOLS: SORTED BY Symbol Address 

address    name
--------   ----
00000000   __TI_static_base__
00000000   g_pfnVectors
00000001   __TI_args_main
00000008   __SYSMEM_SIZE
00000064   __STACK_SIZE
00000209   SysCtlClockFreqSet
00000405   GPIOPadConfigSet
00000535   UARTIntHandler
0000056f   main
0000063d   __aeabi_memcpy
0000063d   __aeabi_memcpy4
0000063d   __aeabi_memcpy8
0000063d   memcpy
000006d9   __TI_auto_init
0000076d   IntEnable
0000082d   GPIOPinConfigure
000008bd   _c_int00
00000905   copy_in
00000949   C$$EXIT
0000094d   abort
00000955   exit
0000098d   UARTConfigSetExpClk
000009cd   SysCtlPeripheralEnable
00000a01   GPIODirModeSet
00000a2d   UARTDisable
00000a65   GPIOPinTypeGPIOOutput
00000a7d   _args_main
00000a95   UARTEnable
00000aa9   _register_unlock
00000aaf   _register_lock
00000ab7   _nop
00000abd   GPIOPinTypeUART
00000acf   __TI_zero_init
00000ae1   UARTCharGetNonBlocking
00000aef   UARTCharPutNonBlocking
00000afd   __TI_decompress_none
00000b0b   CPUcpsie
00000b17   UARTCharsAvail
00000b23   ResetISR
00000b2f   IntMasterEnable
00000b39   UARTIntStatus
00000b43   UARTIntEnable
00000b4b   GPIOPinWrite
00000b51   __TI_decompress_rle24
00000b57   UARTIntClear
00000e20   __TI_Handler_Table_Base
00000e2c   __TI_Handler_Table_Limit
00000e48   __TI_CINIT_Base
00000e58   __TI_CINIT_Limit
20000000   __stack
20000064   __STACK_END
20000064   _lock
20000068   _unlock
2000006c   __TI_cleanup_ptr
20000070   __TI_dtors_ptr
20000074   main_func_sp
20000078   _sys_memory
20000080   ui32SysClkFreq
20000200   __STACK_TOP
ffffffff   __binit__
ffffffff   __c_args__
ffffffff   binit
UNDEFED    SHT$$INIT_ARRAY$$Base
UNDEFED    SHT$$INIT_ARRAY$$Limit

[64 symbols]
