******************************************************************************
                  TI ARM Linker Unix v5.1.6                    
******************************************************************************
>> Linked Wed Dec 10 13:12:45 2014

OUTPUT FILE NAME:   <launchpad-gps.out>
ENTRY POINT SYMBOL: "_c_int00"  address: 00006f9d


MEMORY CONFIGURATION

         name            origin    length      used     unused   attr    fill
----------------------  --------  ---------  --------  --------  ----  --------
  FLASH                 00000000   00100000  00007bf8  000f8408  R  X
  SRAM                  20000000   00040000  00004707  0003b8f9  RW X


SEGMENT ALLOCATION MAP

run origin  load origin   length   init length attrs members
----------  ----------- ---------- ----------- ----- -------
00000000    00000000    00007bf8   00007bf8    r-x
  00000000    00000000    00000208   00000208    r-- .intvecs
  00000208    00000208    000073e8   000073e8    r-x .text
  000075f0    000075f0    000005a8   000005a8    r-- .const
  00007b98    00007b98    00000060   00000060    r-- .cinit
20000000    20000000    0000470e   00000000    rw-
  20000000    20000000    0000026c   00000000    rw- .vtable
  2000026c    2000026c    00002000   00000000    rw- .stack
  20002270    20002270    00002000   00000000    rw- .sysmem
  20004270    20004270    00000465   00000000    rw- .bss
  200046d8    200046d8    00000036   00000000    rw- .data


SECTION ALLOCATION MAP

 output                                  attributes/
section   page    origin      length       input sections
--------  ----  ----------  ----------   ----------------
.intvecs   0    00000000    00000208     
                  00000000    00000208     tm4c1294ncpdt_startup_ccs.obj (.intvecs)

.init_array 
*          0    00000000    00000000     UNINITIALIZED

.text      0    00000208    000073e8     
                  00000208    00002a24     ff.obj (.text)
                  00002c2c    00000ec0     rtsv7M4_T_le_v4SPD16_eabi.lib : _printfi.obj (.text)
                  00003aec    00000c84     ustdlib.obj (.text)
                  00004770    000009d8     mmc-ek-tm4c1294xl.obj (.text)
                  00005148    000009a4     main.obj (.text)
                  00005aec    000003cc     rtsv7M4_T_le_v4SPD16_eabi.lib : memory.obj (.text)
                  00005eb8    000001fc     driverlib.lib : sysctl.obj (.text:SysCtlClockFreqSet)
                  000060b4    000001f4     rtsv7M4_T_le_v4SPD16_eabi.lib : ull_div_t2.obj (.text)
                  000062a8    000001b6                                   : fd_add_t2.obj (.text)
                  0000645e    00000136                                   : fd_div_t2.obj (.text)
                  00006594    00000130     driverlib.lib : gpio.obj (.text:GPIOPadConfigSet)
                  000066c4    000000fc     rtsv7M4_T_le_v4SPD16_eabi.lib : fd_mul_t2.obj (.text)
                  000067c0    000000c0                                   : floor.obj (.text)
                  00006880    0000009c                                   : memcpy_t2.obj (.text)
                  0000691c    00000094                                   : auto_init.obj (.text)
                  000069b0    00000086                                   : fd_cmp_t2.obj (.text:__aeabi_cdcmple)
                  00006a36    00000086                                   : fd_cmp_t2.obj (.text:__aeabi_cdrcmple)
                  00006abc    00000078                                   : memset_t2.obj (.text)
                  00006b34    00000064     driverlib.lib : hibernate.obj (.text:HibernateWakeSet)
                  00006b98    00000064                   : interrupt.obj (.text:IntIsEnabled)
                  00006bfc    00000060                   : interrupt.obj (.text:IntDisable)
                  00006c5c    00000060                   : interrupt.obj (.text:IntEnable)
                  00006cbc    00000060     rtsv7M4_T_le_v4SPD16_eabi.lib : sprintf.obj (.text)
                  00006d1c    0000005e                                   : copy_decompress_rle.obj (.text)
                  00006d7a    0000005a                                   : ltoa.obj (.text)
                  00006dd4    00000056     driverlib.lib : gpio.obj (.text:GPIOIntTypeSet)
                  00006e2a    00000002     --HOLE-- [fill = 0]
                  00006e2c    0000004c     rtsv7M4_T_le_v4SPD16_eabi.lib : atoi.obj (.text)
                  00006e78    0000004a                                   : fd_tos_t2.obj (.text)
                  00006ec2    00000002     --HOLE-- [fill = 0]
                  00006ec4    00000048     driverlib.lib : gpio.obj (.text:GPIOPinConfigure)
                  00006f0c    00000048                   : hibernate.obj (.text:HibernateClockConfig)
                  00006f54    00000048                   : sysctl.obj (.text:_SysCtlFrequencyGet)
                  00006f9c    00000048     rtsv7M4_T_le_v4SPD16_eabi.lib : boot.obj (.text)
                  00006fe4    00000048                                   : fd_toi_t2.obj (.text)
                  0000702c    00000044                                   : cpy_tbl.obj (.text)
                  00007070    00000044                                   : exit.obj (.text)
                  000070b4    00000044                                   : xdtest.obj (.text)
                  000070f8    00000042                                   : u_divt2.obj (.text)
                  0000713a    00000040     driverlib.lib : uart.obj (.text:UARTConfigSetExpClk)
                  0000717a    00000002     --HOLE-- [fill = 0]
                  0000717c    00000040                   : gpio.obj (.text:_GPIOIntNumberGet)
                  000071bc    00000038     rtsv7M4_T_le_v4SPD16_eabi.lib : fs_tod_t2.obj (.text)
                  000071f4    00000034     driverlib.lib : interrupt.obj (.text:IntRegister)
                  00007228    00000034                   : sysctl.obj (.text:SysCtlPeripheralEnable)
                  0000725c    0000002e     rtsv7M4_T_le_v4SPD16_eabi.lib : i_tofd_t2.obj (.text)
                  0000728a    00000002     --HOLE-- [fill = 0]
                  0000728c    0000002c     driverlib.lib : hibernate.obj (.text:HibernateRTCSet)
                  000072b8    0000002a                   : gpio.obj (.text:GPIODirModeSet)
                  000072e2    00000002     --HOLE-- [fill = 0]
                  000072e4    00000028                   : hibernate.obj (.text:HibernateDataSet)
                  0000730c    0000001c                   : uart.obj (.text:UARTDisable)
                  00007328    0000001c                   : sysctl.obj (.text:_SysCtlMemTimingGet)
                  00007344    0000001c     rtsv7M4_T_le_v4SPD16_eabi.lib : memccpy.obj (.text)
                  00007360    0000001c                                   : strdup.obj (.text)
                  0000737c    00000018     driverlib.lib : gpio.obj (.text:GPIOIntRegister)
                  00007394    00000018                   : gpio.obj (.text:GPIOPinTypeGPIOOutput)
                  000073ac    00000018                   : hibernate.obj (.text:HibernateIntStatus)
                  000073c4    00000018     rtsv7M4_T_le_v4SPD16_eabi.lib : args_main.obj (.text)
                  000073dc    00000018                                   : ll_mul_t2.obj (.text)
                  000073f4    00000018                                   : strcmp.obj (.text)
                  0000740c    00000014     driverlib.lib : hibernate.obj (.text:HibernateEnableExpClk)
                  00007420    00000014                   : hibernate.obj (.text:HibernateIntClear)
                  00007434    00000014                   : hibernate.obj (.text:HibernateRTCEnable)
                  00007448    00000014                   : hibernate.obj (.text:HibernateRequest)
                  0000745c    00000014                   : systick.obj (.text:SysTickEnable)
                  00007470    00000014                   : systick.obj (.text:SysTickIntEnable)
                  00007484    00000014                   : uart.obj (.text:UARTEnable)
                  00007498    00000014     rtsv7M4_T_le_v4SPD16_eabi.lib : _lock.obj (.text)
                  000074ac    00000014                                   : strlen.obj (.text)
                  000074c0    00000012     driverlib.lib : gpio.obj (.text:GPIOPinTypeGPIOInput)
                  000074d2    00000012                   : gpio.obj (.text:GPIOPinTypeUART)
                  000074e4    00000012     rtsv7M4_T_le_v4SPD16_eabi.lib : copy_zero_init.obj (.text:decompress:ZI)
                  000074f6    00000012                                   : xdclass.obj (.text)
                  00007508    00000010     driverlib.lib : fpu.obj (.text:FPUEnable)
                  00007518    00000010                   : fpu.obj (.text:FPULazyStackingEnable)
                  00007528    00000010                   : hibernate.obj (.text:HibernateIsActive)
                  00007538    00000010                   : hibernate.obj (.text:HibernateRTCMatchSet)
                  00007548    00000010                   : systick.obj (.text:SysTickPeriodSet)
                  00007558    00000010                   : hibernate.obj (.text:_HibernateWriteComplete)
                  00007568    00000010     rtsv7M4_T_le_v4SPD16_eabi.lib : strcpy.obj (.text)
                  00007578    0000000e     driverlib.lib : gpio.obj (.text:GPIOIntStatus)
                  00007586    0000000e     rtsv7M4_T_le_v4SPD16_eabi.lib : copy_decompress_none.obj (.text:decompress:none)
                  00007594    0000000c     driverlib.lib : gpio.obj (.text:GPIOIntEnable)
                  000075a0    0000000c                   : hibernate.obj (.text:HibernateRTCGet)
                  000075ac    0000000c                   : uart.obj (.text:UARTCharsAvail)
                  000075b8    0000000c     tm4c1294ncpdt_startup_ccs.obj (.text)
                  000075c4    0000000a     driverlib.lib : uart.obj (.text:UARTCharGet)
                  000075ce    0000000a                   : uart.obj (.text:UARTCharPut)
                  000075d8    00000006                   : gpio.obj (.text:GPIOIntClear)
                  000075de    00000006                   : gpio.obj (.text:GPIOPinRead)
                  000075e4    00000006                   : gpio.obj (.text:GPIOPinWrite)
                  000075ea    00000006     rtsv7M4_T_le_v4SPD16_eabi.lib : copy_decompress_rle.obj (.text:decompress:rle24)

.const     0    000075f0    000005a8     
                  000075f0    00000120     driverlib.lib : sysctl.obj (.const:g_pppui32XTALtoVCO)
                  00007710    00000102     rtsv7M4_T_le_v4SPD16_eabi.lib : ctype.obj (.const:.string:_ctypes_)
                  00007812    00000002     --HOLE-- [fill = 0]
                  00007814    000000c0     driverlib.lib : gpio.obj (.const:g_ppui32GPIOIntMapBlizzard)
                  000078d4    000000c0                   : gpio.obj (.const:g_ppui32GPIOIntMapSnowflake)
                  00007994    00000090                   : gpio.obj (.const:g_pui32GPIOBaseAddrs)
                  00007a24    00000070                   : interrupt.obj (.const)
                  00007a94    0000006c                   : sysctl.obj (.const:g_pui32Xtals)
                  00007b00    00000030     ustdlib.obj (.const:g_psDaysToMonth)
                  00007b30    00000030     driverlib.lib : sysctl.obj (.const:g_sXTALtoMEMTIM)
                  00007b60    0000001c     ustdlib.obj (.const)
                  00007b7c    00000012     ustdlib.obj (.const:.string)
                  00007b8e    00000002     --HOLE-- [fill = 0]
                  00007b90    00000008     driverlib.lib : sysctl.obj (.const)

.cinit     0    00007b98    00000060     
                  00007b98    00000027     (.cinit..data.load) [load image, compression = rle]
                  00007bbf    00000001     --HOLE-- [fill = 0]
                  00007bc0    0000000c     (__TI_handler_table)
                  00007bcc    00000004     --HOLE-- [fill = 0]
                  00007bd0    00000008     (.cinit..bss.load) [load image, compression = zero_init]
                  00007bd8    00000008     (.cinit..vtable.load) [load image, compression = zero_init]
                  00007be0    00000018     (__TI_cinit_table)

.vtable    0    20000000    0000026c     UNINITIALIZED
                  20000000    0000026c     driverlib.lib : interrupt.obj (.vtable)

.stack     0    2000026c    00002000     UNINITIALIZED
                  2000026c    00002000     --HOLE--

.sysmem    0    20002270    00002000     UNINITIALIZED
                  20002270    00000008     rtsv7M4_T_le_v4SPD16_eabi.lib : memory.obj (.sysmem)
                  20002278    00001ff8     --HOLE--

.bss       0    20004270    00000465     UNINITIALIZED
                  20004270    00000234     main.obj (.bss:g_sFatFs)
                  200044a4    00000224     main.obj (.bss:g_sFileObject)
                  200046c8    00000004     (.common:FatFs)
                  200046cc    00000004     (.common:g_ui32SysClock)
                  200046d0    00000002     (.common:Fsid)
                  200046d2    00000001     (.common:CardType)
                  200046d3    00000001     (.common:Timer1)
                  200046d4    00000001     (.common:Timer2)

.data      0    200046d8    00000036     UNINITIALIZED
                  200046d8    00000010     main.obj (.data)
                  200046e8    0000000c     rtsv7M4_T_le_v4SPD16_eabi.lib : memory.obj (.data)
                  200046f4    00000008                                   : _lock.obj (.data)
                  200046fc    00000008                                   : exit.obj (.data)
                  20004704    00000004                                   : stkdepth_vars.obj (.data)
                  20004708    00000004     ustdlib.obj (.data)
                  2000470c    00000002     mmc-ek-tm4c1294xl.obj (.data)


LINKER GENERATED COPY TABLES

__TI_cinit_table @ 00007be0 records: 3, size/record: 8, table size: 24
	.data: load addr=00007b98, load size=00000027 bytes, run addr=200046d8, run size=00000036 bytes, compression=rle
	.bss: load addr=00007bd0, load size=00000008 bytes, run addr=20004270, run size=00000465 bytes, compression=zero_init
	.vtable: load addr=00007bd8, load size=00000008 bytes, run addr=20000000, run size=0000026c bytes, compression=zero_init


LINKER GENERATED HANDLER TABLE

__TI_handler_table @ 00007bc0 records: 3, size/record: 4, table size: 12
	index: 0, handler: __TI_zero_init
	index: 1, handler: __TI_decompress_rle24
	index: 2, handler: __TI_decompress_none


GLOBAL SYMBOLS: SORTED ALPHABETICALLY BY Name 

address    name
--------   ----
00007071   C$$EXIT
00007509   FPUEnable
00007519   FPULazyStackingEnable
000072b9   GPIODirModeSet
000075d9   GPIOIntClear
00007595   GPIOIntEnable
0000737d   GPIOIntRegister
00007579   GPIOIntStatus
00006dd5   GPIOIntTypeSet
00006595   GPIOPadConfigSet
00006ec5   GPIOPinConfigure
000075df   GPIOPinRead
000074c1   GPIOPinTypeGPIOInput
00007395   GPIOPinTypeGPIOOutput
000074d3   GPIOPinTypeUART
000075e5   GPIOPinWrite
00006f0d   HibernateClockConfig
000072e5   HibernateDataSet
0000740d   HibernateEnableExpClk
00007421   HibernateIntClear
000073ad   HibernateIntStatus
00007529   HibernateIsActive
00007435   HibernateRTCEnable
000075a1   HibernateRTCGet
00007539   HibernateRTCMatchSet
0000728d   HibernateRTCSet
00007449   HibernateRequest
00006b35   HibernateWakeSet
00006bfd   IntDisable
00006c5d   IntEnable
00006b99   IntIsEnabled
000071f5   IntRegister
00005149   PortKIntHandler
000075b9   ResetISR
UNDEFED    SHT$$INIT_ARRAY$$Base
UNDEFED    SHT$$INIT_ARRAY$$Limit
00005eb9   SysCtlClockFreqSet
00007229   SysCtlPeripheralEnable
0000745d   SysTickEnable
00005737   SysTickHandler
00007471   SysTickIntEnable
00007549   SysTickPeriodSet
000075c5   UARTCharGet
000075cf   UARTCharPut
000075ad   UARTCharsAvail
0000713b   UARTConfigSetExpClk
0000730d   UARTDisable
00007485   UARTEnable
000074f7   _Dclass
000070b5   _Dtest
2000226c   __STACK_END
00002000   __STACK_SIZE
2000046c   __STACK_TOP
00002000   __SYSMEM_SIZE
00007be0   __TI_CINIT_Base
00007bf8   __TI_CINIT_Limit
00007bc0   __TI_Handler_Table_Base
00007bcc   __TI_Handler_Table_Limit
00000001   __TI_args_main
0000691d   __TI_auto_init
200046fc   __TI_cleanup_ptr
00007587   __TI_decompress_none
000075eb   __TI_decompress_rle24
20004700   __TI_dtors_ptr
000037e3   __TI_printfi
00000000   __TI_static_base__
000074e5   __TI_zero_init
000069b1   __aeabi_cdcmpeq
000069b1   __aeabi_cdcmple
00006a37   __aeabi_cdrcmple
00006e79   __aeabi_d2f
00006fe5   __aeabi_d2iz
000062b3   __aeabi_dadd
0000645f   __aeabi_ddiv
000066c5   __aeabi_dmul
000062a9   __aeabi_dsub
000071bd   __aeabi_f2d
0000725d   __aeabi_i2d
000073dd   __aeabi_lmul
00006abd   __aeabi_memclr
00006abd   __aeabi_memclr4
00006abd   __aeabi_memclr8
00006881   __aeabi_memcpy
00006881   __aeabi_memcpy4
00006881   __aeabi_memcpy8
00006abf   __aeabi_memset
00006abf   __aeabi_memset4
00006abf   __aeabi_memset8
000070f9   __aeabi_uidivmod
000060b5   __aeabi_uldivmod
ffffffff   __binit__
ffffffff   __c_args__
2000026c   __stack
000073c5   _args_main
00006f9d   _c_int00
00007710   _ctypes_
200046f4   _lock
000074a7   _nop
0000749f   _register_lock
00007499   _register_unlock
20002270   _sys_memory
200046f8   _unlock
00007075   abort
00006e2d   atoi
ffffffff   binit
00005e81   calloc
0000573f   chipDetect
000004a9   clust2sect
00005695   convertCoordinate
0000702d   copy_in
00004b8d   disk_initialize
00004eed   disk_ioctl
00004d4b   disk_read
00004d31   disk_status
000050ef   disk_timerproc
00004dfb   disk_write
0000707d   exit
000029c1   f_chmod
00002089   f_close
00002483   f_getfree
000020a9   f_lseek
000027db   f_mkdir
00001827   f_mount
0000187d   f_open
000022f7   f_opendir
00001a91   f_read
000023a7   f_readdir
00002ad5   f_rename
00002433   f_stat
00001f89   f_sync
000025e5   f_truncate
000026d9   f_unlink
00002a51   f_utime
00001ce5   f_write
000067c1   floor
00005bdb   free
20000000   g_pfnRAMVectors
00000000   g_pfnVectors
200046cc   g_ui32SysClock
000004d9   get_fat
00005133   get_fattime
00005791   gpsData
200046e4   logComplete
00005501   logToSD
000051ab   lowPowerMode
200046e0   lowPowerOn
00006d7b   ltoa
000051e5   main
20004704   main_func_sp
00005b79   malloc
00005da1   memalign
00007345   memccpy
00006881   memcpy
00006ac5   memset
00005aed   minit
00005425   printFloatToTerminal
000053bf   printStringToTerminal
000005fd   put_fat
00005c9b   realloc
00006cbd   sprintf
000073f5   strcmp
00007569   strcpy
00007361   strdup
000074ad   strlen
00003fd1   ulocaltime
000041cf   umktime
200046dc   updateCounter
200046d8   updateRate
00004749   urand
00003fa1   usnprintf
00003f6f   usprintf
00004739   usrand
000046b1   ustrcasecmp
00004725   ustrcmp
000045b5   ustrlen
0000460d   ustrncasecmp
000046c5   ustrncmp
00003aed   ustrncpy
000045d7   ustrstr
0000437d   ustrtof
00004245   ustrtoul
00003b45   uvsnprintf


GLOBAL SYMBOLS: SORTED BY Symbol Address 

address    name
--------   ----
00000000   __TI_static_base__
00000000   g_pfnVectors
00000001   __TI_args_main
000004a9   clust2sect
000004d9   get_fat
000005fd   put_fat
00001827   f_mount
0000187d   f_open
00001a91   f_read
00001ce5   f_write
00001f89   f_sync
00002000   __STACK_SIZE
00002000   __SYSMEM_SIZE
00002089   f_close
000020a9   f_lseek
000022f7   f_opendir
000023a7   f_readdir
00002433   f_stat
00002483   f_getfree
000025e5   f_truncate
000026d9   f_unlink
000027db   f_mkdir
000029c1   f_chmod
00002a51   f_utime
00002ad5   f_rename
000037e3   __TI_printfi
00003aed   ustrncpy
00003b45   uvsnprintf
00003f6f   usprintf
00003fa1   usnprintf
00003fd1   ulocaltime
000041cf   umktime
00004245   ustrtoul
0000437d   ustrtof
000045b5   ustrlen
000045d7   ustrstr
0000460d   ustrncasecmp
000046b1   ustrcasecmp
000046c5   ustrncmp
00004725   ustrcmp
00004739   usrand
00004749   urand
00004b8d   disk_initialize
00004d31   disk_status
00004d4b   disk_read
00004dfb   disk_write
00004eed   disk_ioctl
000050ef   disk_timerproc
00005133   get_fattime
00005149   PortKIntHandler
000051ab   lowPowerMode
000051e5   main
000053bf   printStringToTerminal
00005425   printFloatToTerminal
00005501   logToSD
00005695   convertCoordinate
00005737   SysTickHandler
0000573f   chipDetect
00005791   gpsData
00005aed   minit
00005b79   malloc
00005bdb   free
00005c9b   realloc
00005da1   memalign
00005e81   calloc
00005eb9   SysCtlClockFreqSet
000060b5   __aeabi_uldivmod
000062a9   __aeabi_dsub
000062b3   __aeabi_dadd
0000645f   __aeabi_ddiv
00006595   GPIOPadConfigSet
000066c5   __aeabi_dmul
000067c1   floor
00006881   __aeabi_memcpy
00006881   __aeabi_memcpy4
00006881   __aeabi_memcpy8
00006881   memcpy
0000691d   __TI_auto_init
000069b1   __aeabi_cdcmpeq
000069b1   __aeabi_cdcmple
00006a37   __aeabi_cdrcmple
00006abd   __aeabi_memclr
00006abd   __aeabi_memclr4
00006abd   __aeabi_memclr8
00006abf   __aeabi_memset
00006abf   __aeabi_memset4
00006abf   __aeabi_memset8
00006ac5   memset
00006b35   HibernateWakeSet
00006b99   IntIsEnabled
00006bfd   IntDisable
00006c5d   IntEnable
00006cbd   sprintf
00006d7b   ltoa
00006dd5   GPIOIntTypeSet
00006e2d   atoi
00006e79   __aeabi_d2f
00006ec5   GPIOPinConfigure
00006f0d   HibernateClockConfig
00006f9d   _c_int00
00006fe5   __aeabi_d2iz
0000702d   copy_in
00007071   C$$EXIT
00007075   abort
0000707d   exit
000070b5   _Dtest
000070f9   __aeabi_uidivmod
0000713b   UARTConfigSetExpClk
000071bd   __aeabi_f2d
000071f5   IntRegister
00007229   SysCtlPeripheralEnable
0000725d   __aeabi_i2d
0000728d   HibernateRTCSet
000072b9   GPIODirModeSet
000072e5   HibernateDataSet
0000730d   UARTDisable
00007345   memccpy
00007361   strdup
0000737d   GPIOIntRegister
00007395   GPIOPinTypeGPIOOutput
000073ad   HibernateIntStatus
000073c5   _args_main
000073dd   __aeabi_lmul
000073f5   strcmp
0000740d   HibernateEnableExpClk
00007421   HibernateIntClear
00007435   HibernateRTCEnable
00007449   HibernateRequest
0000745d   SysTickEnable
00007471   SysTickIntEnable
00007485   UARTEnable
00007499   _register_unlock
0000749f   _register_lock
000074a7   _nop
000074ad   strlen
000074c1   GPIOPinTypeGPIOInput
000074d3   GPIOPinTypeUART
000074e5   __TI_zero_init
000074f7   _Dclass
00007509   FPUEnable
00007519   FPULazyStackingEnable
00007529   HibernateIsActive
00007539   HibernateRTCMatchSet
00007549   SysTickPeriodSet
00007569   strcpy
00007579   GPIOIntStatus
00007587   __TI_decompress_none
00007595   GPIOIntEnable
000075a1   HibernateRTCGet
000075ad   UARTCharsAvail
000075b9   ResetISR
000075c5   UARTCharGet
000075cf   UARTCharPut
000075d9   GPIOIntClear
000075df   GPIOPinRead
000075e5   GPIOPinWrite
000075eb   __TI_decompress_rle24
00007710   _ctypes_
00007bc0   __TI_Handler_Table_Base
00007bcc   __TI_Handler_Table_Limit
00007be0   __TI_CINIT_Base
00007bf8   __TI_CINIT_Limit
20000000   g_pfnRAMVectors
2000026c   __stack
2000046c   __STACK_TOP
2000226c   __STACK_END
20002270   _sys_memory
200046cc   g_ui32SysClock
200046d8   updateRate
200046dc   updateCounter
200046e0   lowPowerOn
200046e4   logComplete
200046f4   _lock
200046f8   _unlock
200046fc   __TI_cleanup_ptr
20004700   __TI_dtors_ptr
20004704   main_func_sp
ffffffff   __binit__
ffffffff   __c_args__
ffffffff   binit
UNDEFED    SHT$$INIT_ARRAY$$Base
UNDEFED    SHT$$INIT_ARRAY$$Limit

[182 symbols]
