******************************************************************************
                  TI ARM Linker Unix v5.1.6                    
******************************************************************************
>> Linked Fri Dec  5 19:01:18 2014

OUTPUT FILE NAME:   <launchpad-gps.out>
ENTRY POINT SYMBOL: "_c_int00"  address: 00006f91


MEMORY CONFIGURATION

         name            origin    length      used     unused   attr    fill
----------------------  --------  ---------  --------  --------  ----  --------
  FLASH                 00000000   00100000  00007bec  000f8414  R  X
  SRAM                  20000000   00040000  00004707  0003b8f9  RW X


SEGMENT ALLOCATION MAP

run origin  load origin   length   init length attrs members
----------  ----------- ---------- ----------- ----- -------
00000000    00000000    00007bf0   00007bf0    r-x
  00000000    00000000    00000208   00000208    r-- .intvecs
  00000208    00000208    000073dc   000073dc    r-x .text
  000075e4    000075e4    000005a8   000005a8    r-- .const
  00007b90    00007b90    00000060   00000060    r-- .cinit
20000000    20000000    0000470e   00000000    rw-
  20000000    20000000    0000026c   00000000    rw- .vtable
  2000026c    2000026c    00002000   00000000    rw- .stack
  20002270    20002270    00002000   00000000    rw- .sysmem
  20004270    20004270    00000465   00000000    rw- .bss
  200046d8    200046d8    00000036   00000000    rw- .data


SECTION ALLOCATION MAP

 output                                  attributes/
section   page    origin      length       input sections
--------  ----  ----------  ----------   ----------------
.intvecs   0    00000000    00000208     
                  00000000    00000208     tm4c1294ncpdt_startup_ccs.obj (.intvecs)

.init_array 
*          0    00000000    00000000     UNINITIALIZED

.text      0    00000208    000073dc     
                  00000208    00002a24     ff.obj (.text)
                  00002c2c    00000ec0     rtsv7M4_T_le_v4SPD16_eabi.lib : _printfi.obj (.text)
                  00003aec    00000c84     ustdlib.obj (.text)
                  00004770    000009d8     mmc-ek-tm4c1294xl.obj (.text)
                  00005148    00000998     main.obj (.text)
                  00005ae0    000003cc     rtsv7M4_T_le_v4SPD16_eabi.lib : memory.obj (.text)
                  00005eac    000001fc     driverlib.lib : sysctl.obj (.text:SysCtlClockFreqSet)
                  000060a8    000001f4     rtsv7M4_T_le_v4SPD16_eabi.lib : ull_div_t2.obj (.text)
                  0000629c    000001b6                                   : fd_add_t2.obj (.text)
                  00006452    00000136                                   : fd_div_t2.obj (.text)
                  00006588    00000130     driverlib.lib : gpio.obj (.text:GPIOPadConfigSet)
                  000066b8    000000fc     rtsv7M4_T_le_v4SPD16_eabi.lib : fd_mul_t2.obj (.text)
                  000067b4    000000c0                                   : floor.obj (.text)
                  00006874    0000009c                                   : memcpy_t2.obj (.text)
                  00006910    00000094                                   : auto_init.obj (.text)
                  000069a4    00000086                                   : fd_cmp_t2.obj (.text:__aeabi_cdcmple)
                  00006a2a    00000086                                   : fd_cmp_t2.obj (.text:__aeabi_cdrcmple)
                  00006ab0    00000078                                   : memset_t2.obj (.text)
                  00006b28    00000064     driverlib.lib : hibernate.obj (.text:HibernateWakeSet)
                  00006b8c    00000064                   : interrupt.obj (.text:IntIsEnabled)
                  00006bf0    00000060                   : interrupt.obj (.text:IntDisable)
                  00006c50    00000060                   : interrupt.obj (.text:IntEnable)
                  00006cb0    00000060     rtsv7M4_T_le_v4SPD16_eabi.lib : sprintf.obj (.text)
                  00006d10    0000005e                                   : copy_decompress_rle.obj (.text)
                  00006d6e    0000005a                                   : ltoa.obj (.text)
                  00006dc8    00000056     driverlib.lib : gpio.obj (.text:GPIOIntTypeSet)
                  00006e1e    00000002     --HOLE-- [fill = 0]
                  00006e20    0000004c     rtsv7M4_T_le_v4SPD16_eabi.lib : atoi.obj (.text)
                  00006e6c    0000004a                                   : fd_tos_t2.obj (.text)
                  00006eb6    00000002     --HOLE-- [fill = 0]
                  00006eb8    00000048     driverlib.lib : gpio.obj (.text:GPIOPinConfigure)
                  00006f00    00000048                   : hibernate.obj (.text:HibernateClockConfig)
                  00006f48    00000048                   : sysctl.obj (.text:_SysCtlFrequencyGet)
                  00006f90    00000048     rtsv7M4_T_le_v4SPD16_eabi.lib : boot.obj (.text)
                  00006fd8    00000048                                   : fd_toi_t2.obj (.text)
                  00007020    00000044                                   : cpy_tbl.obj (.text)
                  00007064    00000044                                   : exit.obj (.text)
                  000070a8    00000044                                   : xdtest.obj (.text)
                  000070ec    00000042                                   : u_divt2.obj (.text)
                  0000712e    00000040     driverlib.lib : uart.obj (.text:UARTConfigSetExpClk)
                  0000716e    00000002     --HOLE-- [fill = 0]
                  00007170    00000040                   : gpio.obj (.text:_GPIOIntNumberGet)
                  000071b0    00000038     rtsv7M4_T_le_v4SPD16_eabi.lib : fs_tod_t2.obj (.text)
                  000071e8    00000034     driverlib.lib : interrupt.obj (.text:IntRegister)
                  0000721c    00000034                   : sysctl.obj (.text:SysCtlPeripheralEnable)
                  00007250    0000002e     rtsv7M4_T_le_v4SPD16_eabi.lib : i_tofd_t2.obj (.text)
                  0000727e    00000002     --HOLE-- [fill = 0]
                  00007280    0000002c     driverlib.lib : hibernate.obj (.text:HibernateRTCSet)
                  000072ac    0000002a                   : gpio.obj (.text:GPIODirModeSet)
                  000072d6    00000002     --HOLE-- [fill = 0]
                  000072d8    00000028                   : hibernate.obj (.text:HibernateDataSet)
                  00007300    0000001c                   : uart.obj (.text:UARTDisable)
                  0000731c    0000001c                   : sysctl.obj (.text:_SysCtlMemTimingGet)
                  00007338    0000001c     rtsv7M4_T_le_v4SPD16_eabi.lib : memccpy.obj (.text)
                  00007354    0000001c                                   : strdup.obj (.text)
                  00007370    00000018     driverlib.lib : gpio.obj (.text:GPIOIntRegister)
                  00007388    00000018                   : gpio.obj (.text:GPIOPinTypeGPIOOutput)
                  000073a0    00000018                   : hibernate.obj (.text:HibernateIntStatus)
                  000073b8    00000018     rtsv7M4_T_le_v4SPD16_eabi.lib : args_main.obj (.text)
                  000073d0    00000018                                   : ll_mul_t2.obj (.text)
                  000073e8    00000018                                   : strcmp.obj (.text)
                  00007400    00000014     driverlib.lib : hibernate.obj (.text:HibernateEnableExpClk)
                  00007414    00000014                   : hibernate.obj (.text:HibernateIntClear)
                  00007428    00000014                   : hibernate.obj (.text:HibernateRTCEnable)
                  0000743c    00000014                   : hibernate.obj (.text:HibernateRequest)
                  00007450    00000014                   : systick.obj (.text:SysTickEnable)
                  00007464    00000014                   : systick.obj (.text:SysTickIntEnable)
                  00007478    00000014                   : uart.obj (.text:UARTEnable)
                  0000748c    00000014     rtsv7M4_T_le_v4SPD16_eabi.lib : _lock.obj (.text)
                  000074a0    00000014                                   : strlen.obj (.text)
                  000074b4    00000012     driverlib.lib : gpio.obj (.text:GPIOPinTypeGPIOInput)
                  000074c6    00000012                   : gpio.obj (.text:GPIOPinTypeUART)
                  000074d8    00000012     rtsv7M4_T_le_v4SPD16_eabi.lib : copy_zero_init.obj (.text:decompress:ZI)
                  000074ea    00000012                                   : xdclass.obj (.text)
                  000074fc    00000010     driverlib.lib : fpu.obj (.text:FPUEnable)
                  0000750c    00000010                   : fpu.obj (.text:FPULazyStackingEnable)
                  0000751c    00000010                   : hibernate.obj (.text:HibernateIsActive)
                  0000752c    00000010                   : hibernate.obj (.text:HibernateRTCMatchSet)
                  0000753c    00000010                   : systick.obj (.text:SysTickPeriodSet)
                  0000754c    00000010                   : hibernate.obj (.text:_HibernateWriteComplete)
                  0000755c    00000010     rtsv7M4_T_le_v4SPD16_eabi.lib : strcpy.obj (.text)
                  0000756c    0000000e     driverlib.lib : gpio.obj (.text:GPIOIntStatus)
                  0000757a    0000000e     rtsv7M4_T_le_v4SPD16_eabi.lib : copy_decompress_none.obj (.text:decompress:none)
                  00007588    0000000c     driverlib.lib : gpio.obj (.text:GPIOIntEnable)
                  00007594    0000000c                   : hibernate.obj (.text:HibernateRTCGet)
                  000075a0    0000000c                   : uart.obj (.text:UARTCharsAvail)
                  000075ac    0000000c     tm4c1294ncpdt_startup_ccs.obj (.text)
                  000075b8    0000000a     driverlib.lib : uart.obj (.text:UARTCharGet)
                  000075c2    0000000a                   : uart.obj (.text:UARTCharPut)
                  000075cc    00000006                   : gpio.obj (.text:GPIOIntClear)
                  000075d2    00000006                   : gpio.obj (.text:GPIOPinRead)
                  000075d8    00000006                   : gpio.obj (.text:GPIOPinWrite)
                  000075de    00000006     rtsv7M4_T_le_v4SPD16_eabi.lib : copy_decompress_rle.obj (.text:decompress:rle24)

.const     0    000075e4    000005a8     
                  000075e4    00000120     driverlib.lib : sysctl.obj (.const:g_pppui32XTALtoVCO)
                  00007704    00000102     rtsv7M4_T_le_v4SPD16_eabi.lib : ctype.obj (.const:.string:_ctypes_)
                  00007806    00000002     --HOLE-- [fill = 0]
                  00007808    000000c0     driverlib.lib : gpio.obj (.const:g_ppui32GPIOIntMapBlizzard)
                  000078c8    000000c0                   : gpio.obj (.const:g_ppui32GPIOIntMapSnowflake)
                  00007988    00000090                   : gpio.obj (.const:g_pui32GPIOBaseAddrs)
                  00007a18    00000070                   : interrupt.obj (.const)
                  00007a88    0000006c                   : sysctl.obj (.const:g_pui32Xtals)
                  00007af4    00000030     ustdlib.obj (.const:g_psDaysToMonth)
                  00007b24    00000030     driverlib.lib : sysctl.obj (.const:g_sXTALtoMEMTIM)
                  00007b54    0000001c     ustdlib.obj (.const)
                  00007b70    00000012     ustdlib.obj (.const:.string)
                  00007b82    00000002     --HOLE-- [fill = 0]
                  00007b84    00000008     driverlib.lib : sysctl.obj (.const)

.cinit     0    00007b90    00000060     
                  00007b90    00000027     (.cinit..data.load) [load image, compression = rle]
                  00007bb7    00000001     --HOLE-- [fill = 0]
                  00007bb8    0000000c     (__TI_handler_table)
                  00007bc4    00000004     --HOLE-- [fill = 0]
                  00007bc8    00000008     (.cinit..bss.load) [load image, compression = zero_init]
                  00007bd0    00000008     (.cinit..vtable.load) [load image, compression = zero_init]
                  00007bd8    00000018     (__TI_cinit_table)

.vtable    0    20000000    0000026c     UNINITIALIZED
                  20000000    0000026c     driverlib.lib : interrupt.obj (.vtable)

.stack     0    2000026c    00002000     UNINITIALIZED
                  2000026c    00002000     --HOLE--

.sysmem    0    20002270    00002000     UNINITIALIZED
                  20002270    00000008     rtsv7M4_T_le_v4SPD16_eabi.lib : memory.obj (.sysmem)
                  20002278    00001ff8     --HOLE--

.bss       0    20004270    00000465     UNINITIALIZED
                  20004270    00000234     main.obj (.bss:g_sFatFs)
                  200044a4    00000224     main.obj (.bss:g_sFileObject)
                  200046c8    00000004     (.common:FatFs)
                  200046cc    00000004     (.common:g_ui32SysClock)
                  200046d0    00000002     (.common:Fsid)
                  200046d2    00000001     (.common:CardType)
                  200046d3    00000001     (.common:Timer1)
                  200046d4    00000001     (.common:Timer2)

.data      0    200046d8    00000036     UNINITIALIZED
                  200046d8    00000010     main.obj (.data)
                  200046e8    0000000c     rtsv7M4_T_le_v4SPD16_eabi.lib : memory.obj (.data)
                  200046f4    00000008                                   : _lock.obj (.data)
                  200046fc    00000008                                   : exit.obj (.data)
                  20004704    00000004                                   : stkdepth_vars.obj (.data)
                  20004708    00000004     ustdlib.obj (.data)
                  2000470c    00000002     mmc-ek-tm4c1294xl.obj (.data)


LINKER GENERATED COPY TABLES

__TI_cinit_table @ 00007bd8 records: 3, size/record: 8, table size: 24
	.data: load addr=00007b90, load size=00000027 bytes, run addr=200046d8, run size=00000036 bytes, compression=rle
	.bss: load addr=00007bc8, load size=00000008 bytes, run addr=20004270, run size=00000465 bytes, compression=zero_init
	.vtable: load addr=00007bd0, load size=00000008 bytes, run addr=20000000, run size=0000026c bytes, compression=zero_init


LINKER GENERATED HANDLER TABLE

__TI_handler_table @ 00007bb8 records: 3, size/record: 4, table size: 12
	index: 0, handler: __TI_zero_init
	index: 1, handler: __TI_decompress_rle24
	index: 2, handler: __TI_decompress_none


GLOBAL SYMBOLS: SORTED ALPHABETICALLY BY Name 

address    name
--------   ----
00007065   C$$EXIT
000074fd   FPUEnable
0000750d   FPULazyStackingEnable
000072ad   GPIODirModeSet
000075cd   GPIOIntClear
00007589   GPIOIntEnable
00007371   GPIOIntRegister
0000756d   GPIOIntStatus
00006dc9   GPIOIntTypeSet
00006589   GPIOPadConfigSet
00006eb9   GPIOPinConfigure
000075d3   GPIOPinRead
000074b5   GPIOPinTypeGPIOInput
00007389   GPIOPinTypeGPIOOutput
000074c7   GPIOPinTypeUART
000075d9   GPIOPinWrite
00006f01   HibernateClockConfig
000072d9   HibernateDataSet
00007401   HibernateEnableExpClk
00007415   HibernateIntClear
000073a1   HibernateIntStatus
0000751d   HibernateIsActive
00007429   HibernateRTCEnable
00007595   HibernateRTCGet
0000752d   HibernateRTCMatchSet
00007281   HibernateRTCSet
0000743d   HibernateRequest
00006b29   HibernateWakeSet
00006bf1   IntDisable
00006c51   IntEnable
00006b8d   IntIsEnabled
000071e9   IntRegister
00005149   PortKIntHandler
000075ad   ResetISR
UNDEFED    SHT$$INIT_ARRAY$$Base
UNDEFED    SHT$$INIT_ARRAY$$Limit
00005ead   SysCtlClockFreqSet
0000721d   SysCtlPeripheralEnable
00007451   SysTickEnable
00005717   SysTickHandler
00007465   SysTickIntEnable
0000753d   SysTickPeriodSet
000075b9   UARTCharGet
000075c3   UARTCharPut
000075a1   UARTCharsAvail
0000712f   UARTConfigSetExpClk
00007301   UARTDisable
00007479   UARTEnable
000074eb   _Dclass
000070a9   _Dtest
2000226c   __STACK_END
00002000   __STACK_SIZE
2000046c   __STACK_TOP
00002000   __SYSMEM_SIZE
00007bd8   __TI_CINIT_Base
00007bf0   __TI_CINIT_Limit
00007bb8   __TI_Handler_Table_Base
00007bc4   __TI_Handler_Table_Limit
00000001   __TI_args_main
00006911   __TI_auto_init
200046fc   __TI_cleanup_ptr
0000757b   __TI_decompress_none
000075df   __TI_decompress_rle24
20004700   __TI_dtors_ptr
000037e3   __TI_printfi
00000000   __TI_static_base__
000074d9   __TI_zero_init
000069a5   __aeabi_cdcmpeq
000069a5   __aeabi_cdcmple
00006a2b   __aeabi_cdrcmple
00006e6d   __aeabi_d2f
00006fd9   __aeabi_d2iz
000062a7   __aeabi_dadd
00006453   __aeabi_ddiv
000066b9   __aeabi_dmul
0000629d   __aeabi_dsub
000071b1   __aeabi_f2d
00007251   __aeabi_i2d
000073d1   __aeabi_lmul
00006ab1   __aeabi_memclr
00006ab1   __aeabi_memclr4
00006ab1   __aeabi_memclr8
00006875   __aeabi_memcpy
00006875   __aeabi_memcpy4
00006875   __aeabi_memcpy8
00006ab3   __aeabi_memset
00006ab3   __aeabi_memset4
00006ab3   __aeabi_memset8
000070ed   __aeabi_uidivmod
000060a9   __aeabi_uldivmod
ffffffff   __binit__
ffffffff   __c_args__
2000026c   __stack
000073b9   _args_main
00006f91   _c_int00
00007704   _ctypes_
200046f4   _lock
0000749b   _nop
00007493   _register_lock
0000748d   _register_unlock
20002270   _sys_memory
200046f8   _unlock
00007069   abort
00006e21   atoi
ffffffff   binit
00005e75   calloc
0000571f   chipDetect
000004a9   clust2sect
00005675   convertCoordinate
00007021   copy_in
00004b8d   disk_initialize
00004eed   disk_ioctl
00004d4b   disk_read
00004d31   disk_status
000050ef   disk_timerproc
00004dfb   disk_write
00007071   exit
000029c1   f_chmod
00002089   f_close
00002483   f_getfree
000020a9   f_lseek
000027db   f_mkdir
00001827   f_mount
0000187d   f_open
000022f7   f_opendir
00001a91   f_read
000023a7   f_readdir
00002ad5   f_rename
00002433   f_stat
00001f89   f_sync
000025e5   f_truncate
000026d9   f_unlink
00002a51   f_utime
00001ce5   f_write
000067b5   floor
00005bcf   free
20000000   g_pfnRAMVectors
00000000   g_pfnVectors
200046cc   g_ui32SysClock
000004d9   get_fat
00005133   get_fattime
00005771   gpsData
200046e4   logComplete
000054e1   logToSD
000051ab   lowPowerMode
200046e0   lowPowerOn
00006d6f   ltoa
000051e5   main
20004704   main_func_sp
00005b6d   malloc
00005d95   memalign
00007339   memccpy
00006875   memcpy
00006ab9   memset
00005ae1   minit
000053fb   printFloatToTerminal
000053a3   printStringToTerminal
000005fd   put_fat
00005c8f   realloc
00006cb1   sprintf
000073e9   strcmp
0000755d   strcpy
00007355   strdup
000074a1   strlen
00003fd1   ulocaltime
000041cf   umktime
200046dc   updateCounter
200046d8   updateRate
00004749   urand
00003fa1   usnprintf
00003f6f   usprintf
00004739   usrand
000046b1   ustrcasecmp
00004725   ustrcmp
000045b5   ustrlen
0000460d   ustrncasecmp
000046c5   ustrncmp
00003aed   ustrncpy
000045d7   ustrstr
0000437d   ustrtof
00004245   ustrtoul
00003b45   uvsnprintf


GLOBAL SYMBOLS: SORTED BY Symbol Address 

address    name
--------   ----
00000000   __TI_static_base__
00000000   g_pfnVectors
00000001   __TI_args_main
000004a9   clust2sect
000004d9   get_fat
000005fd   put_fat
00001827   f_mount
0000187d   f_open
00001a91   f_read
00001ce5   f_write
00001f89   f_sync
00002000   __STACK_SIZE
00002000   __SYSMEM_SIZE
00002089   f_close
000020a9   f_lseek
000022f7   f_opendir
000023a7   f_readdir
00002433   f_stat
00002483   f_getfree
000025e5   f_truncate
000026d9   f_unlink
000027db   f_mkdir
000029c1   f_chmod
00002a51   f_utime
00002ad5   f_rename
000037e3   __TI_printfi
00003aed   ustrncpy
00003b45   uvsnprintf
00003f6f   usprintf
00003fa1   usnprintf
00003fd1   ulocaltime
000041cf   umktime
00004245   ustrtoul
0000437d   ustrtof
000045b5   ustrlen
000045d7   ustrstr
0000460d   ustrncasecmp
000046b1   ustrcasecmp
000046c5   ustrncmp
00004725   ustrcmp
00004739   usrand
00004749   urand
00004b8d   disk_initialize
00004d31   disk_status
00004d4b   disk_read
00004dfb   disk_write
00004eed   disk_ioctl
000050ef   disk_timerproc
00005133   get_fattime
00005149   PortKIntHandler
000051ab   lowPowerMode
000051e5   main
000053a3   printStringToTerminal
000053fb   printFloatToTerminal
000054e1   logToSD
00005675   convertCoordinate
00005717   SysTickHandler
0000571f   chipDetect
00005771   gpsData
00005ae1   minit
00005b6d   malloc
00005bcf   free
00005c8f   realloc
00005d95   memalign
00005e75   calloc
00005ead   SysCtlClockFreqSet
000060a9   __aeabi_uldivmod
0000629d   __aeabi_dsub
000062a7   __aeabi_dadd
00006453   __aeabi_ddiv
00006589   GPIOPadConfigSet
000066b9   __aeabi_dmul
000067b5   floor
00006875   __aeabi_memcpy
00006875   __aeabi_memcpy4
00006875   __aeabi_memcpy8
00006875   memcpy
00006911   __TI_auto_init
000069a5   __aeabi_cdcmpeq
000069a5   __aeabi_cdcmple
00006a2b   __aeabi_cdrcmple
00006ab1   __aeabi_memclr
00006ab1   __aeabi_memclr4
00006ab1   __aeabi_memclr8
00006ab3   __aeabi_memset
00006ab3   __aeabi_memset4
00006ab3   __aeabi_memset8
00006ab9   memset
00006b29   HibernateWakeSet
00006b8d   IntIsEnabled
00006bf1   IntDisable
00006c51   IntEnable
00006cb1   sprintf
00006d6f   ltoa
00006dc9   GPIOIntTypeSet
00006e21   atoi
00006e6d   __aeabi_d2f
00006eb9   GPIOPinConfigure
00006f01   HibernateClockConfig
00006f91   _c_int00
00006fd9   __aeabi_d2iz
00007021   copy_in
00007065   C$$EXIT
00007069   abort
00007071   exit
000070a9   _Dtest
000070ed   __aeabi_uidivmod
0000712f   UARTConfigSetExpClk
000071b1   __aeabi_f2d
000071e9   IntRegister
0000721d   SysCtlPeripheralEnable
00007251   __aeabi_i2d
00007281   HibernateRTCSet
000072ad   GPIODirModeSet
000072d9   HibernateDataSet
00007301   UARTDisable
00007339   memccpy
00007355   strdup
00007371   GPIOIntRegister
00007389   GPIOPinTypeGPIOOutput
000073a1   HibernateIntStatus
000073b9   _args_main
000073d1   __aeabi_lmul
000073e9   strcmp
00007401   HibernateEnableExpClk
00007415   HibernateIntClear
00007429   HibernateRTCEnable
0000743d   HibernateRequest
00007451   SysTickEnable
00007465   SysTickIntEnable
00007479   UARTEnable
0000748d   _register_unlock
00007493   _register_lock
0000749b   _nop
000074a1   strlen
000074b5   GPIOPinTypeGPIOInput
000074c7   GPIOPinTypeUART
000074d9   __TI_zero_init
000074eb   _Dclass
000074fd   FPUEnable
0000750d   FPULazyStackingEnable
0000751d   HibernateIsActive
0000752d   HibernateRTCMatchSet
0000753d   SysTickPeriodSet
0000755d   strcpy
0000756d   GPIOIntStatus
0000757b   __TI_decompress_none
00007589   GPIOIntEnable
00007595   HibernateRTCGet
000075a1   UARTCharsAvail
000075ad   ResetISR
000075b9   UARTCharGet
000075c3   UARTCharPut
000075cd   GPIOIntClear
000075d3   GPIOPinRead
000075d9   GPIOPinWrite
000075df   __TI_decompress_rle24
00007704   _ctypes_
00007bb8   __TI_Handler_Table_Base
00007bc4   __TI_Handler_Table_Limit
00007bd8   __TI_CINIT_Base
00007bf0   __TI_CINIT_Limit
20000000   g_pfnRAMVectors
2000026c   __stack
2000046c   __STACK_TOP
2000226c   __STACK_END
20002270   _sys_memory
200046cc   g_ui32SysClock
200046d8   updateRate
200046dc   updateCounter
200046e0   lowPowerOn
200046e4   logComplete
200046f4   _lock
200046f8   _unlock
200046fc   __TI_cleanup_ptr
20004700   __TI_dtors_ptr
20004704   main_func_sp
ffffffff   __binit__
ffffffff   __c_args__
ffffffff   binit
UNDEFED    SHT$$INIT_ARRAY$$Base
UNDEFED    SHT$$INIT_ARRAY$$Limit

[182 symbols]
