******************************************************************************
                  TI ARM Linker Unix v5.1.6                    
******************************************************************************
>> Linked Fri Nov 28 17:43:52 2014

OUTPUT FILE NAME:   <launchpad-gps.out>
ENTRY POINT SYMBOL: "_c_int00"  address: 00006cdd


MEMORY CONFIGURATION

         name            origin    length      used     unused   attr    fill
----------------------  --------  ---------  --------  --------  ----  --------
  FLASH                 00000000   00100000  0000783c  000f87c4  R  X
  SRAM                  20000000   00040000  000026ff  0003d901  RW X


SEGMENT ALLOCATION MAP

run origin  load origin   length   init length attrs members
----------  ----------- ---------- ----------- ----- -------
00000000    00000000    00007840   00007840    r-x
  00000000    00000000    00000208   00000208    r-- .intvecs
  00000208    00000208    0000702c   0000702c    r-x .text
  00007234    00007234    000005a8   000005a8    r-- .const
  000077e0    000077e0    00000060   00000060    r-- .cinit
20000000    20000000    00002706   00000000    rw-
  20000000    20000000    0000026c   00000000    rw- .vtable
  2000026c    2000026c    00001000   00000000    rw- .stack
  20001270    20001270    00001000   00000000    rw- .sysmem
  20002270    20002270    00000465   00000000    rw- .bss
  200026d8    200026d8    0000002e   00000000    rw- .data


SECTION ALLOCATION MAP

 output                                  attributes/
section   page    origin      length       input sections
--------  ----  ----------  ----------   ----------------
.intvecs   0    00000000    00000208     
                  00000000    00000208     tm4c1294ncpdt_startup_ccs.obj (.intvecs)

.init_array 
*          0    00000000    00000000     UNINITIALIZED

.text      0    00000208    0000702c     
                  00000208    00002a24     ff.obj (.text)
                  00002c2c    00000ec0     rtsv7M4_T_le_v4SPD16_eabi.lib : _printfi.obj (.text)
                  00003aec    00000c84     ustdlib.obj (.text)
                  00004770    000009d8     mmc-ek-tm4c1294xl.obj (.text)
                  00005148    00000854     main.obj (.text)
                  0000599c    000003cc     rtsv7M4_T_le_v4SPD16_eabi.lib : memory.obj (.text)
                  00005d68    000001fc     driverlib.lib : sysctl.obj (.text:SysCtlClockFreqSet)
                  00005f64    000001f4     rtsv7M4_T_le_v4SPD16_eabi.lib : ull_div_t2.obj (.text)
                  00006158    000001b6                                   : fd_add_t2.obj (.text)
                  0000630e    00000136                                   : fd_div_t2.obj (.text)
                  00006444    00000130     driverlib.lib : gpio.obj (.text:GPIOPadConfigSet)
                  00006574    000000fc     rtsv7M4_T_le_v4SPD16_eabi.lib : fd_mul_t2.obj (.text)
                  00006670    000000c0                                   : floor.obj (.text)
                  00006730    0000009c                                   : memcpy_t2.obj (.text)
                  000067cc    00000094                                   : auto_init.obj (.text)
                  00006860    00000086                                   : fd_cmp_t2.obj (.text:__aeabi_cdcmple)
                  000068e6    00000086                                   : fd_cmp_t2.obj (.text:__aeabi_cdrcmple)
                  0000696c    00000078                                   : memset_t2.obj (.text)
                  000069e4    00000060     driverlib.lib : interrupt.obj (.text:IntEnable)
                  00006a44    00000060     rtsv7M4_T_le_v4SPD16_eabi.lib : sprintf.obj (.text)
                  00006aa4    0000005e                                   : copy_decompress_rle.obj (.text)
                  00006b02    0000005a                                   : ltoa.obj (.text)
                  00006b5c    00000056     driverlib.lib : gpio.obj (.text:GPIOIntTypeSet)
                  00006bb2    00000002     --HOLE-- [fill = 0]
                  00006bb4    0000004c     rtsv7M4_T_le_v4SPD16_eabi.lib : atoi.obj (.text)
                  00006c00    0000004a                                   : fd_tos_t2.obj (.text)
                  00006c4a    00000002     --HOLE-- [fill = 0]
                  00006c4c    00000048     driverlib.lib : gpio.obj (.text:GPIOPinConfigure)
                  00006c94    00000048                   : sysctl.obj (.text:_SysCtlFrequencyGet)
                  00006cdc    00000048     rtsv7M4_T_le_v4SPD16_eabi.lib : boot.obj (.text)
                  00006d24    00000048                                   : fd_toi_t2.obj (.text)
                  00006d6c    00000044                                   : cpy_tbl.obj (.text)
                  00006db0    00000044                                   : exit.obj (.text)
                  00006df4    00000044                                   : xdtest.obj (.text)
                  00006e38    00000042                                   : u_divt2.obj (.text)
                  00006e7a    00000040     driverlib.lib : uart.obj (.text:UARTConfigSetExpClk)
                  00006eba    00000002     --HOLE-- [fill = 0]
                  00006ebc    00000040                   : gpio.obj (.text:_GPIOIntNumberGet)
                  00006efc    00000038     rtsv7M4_T_le_v4SPD16_eabi.lib : fs_tod_t2.obj (.text)
                  00006f34    00000034     driverlib.lib : interrupt.obj (.text:IntRegister)
                  00006f68    00000034                   : sysctl.obj (.text:SysCtlPeripheralEnable)
                  00006f9c    0000002e     rtsv7M4_T_le_v4SPD16_eabi.lib : i_tofd_t2.obj (.text)
                  00006fca    0000002a     driverlib.lib : gpio.obj (.text:GPIODirModeSet)
                  00006ff4    0000001c                   : uart.obj (.text:UARTDisable)
                  00007010    0000001c                   : sysctl.obj (.text:_SysCtlMemTimingGet)
                  0000702c    0000001c     rtsv7M4_T_le_v4SPD16_eabi.lib : memccpy.obj (.text)
                  00007048    0000001c                                   : strdup.obj (.text)
                  00007064    00000018     driverlib.lib : gpio.obj (.text:GPIOIntRegister)
                  0000707c    00000018                   : gpio.obj (.text:GPIOPinTypeGPIOOutput)
                  00007094    00000018     rtsv7M4_T_le_v4SPD16_eabi.lib : args_main.obj (.text)
                  000070ac    00000018                                   : ll_mul_t2.obj (.text)
                  000070c4    00000018                                   : strcmp.obj (.text)
                  000070dc    00000014     driverlib.lib : systick.obj (.text:SysTickEnable)
                  000070f0    00000014                   : systick.obj (.text:SysTickIntEnable)
                  00007104    00000014                   : uart.obj (.text:UARTEnable)
                  00007118    00000014     rtsv7M4_T_le_v4SPD16_eabi.lib : _lock.obj (.text)
                  0000712c    00000014                                   : strlen.obj (.text)
                  00007140    00000012     driverlib.lib : gpio.obj (.text:GPIOPinTypeGPIOInput)
                  00007152    00000012                   : gpio.obj (.text:GPIOPinTypeUART)
                  00007164    00000012     rtsv7M4_T_le_v4SPD16_eabi.lib : copy_zero_init.obj (.text:decompress:ZI)
                  00007176    00000012                                   : xdclass.obj (.text)
                  00007188    00000010     driverlib.lib : fpu.obj (.text:FPUEnable)
                  00007198    00000010                   : fpu.obj (.text:FPULazyStackingEnable)
                  000071a8    00000010                   : systick.obj (.text:SysTickPeriodSet)
                  000071b8    00000010     rtsv7M4_T_le_v4SPD16_eabi.lib : strcpy.obj (.text)
                  000071c8    0000000e     driverlib.lib : gpio.obj (.text:GPIOIntStatus)
                  000071d6    0000000e     rtsv7M4_T_le_v4SPD16_eabi.lib : copy_decompress_none.obj (.text:decompress:none)
                  000071e4    0000000c     driverlib.lib : gpio.obj (.text:GPIOIntEnable)
                  000071f0    0000000c                   : uart.obj (.text:UARTCharsAvail)
                  000071fc    0000000c     tm4c1294ncpdt_startup_ccs.obj (.text)
                  00007208    0000000a     driverlib.lib : uart.obj (.text:UARTCharGet)
                  00007212    0000000a                   : uart.obj (.text:UARTCharPut)
                  0000721c    00000006                   : gpio.obj (.text:GPIOIntClear)
                  00007222    00000006                   : gpio.obj (.text:GPIOPinRead)
                  00007228    00000006                   : gpio.obj (.text:GPIOPinWrite)
                  0000722e    00000006     rtsv7M4_T_le_v4SPD16_eabi.lib : copy_decompress_rle.obj (.text:decompress:rle24)

.const     0    00007234    000005a8     
                  00007234    00000120     driverlib.lib : sysctl.obj (.const:g_pppui32XTALtoVCO)
                  00007354    00000102     rtsv7M4_T_le_v4SPD16_eabi.lib : ctype.obj (.const:.string:_ctypes_)
                  00007456    00000002     --HOLE-- [fill = 0]
                  00007458    000000c0     driverlib.lib : gpio.obj (.const:g_ppui32GPIOIntMapBlizzard)
                  00007518    000000c0                   : gpio.obj (.const:g_ppui32GPIOIntMapSnowflake)
                  000075d8    00000090                   : gpio.obj (.const:g_pui32GPIOBaseAddrs)
                  00007668    00000070                   : interrupt.obj (.const)
                  000076d8    0000006c                   : sysctl.obj (.const:g_pui32Xtals)
                  00007744    00000030     ustdlib.obj (.const:g_psDaysToMonth)
                  00007774    00000030     driverlib.lib : sysctl.obj (.const:g_sXTALtoMEMTIM)
                  000077a4    0000001c     ustdlib.obj (.const)
                  000077c0    00000012     ustdlib.obj (.const:.string)
                  000077d2    00000002     --HOLE-- [fill = 0]
                  000077d4    00000008     driverlib.lib : sysctl.obj (.const)

.cinit     0    000077e0    00000060     
                  000077e0    00000025     (.cinit..data.load) [load image, compression = rle]
                  00007805    00000003     --HOLE-- [fill = 0]
                  00007808    0000000c     (__TI_handler_table)
                  00007814    00000004     --HOLE-- [fill = 0]
                  00007818    00000008     (.cinit..bss.load) [load image, compression = zero_init]
                  00007820    00000008     (.cinit..vtable.load) [load image, compression = zero_init]
                  00007828    00000018     (__TI_cinit_table)

.vtable    0    20000000    0000026c     UNINITIALIZED
                  20000000    0000026c     driverlib.lib : interrupt.obj (.vtable)

.stack     0    2000026c    00001000     UNINITIALIZED
                  2000026c    00001000     --HOLE--

.sysmem    0    20001270    00001000     UNINITIALIZED
                  20001270    00000008     rtsv7M4_T_le_v4SPD16_eabi.lib : memory.obj (.sysmem)
                  20001278    00000ff8     --HOLE--

.bss       0    20002270    00000465     UNINITIALIZED
                  20002270    00000234     main.obj (.bss:g_sFatFs)
                  200024a4    00000224     main.obj (.bss:g_sFileObject)
                  200026c8    00000004     (.common:FatFs)
                  200026cc    00000004     (.common:g_ui32SysClock)
                  200026d0    00000002     (.common:Fsid)
                  200026d2    00000001     (.common:CardType)
                  200026d3    00000001     (.common:Timer1)
                  200026d4    00000001     (.common:Timer2)

.data      0    200026d8    0000002e     UNINITIALIZED
                  200026d8    0000000c     rtsv7M4_T_le_v4SPD16_eabi.lib : memory.obj (.data)
                  200026e4    00000008     main.obj (.data)
                  200026ec    00000008     rtsv7M4_T_le_v4SPD16_eabi.lib : _lock.obj (.data)
                  200026f4    00000008                                   : exit.obj (.data)
                  200026fc    00000004                                   : stkdepth_vars.obj (.data)
                  20002700    00000004     ustdlib.obj (.data)
                  20002704    00000002     mmc-ek-tm4c1294xl.obj (.data)


LINKER GENERATED COPY TABLES

__TI_cinit_table @ 00007828 records: 3, size/record: 8, table size: 24
	.data: load addr=000077e0, load size=00000025 bytes, run addr=200026d8, run size=0000002e bytes, compression=rle
	.bss: load addr=00007818, load size=00000008 bytes, run addr=20002270, run size=00000465 bytes, compression=zero_init
	.vtable: load addr=00007820, load size=00000008 bytes, run addr=20000000, run size=0000026c bytes, compression=zero_init


LINKER GENERATED HANDLER TABLE

__TI_handler_table @ 00007808 records: 3, size/record: 4, table size: 12
	index: 0, handler: __TI_zero_init
	index: 1, handler: __TI_decompress_rle24
	index: 2, handler: __TI_decompress_none


GLOBAL SYMBOLS: SORTED ALPHABETICALLY BY Name 

address    name
--------   ----
00006db1   C$$EXIT
00007189   FPUEnable
00007199   FPULazyStackingEnable
00006fcb   GPIODirModeSet
0000721d   GPIOIntClear
000071e5   GPIOIntEnable
00007065   GPIOIntRegister
000071c9   GPIOIntStatus
00006b5d   GPIOIntTypeSet
00006445   GPIOPadConfigSet
00006c4d   GPIOPinConfigure
00007223   GPIOPinRead
00007141   GPIOPinTypeGPIOInput
0000707d   GPIOPinTypeGPIOOutput
00007153   GPIOPinTypeUART
00007229   GPIOPinWrite
000069e5   IntEnable
00006f35   IntRegister
00005149   PortKIntHandler
000071fd   ResetISR
UNDEFED    SHT$$INIT_ARRAY$$Base
UNDEFED    SHT$$INIT_ARRAY$$Limit
00005d69   SysCtlClockFreqSet
00006f69   SysCtlPeripheralEnable
000070dd   SysTickEnable
00005603   SysTickHandler
000070f1   SysTickIntEnable
000071a9   SysTickPeriodSet
00007209   UARTCharGet
00007213   UARTCharPut
000071f1   UARTCharsAvail
00006e7b   UARTConfigSetExpClk
00006ff5   UARTDisable
00007105   UARTEnable
00007177   _Dclass
00006df5   _Dtest
2000126c   __STACK_END
00001000   __STACK_SIZE
2000046c   __STACK_TOP
00001000   __SYSMEM_SIZE
00007828   __TI_CINIT_Base
00007840   __TI_CINIT_Limit
00007808   __TI_Handler_Table_Base
00007814   __TI_Handler_Table_Limit
00000001   __TI_args_main
000067cd   __TI_auto_init
200026f4   __TI_cleanup_ptr
000071d7   __TI_decompress_none
0000722f   __TI_decompress_rle24
200026f8   __TI_dtors_ptr
000037e3   __TI_printfi
00000000   __TI_static_base__
00007165   __TI_zero_init
00006861   __aeabi_cdcmpeq
00006861   __aeabi_cdcmple
000068e7   __aeabi_cdrcmple
00006c01   __aeabi_d2f
00006d25   __aeabi_d2iz
00006163   __aeabi_dadd
0000630f   __aeabi_ddiv
00006575   __aeabi_dmul
00006159   __aeabi_dsub
00006efd   __aeabi_f2d
00006f9d   __aeabi_i2d
000070ad   __aeabi_lmul
0000696d   __aeabi_memclr
0000696d   __aeabi_memclr4
0000696d   __aeabi_memclr8
00006731   __aeabi_memcpy
00006731   __aeabi_memcpy4
00006731   __aeabi_memcpy8
0000696f   __aeabi_memset
0000696f   __aeabi_memset4
0000696f   __aeabi_memset8
00006e39   __aeabi_uidivmod
00005f65   __aeabi_uldivmod
ffffffff   __binit__
ffffffff   __c_args__
2000026c   __stack
00007095   _args_main
00006cdd   _c_int00
00007354   _ctypes_
200026ec   _lock
00007127   _nop
0000711f   _register_lock
00007119   _register_unlock
20001270   _sys_memory
200026f0   _unlock
00006db5   abort
00006bb5   atoi
ffffffff   binit
00005d31   calloc
0000560b   chipDetect
000004a9   clust2sect
00005561   convertCoordinate
00006d6d   copy_in
00004b8d   disk_initialize
00004eed   disk_ioctl
00004d4b   disk_read
00004d31   disk_status
000050ef   disk_timerproc
00004dfb   disk_write
00006dbd   exit
000029c1   f_chmod
00002089   f_close
00002483   f_getfree
000020a9   f_lseek
000027db   f_mkdir
00001827   f_mount
0000187d   f_open
000022f7   f_opendir
00001a91   f_read
000023a7   f_readdir
00002ad5   f_rename
00002433   f_stat
00001f89   f_sync
000025e5   f_truncate
000026d9   f_unlink
00002a51   f_utime
00001ce5   f_write
00006671   floor
00005a8b   free
20000000   g_pfnRAMVectors
00000000   g_pfnVectors
200026cc   g_ui32SysClock
000004d9   get_fat
00005133   get_fattime
0000565d   gpsData
000053ad   logToSD
00006b03   ltoa
00005197   main
200026fc   main_func_sp
00005a29   malloc
00005c51   memalign
0000702d   memccpy
00006731   memcpy
00006975   memset
0000599d   minit
000052f3   printFloatToTerminal
0000529b   printStringToTerminal
000005fd   put_fat
00005b4b   realloc
00006a45   sprintf
000070c5   strcmp
000071b9   strcpy
00007049   strdup
0000712d   strlen
00003fd1   ulocaltime
000041cf   umktime
200026e8   updateCounter
200026e4   updateRate
00004749   urand
00003fa1   usnprintf
00003f6f   usprintf
00004739   usrand
000046b1   ustrcasecmp
00004725   ustrcmp
000045b5   ustrlen
0000460d   ustrncasecmp
000046c5   ustrncmp
00003aed   ustrncpy
000045d7   ustrstr
0000437d   ustrtof
00004245   ustrtoul
00003b45   uvsnprintf


GLOBAL SYMBOLS: SORTED BY Symbol Address 

address    name
--------   ----
00000000   __TI_static_base__
00000000   g_pfnVectors
00000001   __TI_args_main
000004a9   clust2sect
000004d9   get_fat
000005fd   put_fat
00001000   __STACK_SIZE
00001000   __SYSMEM_SIZE
00001827   f_mount
0000187d   f_open
00001a91   f_read
00001ce5   f_write
00001f89   f_sync
00002089   f_close
000020a9   f_lseek
000022f7   f_opendir
000023a7   f_readdir
00002433   f_stat
00002483   f_getfree
000025e5   f_truncate
000026d9   f_unlink
000027db   f_mkdir
000029c1   f_chmod
00002a51   f_utime
00002ad5   f_rename
000037e3   __TI_printfi
00003aed   ustrncpy
00003b45   uvsnprintf
00003f6f   usprintf
00003fa1   usnprintf
00003fd1   ulocaltime
000041cf   umktime
00004245   ustrtoul
0000437d   ustrtof
000045b5   ustrlen
000045d7   ustrstr
0000460d   ustrncasecmp
000046b1   ustrcasecmp
000046c5   ustrncmp
00004725   ustrcmp
00004739   usrand
00004749   urand
00004b8d   disk_initialize
00004d31   disk_status
00004d4b   disk_read
00004dfb   disk_write
00004eed   disk_ioctl
000050ef   disk_timerproc
00005133   get_fattime
00005149   PortKIntHandler
00005197   main
0000529b   printStringToTerminal
000052f3   printFloatToTerminal
000053ad   logToSD
00005561   convertCoordinate
00005603   SysTickHandler
0000560b   chipDetect
0000565d   gpsData
0000599d   minit
00005a29   malloc
00005a8b   free
00005b4b   realloc
00005c51   memalign
00005d31   calloc
00005d69   SysCtlClockFreqSet
00005f65   __aeabi_uldivmod
00006159   __aeabi_dsub
00006163   __aeabi_dadd
0000630f   __aeabi_ddiv
00006445   GPIOPadConfigSet
00006575   __aeabi_dmul
00006671   floor
00006731   __aeabi_memcpy
00006731   __aeabi_memcpy4
00006731   __aeabi_memcpy8
00006731   memcpy
000067cd   __TI_auto_init
00006861   __aeabi_cdcmpeq
00006861   __aeabi_cdcmple
000068e7   __aeabi_cdrcmple
0000696d   __aeabi_memclr
0000696d   __aeabi_memclr4
0000696d   __aeabi_memclr8
0000696f   __aeabi_memset
0000696f   __aeabi_memset4
0000696f   __aeabi_memset8
00006975   memset
000069e5   IntEnable
00006a45   sprintf
00006b03   ltoa
00006b5d   GPIOIntTypeSet
00006bb5   atoi
00006c01   __aeabi_d2f
00006c4d   GPIOPinConfigure
00006cdd   _c_int00
00006d25   __aeabi_d2iz
00006d6d   copy_in
00006db1   C$$EXIT
00006db5   abort
00006dbd   exit
00006df5   _Dtest
00006e39   __aeabi_uidivmod
00006e7b   UARTConfigSetExpClk
00006efd   __aeabi_f2d
00006f35   IntRegister
00006f69   SysCtlPeripheralEnable
00006f9d   __aeabi_i2d
00006fcb   GPIODirModeSet
00006ff5   UARTDisable
0000702d   memccpy
00007049   strdup
00007065   GPIOIntRegister
0000707d   GPIOPinTypeGPIOOutput
00007095   _args_main
000070ad   __aeabi_lmul
000070c5   strcmp
000070dd   SysTickEnable
000070f1   SysTickIntEnable
00007105   UARTEnable
00007119   _register_unlock
0000711f   _register_lock
00007127   _nop
0000712d   strlen
00007141   GPIOPinTypeGPIOInput
00007153   GPIOPinTypeUART
00007165   __TI_zero_init
00007177   _Dclass
00007189   FPUEnable
00007199   FPULazyStackingEnable
000071a9   SysTickPeriodSet
000071b9   strcpy
000071c9   GPIOIntStatus
000071d7   __TI_decompress_none
000071e5   GPIOIntEnable
000071f1   UARTCharsAvail
000071fd   ResetISR
00007209   UARTCharGet
00007213   UARTCharPut
0000721d   GPIOIntClear
00007223   GPIOPinRead
00007229   GPIOPinWrite
0000722f   __TI_decompress_rle24
00007354   _ctypes_
00007808   __TI_Handler_Table_Base
00007814   __TI_Handler_Table_Limit
00007828   __TI_CINIT_Base
00007840   __TI_CINIT_Limit
20000000   g_pfnRAMVectors
2000026c   __stack
2000046c   __STACK_TOP
2000126c   __STACK_END
20001270   _sys_memory
200026cc   g_ui32SysClock
200026e4   updateRate
200026e8   updateCounter
200026ec   _lock
200026f0   _unlock
200026f4   __TI_cleanup_ptr
200026f8   __TI_dtors_ptr
200026fc   main_func_sp
ffffffff   __binit__
ffffffff   __c_args__
ffffffff   binit
UNDEFED    SHT$$INIT_ARRAY$$Base
UNDEFED    SHT$$INIT_ARRAY$$Limit

[165 symbols]
