******************************************************************************
                  TI ARM Linker Unix v5.1.6                    
******************************************************************************
>> Linked Mon Nov 10 02:52:57 2014

OUTPUT FILE NAME:   <launchpad-gps.out>
ENTRY POINT SYMBOL: "_c_int00"  address: 00000959


MEMORY CONFIGURATION

         name            origin    length      used     unused   attr    fill
----------------------  --------  ---------  --------  --------  ----  --------
  FLASH                 00000000   00100000  00000e5c  000ff1a4  R  X
  SRAM                  20000000   00040000  00001018  0003efe8  RW X


SEGMENT ALLOCATION MAP

run origin  load origin   length   init length attrs members
----------  ----------- ---------- ----------- ----- -------
00000000    00000000    00000e60   00000e60    r-x
  00000000    00000000    00000208   00000208    r-- .intvecs
  00000208    00000208    000009c8   000009c8    r-x .text
  00000bd0    00000bd0    00000254   00000254    r-- .const
  00000e28    00000e28    00000038   00000038    r-- .cinit
20000000    20000000    00001018   00000000    rw-
  20000000    20000000    00001000   00000000    rw- .stack
  20001000    20001000    00000014   00000000    rw- .data
  20001014    20001014    00000004   00000000    rw- .bss


SECTION ALLOCATION MAP

 output                                  attributes/
section   page    origin      length       input sections
--------  ----  ----------  ----------   ----------------
.intvecs   0    00000000    00000208     
                  00000000    00000208     tm4c1294ncpdt_startup_ccs.obj (.intvecs)

.init_array 
*          0    00000000    00000000     UNINITIALIZED

.text      0    00000208    000009c8     
                  00000208    000001fc     driverlib.lib : sysctl.obj (.text:SysCtlClockFreqSet)
                  00000404    0000018c     main.obj (.text)
                  00000590    00000130     driverlib.lib : gpio.obj (.text:GPIOPadConfigSet)
                  000006c0    0000009c     rtsv7M4_T_le_v4SPD16_eabi.lib : memcpy_t2.obj (.text)
                  0000075c    00000094                                   : auto_init.obj (.text)
                  000007f0    00000078                                   : memset_t2.obj (.text)
                  00000868    0000005e                                   : copy_decompress_rle.obj (.text)
                  000008c6    00000002     --HOLE-- [fill = 0]
                  000008c8    00000048     driverlib.lib : gpio.obj (.text:GPIOPinConfigure)
                  00000910    00000048                   : sysctl.obj (.text:_SysCtlFrequencyGet)
                  00000958    00000048     rtsv7M4_T_le_v4SPD16_eabi.lib : boot.obj (.text)
                  000009a0    00000044                                   : cpy_tbl.obj (.text)
                  000009e4    00000044                                   : exit.obj (.text)
                  00000a28    00000040     driverlib.lib : uart.obj (.text:UARTConfigSetExpClk)
                  00000a68    00000034                   : sysctl.obj (.text:SysCtlPeripheralEnable)
                  00000a9c    0000002a                   : gpio.obj (.text:GPIODirModeSet)
                  00000ac6    00000002     --HOLE-- [fill = 0]
                  00000ac8    0000001c                   : uart.obj (.text:UARTDisable)
                  00000ae4    0000001c                   : sysctl.obj (.text:_SysCtlMemTimingGet)
                  00000b00    00000018                   : gpio.obj (.text:GPIOPinTypeGPIOOutput)
                  00000b18    00000018     rtsv7M4_T_le_v4SPD16_eabi.lib : args_main.obj (.text)
                  00000b30    00000014     driverlib.lib : uart.obj (.text:UARTEnable)
                  00000b44    00000014     rtsv7M4_T_le_v4SPD16_eabi.lib : _lock.obj (.text)
                  00000b58    00000014                                   : strlen.obj (.text)
                  00000b6c    00000012     driverlib.lib : gpio.obj (.text:GPIOPinTypeUART)
                  00000b7e    00000012     rtsv7M4_T_le_v4SPD16_eabi.lib : copy_zero_init.obj (.text:decompress:ZI)
                  00000b90    0000000e                                   : copy_decompress_none.obj (.text:decompress:none)
                  00000b9e    0000000c     driverlib.lib : uart.obj (.text:UARTCharsAvail)
                  00000baa    0000000c     tm4c1294ncpdt_startup_ccs.obj (.text)
                  00000bb6    0000000a     driverlib.lib : uart.obj (.text:UARTCharGet)
                  00000bc0    0000000a                   : uart.obj (.text:UARTCharPut)
                  00000bca    00000006     rtsv7M4_T_le_v4SPD16_eabi.lib : copy_decompress_rle.obj (.text:decompress:rle24)

.const     0    00000bd0    00000254     
                  00000bd0    00000120     driverlib.lib : sysctl.obj (.const:g_pppui32XTALtoVCO)
                  00000cf0    00000090                   : gpio.obj (.const:g_pui32GPIOBaseAddrs)
                  00000d80    0000006c                   : sysctl.obj (.const:g_pui32Xtals)
                  00000dec    00000030                   : sysctl.obj (.const:g_sXTALtoMEMTIM)
                  00000e1c    00000008                   : sysctl.obj (.const)

.cinit     0    00000e28    00000038     
                  00000e28    0000000f     (.cinit..data.load) [load image, compression = rle]
                  00000e37    00000001     --HOLE-- [fill = 0]
                  00000e38    0000000c     (__TI_handler_table)
                  00000e44    00000004     --HOLE-- [fill = 0]
                  00000e48    00000008     (.cinit..bss.load) [load image, compression = zero_init]
                  00000e50    00000010     (__TI_cinit_table)

.stack     0    20000000    00001000     UNINITIALIZED
                  20000000    00001000     --HOLE--

.data      0    20001000    00000014     UNINITIALIZED
                  20001000    00000008     rtsv7M4_T_le_v4SPD16_eabi.lib : _lock.obj (.data)
                  20001008    00000008                                   : exit.obj (.data)
                  20001010    00000004                                   : stkdepth_vars.obj (.data)

.bss       0    20001014    00000004     UNINITIALIZED
                  20001014    00000004     (.common:ui32SysClkFreq)


LINKER GENERATED COPY TABLES

__TI_cinit_table @ 00000e50 records: 2, size/record: 8, table size: 16
	.data: load addr=00000e28, load size=0000000f bytes, run addr=20001000, run size=00000014 bytes, compression=rle
	.bss: load addr=00000e48, load size=00000008 bytes, run addr=20001014, run size=00000004 bytes, compression=zero_init


LINKER GENERATED HANDLER TABLE

__TI_handler_table @ 00000e38 records: 3, size/record: 4, table size: 12
	index: 0, handler: __TI_decompress_rle24
	index: 1, handler: __TI_decompress_none
	index: 2, handler: __TI_zero_init


GLOBAL SYMBOLS: SORTED ALPHABETICALLY BY Name 

address    name
--------   ----
000009e5   C$$EXIT
00000a9d   GPIODirModeSet
00000591   GPIOPadConfigSet
000008c9   GPIOPinConfigure
00000b01   GPIOPinTypeGPIOOutput
00000b6d   GPIOPinTypeUART
00000bab   ResetISR
UNDEFED    SHT$$INIT_ARRAY$$Base
UNDEFED    SHT$$INIT_ARRAY$$Limit
00000209   SysCtlClockFreqSet
00000a69   SysCtlPeripheralEnable
00000bb7   UARTCharGet
00000bc1   UARTCharPut
00000b9f   UARTCharsAvail
00000a29   UARTConfigSetExpClk
00000ac9   UARTDisable
00000b31   UARTEnable
20001000   __STACK_END
00001000   __STACK_SIZE
20000200   __STACK_TOP
00000e50   __TI_CINIT_Base
00000e60   __TI_CINIT_Limit
00000e38   __TI_Handler_Table_Base
00000e44   __TI_Handler_Table_Limit
00000001   __TI_args_main
0000075d   __TI_auto_init
20001008   __TI_cleanup_ptr
00000b91   __TI_decompress_none
00000bcb   __TI_decompress_rle24
2000100c   __TI_dtors_ptr
00000000   __TI_static_base__
00000b7f   __TI_zero_init
000007f1   __aeabi_memclr
000007f1   __aeabi_memclr4
000007f1   __aeabi_memclr8
000006c1   __aeabi_memcpy
000006c1   __aeabi_memcpy4
000006c1   __aeabi_memcpy8
000007f3   __aeabi_memset
000007f3   __aeabi_memset4
000007f3   __aeabi_memset8
ffffffff   __binit__
ffffffff   __c_args__
20000000   __stack
00000b19   _args_main
00000959   _c_int00
20001000   _lock
00000b53   _nop
00000b4b   _register_lock
00000b45   _register_unlock
20001004   _unlock
000009e9   abort
ffffffff   binit
000009a1   copy_in
000009f1   exit
00000000   g_pfnVectors
00000405   main
20001010   main_func_sp
000006c1   memcpy
000007f9   memset
00000b59   strlen
20001014   ui32SysClkFreq


GLOBAL SYMBOLS: SORTED BY Symbol Address 

address    name
--------   ----
00000000   __TI_static_base__
00000000   g_pfnVectors
00000001   __TI_args_main
00000209   SysCtlClockFreqSet
00000405   main
00000591   GPIOPadConfigSet
000006c1   __aeabi_memcpy
000006c1   __aeabi_memcpy4
000006c1   __aeabi_memcpy8
000006c1   memcpy
0000075d   __TI_auto_init
000007f1   __aeabi_memclr
000007f1   __aeabi_memclr4
000007f1   __aeabi_memclr8
000007f3   __aeabi_memset
000007f3   __aeabi_memset4
000007f3   __aeabi_memset8
000007f9   memset
000008c9   GPIOPinConfigure
00000959   _c_int00
000009a1   copy_in
000009e5   C$$EXIT
000009e9   abort
000009f1   exit
00000a29   UARTConfigSetExpClk
00000a69   SysCtlPeripheralEnable
00000a9d   GPIODirModeSet
00000ac9   UARTDisable
00000b01   GPIOPinTypeGPIOOutput
00000b19   _args_main
00000b31   UARTEnable
00000b45   _register_unlock
00000b4b   _register_lock
00000b53   _nop
00000b59   strlen
00000b6d   GPIOPinTypeUART
00000b7f   __TI_zero_init
00000b91   __TI_decompress_none
00000b9f   UARTCharsAvail
00000bab   ResetISR
00000bb7   UARTCharGet
00000bc1   UARTCharPut
00000bcb   __TI_decompress_rle24
00000e38   __TI_Handler_Table_Base
00000e44   __TI_Handler_Table_Limit
00000e50   __TI_CINIT_Base
00000e60   __TI_CINIT_Limit
00001000   __STACK_SIZE
20000000   __stack
20000200   __STACK_TOP
20001000   __STACK_END
20001000   _lock
20001004   _unlock
20001008   __TI_cleanup_ptr
2000100c   __TI_dtors_ptr
20001010   main_func_sp
20001014   ui32SysClkFreq
ffffffff   __binit__
ffffffff   __c_args__
ffffffff   binit
UNDEFED    SHT$$INIT_ARRAY$$Base
UNDEFED    SHT$$INIT_ARRAY$$Limit

[62 symbols]
